Component: ARM Compiler 5.06 update 7 (build 960) Tool: armlink [4d3601]

==============================================================================

Section Cross References

    startup_stm32g474xx.o(STACK) refers (Special) to heapauxi.o(.text) for __use_two_region_memory
    startup_stm32g474xx.o(HEAP) refers (Special) to heapauxi.o(.text) for __use_two_region_memory
    startup_stm32g474xx.o(RESET) refers (Special) to heapauxi.o(.text) for __use_two_region_memory
    startup_stm32g474xx.o(RESET) refers to startup_stm32g474xx.o(STACK) for __initial_sp
    startup_stm32g474xx.o(RESET) refers to startup_stm32g474xx.o(.text) for Reset_Handler
    startup_stm32g474xx.o(RESET) refers to stm32g4xx_it.o(i.NMI_Handler) for NMI_Handler
    startup_stm32g474xx.o(RESET) refers to stm32g4xx_it.o(i.HardFault_Handler) for HardFault_Handler
    startup_stm32g474xx.o(RESET) refers to stm32g4xx_it.o(i.MemManage_Handler) for MemManage_Handler
    startup_stm32g474xx.o(RESET) refers to stm32g4xx_it.o(i.BusFault_Handler) for BusFault_Handler
    startup_stm32g474xx.o(RESET) refers to stm32g4xx_it.o(i.UsageFault_Handler) for UsageFault_Handler
    startup_stm32g474xx.o(RESET) refers to stm32g4xx_it.o(i.SVC_Handler) for SVC_Handler
    startup_stm32g474xx.o(RESET) refers to stm32g4xx_it.o(i.DebugMon_Handler) for DebugMon_Handler
    startup_stm32g474xx.o(RESET) refers to stm32g4xx_it.o(i.PendSV_Handler) for PendSV_Handler
    startup_stm32g474xx.o(RESET) refers to stm32g4xx_it.o(i.SysTick_Handler) for SysTick_Handler
    startup_stm32g474xx.o(RESET) refers to stm32g4xx_it.o(i.DMA1_Channel1_IRQHandler) for DMA1_Channel1_IRQHandler
    startup_stm32g474xx.o(RESET) refers to stm32g4xx_it.o(i.DMA1_Channel2_IRQHandler) for DMA1_Channel2_IRQHandler
    startup_stm32g474xx.o(RESET) refers to stm32g4xx_it.o(i.TIM2_IRQHandler) for TIM2_IRQHandler
    startup_stm32g474xx.o(RESET) refers to stm32g4xx_it.o(i.TIM3_IRQHandler) for TIM3_IRQHandler
    startup_stm32g474xx.o(RESET) refers to stm32g4xx_it.o(i.USART3_IRQHandler) for USART3_IRQHandler
    startup_stm32g474xx.o(RESET) refers to stm32g4xx_it.o(i.HRTIM1_Master_IRQHandler) for HRTIM1_Master_IRQHandler
    startup_stm32g474xx.o(.text) refers (Special) to heapauxi.o(.text) for __use_two_region_memory
    startup_stm32g474xx.o(.text) refers to system_stm32g4xx.o(i.SystemInit) for SystemInit
    startup_stm32g474xx.o(.text) refers to __main.o(!!!main) for __main
    startup_stm32g474xx.o(.text) refers to startup_stm32g474xx.o(HEAP) for Heap_Mem
    startup_stm32g474xx.o(.text) refers to startup_stm32g474xx.o(STACK) for Stack_Mem
    oled.o(i.Draw_Logo1) refers to oled.o(i.OLED_SetPos) for OLED_SetPos
    oled.o(i.Draw_Logo1) refers to oled.o(i.WriteDat) for WriteDat
    oled.o(i.Draw_Logo1) refers to stm32g4xx_hal.o(i.HAL_Delay) for HAL_Delay
    oled.o(i.Draw_Logo1) refers to oled.o(i.OLED_CLS) for OLED_CLS
    oled.o(i.Draw_Logo1) refers to oled.o(.constdata) for NC_Logo
    oled.o(i.OLEDShowData) refers to oled.o(i.OLED_ShowStr) for OLED_ShowStr
    oled.o(i.OLED_CLS) refers to oled.o(i.OLED_Fill) for OLED_Fill
    oled.o(i.OLED_CLS) refers to stm32g4xx_hal.o(i.HAL_Delay) for HAL_Delay
    oled.o(i.OLED_DrawBMP) refers to oled.o(i.OLED_SetPos) for OLED_SetPos
    oled.o(i.OLED_DrawBMP) refers to oled.o(i.WriteDat) for WriteDat
    oled.o(i.OLED_Fill) refers to oled.o(i.WriteCmd) for WriteCmd
    oled.o(i.OLED_Fill) refers to oled.o(i.WriteDat) for WriteDat
    oled.o(i.OLED_Init) refers to stm32g4xx_hal.o(i.HAL_Delay) for HAL_Delay
    oled.o(i.OLED_Init) refers to oled.o(i.WriteCmd) for WriteCmd
    oled.o(i.OLED_OFF) refers to oled.o(i.WriteCmd) for WriteCmd
    oled.o(i.OLED_ON) refers to oled.o(i.WriteCmd) for WriteCmd
    oled.o(i.OLED_SHOW) refers to oled.o(i.OLEDShowData) for OLEDShowData
    oled.o(i.OLED_SHOW) refers to oled.o(i.OLED_ShowStr) for OLED_ShowStr
    oled.o(i.OLED_SHOW) refers to main.o(.data) for phaseangle
    oled.o(i.OLED_SetPos) refers to oled.o(i.WriteCmd) for WriteCmd
    oled.o(i.OLED_ShowCN) refers to oled.o(i.OLED_SetPos) for OLED_SetPos
    oled.o(i.OLED_ShowCN) refers to oled.o(i.WriteDat) for WriteDat
    oled.o(i.OLED_ShowCN) refers to oled.o(.data) for F16x16
    oled.o(i.OLED_ShowChar) refers to oled.o(i.OLED_SetPos) for OLED_SetPos
    oled.o(i.OLED_ShowChar) refers to oled.o(i.WriteDat) for WriteDat
    oled.o(i.OLED_ShowChar) refers to oled.o(.constdata) for F8X16
    oled.o(i.OLED_ShowNum) refers to oled.o(i.oled_pow) for oled_pow
    oled.o(i.OLED_ShowNum) refers to oled.o(i.OLED_ShowChar) for OLED_ShowChar
    oled.o(i.OLED_ShowStr) refers to oled.o(i.OLED_SetPos) for OLED_SetPos
    oled.o(i.OLED_ShowStr) refers to oled.o(i.WriteDat) for WriteDat
    oled.o(i.OLED_ShowStr) refers to oled.o(.constdata) for F6x8
    oled.o(i.WriteCmd) refers to stm32g4xx_hal_i2c.o(i.HAL_I2C_Mem_Write) for HAL_I2C_Mem_Write
    oled.o(i.WriteCmd) refers to i2c.o(.bss) for hi2c1
[...]
    __initial_sp                             0x20001b10   Data           0  startup_stm32g474xx.o(STACK)

    Global Symbols

    Symbol Name                              Value     Ov Type        Size  Object(Section)

    BuildAttributes$$THM_ISAv4$E$P$D$K$B$S$7EM$VFPi3$EXTD16$VFPS$VFMA$PE$A:L22UL41UL21$X:L11$S22US41US21$IEEE1$IW$USESV6$~STKCKD$USESV7$~SHL$OTIME$ROPI$IEEEX$EBA8$UX$STANDARDLIB$REQ8$PRES8$EABIv2 0x00000000   Number         0  anon$$obj.o ABSOLUTE
    __ARM_use_no_argv                        0x00000000   Number         0  main.o ABSOLUTE
    __ARM_exceptions_init                     - Undefined Weak Reference
    __alloca_initialize                       - Undefined Weak Reference
    __arm_fini_                               - Undefined Weak Reference
    __arm_preinit_                            - Undefined Weak Reference
    __cpp_initialize__aeabi_                  - Undefined Weak Reference
    __cxa_finalize                            - Undefined Weak Reference
    __rt_locale                               - Undefined Weak Reference
    __sigvec_lookup                           - Undefined Weak Reference
    _atexit_init                              - Undefined Weak Reference
    _call_atexit_fns                          - Undefined Weak Reference
    _clock_init                               - Undefined Weak Reference
    _fp_trap_init                             - Undefined Weak Reference
    _fp_trap_shutdown                         - Undefined Weak Reference
    _get_lc_collate                           - Undefined Weak Reference
    _get_lc_ctype                             - Undefined Weak Reference
    _get_lc_monetary                          - Undefined Weak Reference
    _get_lc_numeric                           - Undefined Weak Reference
    _get_lc_time                              - Undefined Weak Reference
    _getenv_init                              - Undefined Weak Reference
    _handle_redirection                       - Undefined Weak Reference
    _init_alloc                               - Undefined Weak Reference
    _init_user_alloc                          - Undefined Weak Reference
    _initio                                   - Undefined Weak Reference
    _rand_init                                - Undefined Weak Reference
    _signal_finish                            - Undefined Weak Reference
    _signal_init                              - Undefined Weak Reference
    _terminate_alloc                          - Undefined Weak Reference
    _terminate_user_alloc                     - Undefined Weak Reference
    _terminateio                              - Undefined Weak Reference
    __Vectors_Size                           0x000001d8   Number         0  startup_stm32g474xx.o ABSOLUTE
    __Vectors                                0x08000000   Data           4  startup_stm32g474xx.o(RESET)
    __Vectors_End                            0x080001d8   Data           0  startup_stm32g474xx.o(RESET)
    __main                                   0x080001d9   Thumb Code     8  __main.o(!!!main)
    __scatterload                            0x080001e1   Thumb Code     0  __scatter.o(!!!scatter)
    __scatterload_rt2                        0x080001e1   Thumb Code    44  __scatter.o(!!!scatter)
    __scatterload_rt2_thumb_only             0x080001e1   Thumb Code     0  __scatter.o(!!!scatter)
    __scatterload_null                       0x080001ef   Thumb Code     0  __scatter.o(!!!scatter)
    __decompress                             0x08000215   Thumb Code   100  __dclz77c.o(!!dclz77c)
    __decompress2                            0x08000215   Thumb Code     0  __dclz77c.o(!!dclz77c)
    __scatterload_zeroinit                   0x08000279   Thumb Code    28  __scatter_zi.o(!!handler_zi)
    __rt_lib_init                            0x08000295   Thumb Code     0  libinit.o(.ARM.Collect$$libinit$$00000000)
    __rt_lib_init_fp_1                       0x08000297   Thumb Code     0  libinit2.o(.ARM.Collect$$libinit$$00000001)
    __rt_lib_init_alloca_1                   0x0800029b   Thumb Code     0  libinit2.o(.ARM.Collect$$libinit$$0000002E)
    __rt_lib_init_argv_1                     0x0800029b   Thumb Code     0  libinit2.o(.ARM.Collect$$libinit$$0000002C)
    __rt_lib_init_atexit_1                   0x0800029b   Thumb Code     0  libinit2.o(.ARM.Collect$$libinit$$0000001B)
    __rt_lib_init_clock_1                    0x0800029b   Thumb Code     0  libinit2.o(.ARM.Collect$$libinit$$00000021)
    __rt_lib_init_cpp_1                      0x0800029b   Thumb Code     0  libinit2.o(.ARM.Collect$$libinit$$00000032)
    __rt_lib_init_exceptions_1               0x0800029b   Thumb Code     0  libinit2.o(.ARM.Collect$$libinit$$00000030)
    __rt_lib_init_fp_trap_1                  0x0800029b   Thumb Code     0  libinit2.o(.ARM.Collect$$libinit$$0000001F)
    __rt_lib_init_getenv_1                   0x0800029b   Thumb Code     0  libinit2.o(.ARM.Collect$$libinit$$00000023)
    __rt_lib_init_heap_1                     0x0800029b   Thumb Code     0  libinit2.o(.ARM.Collect$$libinit$$0000000A)
    __rt_lib_init_lc_collate_1               0x0800029b   Thumb Code     0  libinit2.o(.ARM.Collect$$libinit$$00000011)
    __rt_lib_init_lc_ctype_1                 0x0800029b   Thumb Code     0  libinit2.o(.ARM.Collect$$libinit$$00000013)
    __rt_lib_init_lc_monetary_1              0x0800029b   Thumb Code     0  libinit2.o(.ARM.Collect$$libinit$$00000015)
    __rt_lib_init_lc_numeric_1               0x0800029b   Thumb Code     0  libinit2.o(.ARM.Collect$$libinit$$00000017)
    __rt_lib_init_lc_time_1                  0x0800029b   Thumb Code     0  libinit2.o(.ARM.Collect$$libinit$$00000019)
    __rt_lib_init_preinit_1                  0x0800029b   Thumb Code     0  libinit2.o(.ARM.Collect$$libinit$$00000004)
    __rt_lib_init_rand_1                     0x0800029b   Thumb Code     0  libinit2.o(.ARM.Collect$$libinit$$0000000E)
    __rt_lib_init_return                     0x0800029b   Thumb Code     0  libinit2.o(.ARM.Collect$$libinit$$00000033)
    __rt_lib_init_signal_1                   0x0800029b   Thumb Code     0  libinit2.o(.ARM.Collect$$libinit$$0000001D)
    __rt_lib_init_stdio_1                    0x0800029b   Thumb Code     0  libinit2.o(.ARM.Collect$$libinit$$00000025)
    __rt_lib_init_user_alloc_1               0x0800029b   Thumb Code     0  libinit2.o(.ARM.Collect$$libinit$$0000000C)
    __rt_lib_shutdown                        0x0800029d   Thumb Code     0  libshutdown.o(.ARM.Collect$$libshutdown$$00000000)
    __rt_lib_shutdown_cpp_1                  0x0800029f   Thumb Code     0  libshutdown2.o(.ARM.Collect$$libshutdown$$00000004)
    __rt_lib_shutdown_fini_1                 0x0800029f   Thumb Code     0  libshutdown2.o(.ARM.Collect$$libshutdown$$00000002)
    __rt_lib_shutdown_fp_trap_1              0x0800029f   Thumb Code     0  libshutdown2.o(.ARM.Collect$$libshutdown$$00000009)
    __rt_lib_shutdown_heap_1                 0x0800029f   Thumb Code     0  libshutdown2.o(.ARM.Collect$$libshutdown$$00000011)
    __rt_lib_shutdown_return                 0x0800029f   Thumb Code     0  libshutdown2.o(.ARM.Collect$$libshutdown$$00000012)
    __rt_lib_shutdown_signal_1               0x0800029f   Thumb Code     0  libshutdown2.o(.ARM.Collect$$libshutdown$$0000000C)
    __rt_lib_shutdown_stdio_1                0x0800029f   Thumb Code     0  libshutdown2.o(.ARM.Collect$$libshutdown$$00000006)
    __rt_lib_shutdown_user_alloc_1           0x0800029f   Thumb Code     0  libshutdown2.o(.ARM.Collect$$libshutdown$$0000000E)
    __rt_entry                               0x080002a1   Thumb Code     0  __rtentry.o(.ARM.Collect$$rtentry$$00000000)
    __rt_entry_presh_1                       0x080002a1   Thumb Code     0  __rtentry2.o(.ARM.Collect$$rtentry$$00000002)
    __rt_entry_sh                            0x080002a1   Thumb Code     0  __rtentry4.o(.ARM.Collect$$rtentry$$00000004)
    __rt_entry_li                            0x080002a7   Thumb Code     0  __rtentry2.o(.ARM.Collect$$rtentry$$0000000A)
    __rt_entry_postsh_1                      0x080002a7   Thumb Code     0  __rtentry2.o(.ARM.Collect$$rtentry$$00000009)
    __rt_entry_main                          0x080002ab   Thumb Code     0  __rtentry2.o(.ARM.Collect$$rtentry$$0000000D)
    __rt_entry_postli_1                      0x080002ab   Thumb Code     0  __rtentry2.o(.ARM.Collect$$rtentry$$0000000C)
    __rt_exit                                0x080002b3   Thumb Code     0  rtexit.o(.ARM.Collect$$rtexit$$00000000)
    __rt_exit_ls                             0x080002b5   Thumb Code     0  rtexit2.o(.ARM.Collect$$rtexit$$00000003)
    __rt_exit_prels_1                        0x080002b5   Thumb Code     0  rtexit2.o(.ARM.Collect$$rtexit$$00000002)
    __rt_exit_exit                           0x080002b9   Thumb Code     0  rtexit2.o(.ARM.Collect$$rtexit$$00000004)
    Reset_Handler                            0x080002c1   Thumb Code     8  startup_stm32g474xx.o(.text)
    ADC1_2_IRQHandler                        0x080002db   Thumb Code     0  startup_stm32g474xx.o(.text)
    ADC3_IRQHandler                          0x080002db   Thumb Code     0  startup_stm32g474xx.o(.text)
    ADC4_IRQHandler                          0x080002db   Thumb Code     0  startup_stm32g474xx.o(.text)
    ADC5_IRQHandler                          0x080002db   Thumb Code     0  startup_stm32g474xx.o(.text)
    COMP1_2_3_IRQHandler                     0x080002db   Thumb Code     0  startup_stm32g474xx.o(.text)
    COMP4_5_6_IRQHandler                     0x080002db   Thumb Code     0  startup_stm32g474xx.o(.text)
    COMP7_IRQHandler                         0x080002db   Thumb Code     0  startup_stm32g474xx.o(.text)
    CORDIC_IRQHandler                        0x080002db   Thumb Code     0  startup_stm32g474xx.o(.text)
    CRS_IRQHandler                           0x080002db   Thumb Code     0  startup_stm32g474xx.o(.text)
    DMA1_Channel3_IRQHandler                 0x080002db   Thumb Code     0  startup_stm32g474xx.o(.text)
    DMA1_Channel4_IRQHandler                 0x080002db   Thumb Code     0  startup_stm32g474xx.o(.text)
    DMA1_Channel5_IRQHandler                 0x080002db   Thumb Code     0  startup_stm32g474xx.o(.text)
    DMA1_Channel6_IRQHandler                 0x080002db   Thumb Code     0  startup_stm32g474xx.o(.text)
    DMA1_Channel7_IRQHandler                 0x080002db   Thumb Code     0  startup_stm32g474xx.o(.text)
    DMA1_Channel8_IRQHandler                 0x080002db   Thumb Code     0  startup_stm32g474xx.o(.text)
    DMA2_Channel1_IRQHandler                 0x080002db   Thumb Code     0  startup_stm32g474xx.o(.text)
    DMA2_Channel2_IRQHandler                 0x080002db   Thumb Code     0  startup_stm32g474xx.o(.text)
    DMA2_Channel3_IRQHandler                 0x080002db   Thumb Code     0  startup_stm32g474xx.o(.text)
    DMA2_Channel4_IRQHandler                 0x080002db   Thumb Code     0  startup_stm32g474xx.o(.text)
    DMA2_Channel5_IRQHandler                 0x080002db   Thumb Code     0  startup_stm32g474xx.o(.text)
    DMA2_Channel6_IRQHandler                 0x080002db   Thumb Code     0  startup_stm32g474xx.o(.text)
    DMA2_Channel7_IRQHandler                 0x080002db   Thumb Code     0  startup_stm32g474xx.o(.text)
    DMA2_Channel8_IRQHandler                 0x080002db   Thumb Code     0  startup_stm32g474xx.o(.text)
    DMAMUX_OVR_IRQHandler                    0x080002db   Thumb Code     0  startup_stm32g474xx.o(.text)
    EXTI0_IRQHandler                         0x080002db   Thumb Code     0  startup_stm32g474xx.o(.text)
    EXTI15_10_IRQHandler                     0x080002db   Thumb Code     0  startup_stm32g474xx.o(.text)
    EXTI1_IRQHandler                         0x080002db   Thumb Code     0  startup_stm32g474xx.o(.text)
    EXTI2_IRQHandler                         0x080002db   Thumb Code     0  startup_stm32g474xx.o(.text)
    EXTI3_IRQHandler                         0x080002db   Thumb Code     0  startup_stm32g474xx.o(.text)
    EXTI4_IRQHandler                         0x080002db   Thumb Code     0  startup_stm32g474xx.o(.text)
    EXTI9_5_IRQHandler                       0x080002db   Thumb Code     0  startup_stm32g474xx.o(.text)
    FDCAN1_IT0_IRQHandler                    0x080002db   Thumb Code     0  startup_stm32g474xx.o(.text)
    FDCAN1_IT1_IRQHandler                    0x080002db   Thumb Code     0  startup_stm32g474xx.o(.text)
    FDCAN2_IT0_IRQHandler                    0x080002db   Thumb Code     0  startup_stm32g474xx.o(.text)
    FDCAN2_IT1_IRQHandler                    0x080002db   Thumb Code     0  startup_stm32g474xx.o(.text)
    FDCAN3_IT0_IRQHandler                    0x080002db   Thumb Code     0  startup_stm32g474xx.o(.text)
    FDCAN3_IT1_IRQHandler                    0x080002db   Thumb Code     0  startup_stm32g474xx.o(.text)
    FLASH_IRQHandler                         0x080002db   Thumb Code     0  startup_stm32g474xx.o(.text)
    FMAC_IRQHandler                          0x080002db   Thumb Code     0  startup_stm32g474xx.o(.text)
    FMC_IRQHandler                           0x080002db   Thumb Code     0  startup_stm32g474xx.o(.text)
    FPU_IRQHandler                           0x080002db   Thumb Code     0  startup_stm32g474xx.o(.text)
    HRTIM1_FLT_IRQHandler                    0x080002db   Thumb Code     0  startup_stm32g474xx.o(.text)
    HRTIM1_TIMA_IRQHandler                   0x080002db   Thumb Code     0  startup_stm32g474xx.o(.text)
    HRTIM1_TIMB_IRQHandler                   0x080002db   Thumb Code     0  startup_stm32g474xx.o(.text)
    HRTIM1_TIMC_IRQHandler                   0x080002db   Thumb Code     0  startup_stm32g474xx.o(.text)
    HRTIM1_TIMD_IRQHandler                   0x080002db   Thumb Code     0  startup_stm32g474xx.o(.text)
    HRTIM1_TIME_IRQHandler                   0x080002db   Thumb Code     0  startup_stm32g474xx.o(.text)
    HRTIM1_TIMF_IRQHandler                   0x080002db   Thumb Code     0  startup_stm32g474xx.o(.text)
    I2C1_ER_IRQHandler                       0x080002db   Thumb Code     0  startup_stm32g474xx.o(.text)
    I2C1_EV_IRQHandler                       0x080002db   Thumb Code     0  startup_stm32g474xx.o(.text)
    I2C2_ER_IRQHandler                       0x080002db   Thumb Code     0  startup_stm32g474xx.o(.text)
    I2C2_EV_IRQHandler                       0x080002db   Thumb Code     0  startup_stm32g474xx.o(.text)
    I2C3_ER_IRQHandler                       0x080002db   Thumb Code     0  startup_stm32g474xx.o(.text)
    I2C3_EV_IRQHandler                       0x080002db   Thumb Code     0  startup_stm32g474xx.o(.text)
    I2C4_ER_IRQHandler                       0x080002db   Thumb Code     0  startup_stm32g474xx.o(.text)
    I2C4_EV_IRQHandler                       0x080002db   Thumb Code     0  startup_stm32g474xx.o(.text)
    LPTIM1_IRQHandler                        0x080002db   Thumb Code     0  startup_stm32g474xx.o(.text)
    LPUART1_IRQHandler                       0x080002db   Thumb Code     0  startup_stm32g474xx.o(.text)
    PVD_PVM_IRQHandler                       0x080002db   Thumb Code     0  startup_stm32g474xx.o(.text)
    QUADSPI_IRQHandler                       0x080002db   Thumb Code     0  startup_stm32g474xx.o(.text)
    RCC_IRQHandler                           0x080002db   Thumb Code     0  startup_stm32g474xx.o(.text)
    RNG_IRQHandler                           0x080002db   Thumb Code     0  startup_stm32g474xx.o(.text)
    RTC_Alarm_IRQHandler                     0x080002db   Thumb Code     0  startup_stm32g474xx.o(.text)
    RTC_TAMP_LSECSS_IRQHandler               0x080002db   Thumb Code     0  startup_stm32g474xx.o(.text)
    RTC_WKUP_IRQHandler                      0x080002db   Thumb Code     0  startup_stm32g474xx.o(.text)
    SAI1_IRQHandler                          0x080002db   Thumb Code     0  startup_stm32g474xx.o(.text)
    SPI1_IRQHandler                          0x080002db   Thumb Code     0  startup_stm32g474xx.o(.text)
    SPI2_IRQHandler                          0x080002db   Thumb Code     0  startup_stm32g474xx.o(.text)
    SPI3_IRQHandler                          0x080002db   Thumb Code     0  startup_stm32g474xx.o(.text)
    SPI4_IRQHandler                          0x080002db   Thumb Code     0  startup_stm32g474xx.o(.text)
    TIM1_BRK_TIM15_IRQHandler                0x080002db   Thumb Code     0  startup_stm32g474xx.o(.text)
    TIM1_CC_IRQHandler                       0x080002db   Thumb Code     0  startup_stm32g474xx.o(.text)
    TIM1_TRG_COM_TIM17_IRQHandler            0x080002db   Thumb Code     0  startup_stm32g474xx.o(.text)
    TIM1_UP_TIM16_IRQHandler                 0x080002db   Thumb Code     0  startup_stm32g474xx.o(.text)
    TIM20_BRK_IRQHandler                     0x080002db   Thumb Code     0  startup_stm32g474xx.o(.text)
    TIM20_CC_IRQHandler                      0x080002db   Thumb Code     0  startup_stm32g474xx.o(.text)
    TIM20_TRG_COM_IRQHandler                 0x080002db   Thumb Code     0  startup_stm32g474xx.o(.text)
    TIM20_UP_IRQHandler                      0x080002db   Thumb Code     0  startup_stm32g474xx.o(.text)
    TIM4_IRQHandler                          0x080002db   Thumb Code     0  startup_stm32g474xx.o(.text)
    TIM5_IRQHandler                          0x080002db   Thumb Code     0  startup_stm32g474xx.o(.text)
    TIM6_DAC_IRQHandler                      0x080002db   Thumb Code     0  startup_stm32g474xx.o(.text)
    TIM7_DAC_IRQHandler                      0x080002db   Thumb Code     0  startup_stm32g474xx.o(.text)
    TIM8_BRK_IRQHandler                      0x080002db   Thumb Code     0  startup_stm32g474xx.o(.text)
    TIM8_CC_IRQHandler                       0x080002db   Thumb Code     0  startup_stm32g474xx.o(.text)
    TIM8_TRG_COM_IRQHandler                  0x080002db   Thumb Code     0  startup_stm32g474xx.o(.text)
    TIM8_UP_IRQHandler                       0x080002db   Thumb Code     0  startup_stm32g474xx.o(.text)
    UART4_IRQHandler                         0x080002db   Thumb Code     0  startup_stm32g474xx.o(.text)
    UART5_IRQHandler                         0x080002db   Thumb Code     0  startup_stm32g474xx.o(.text)
    UCPD1_IRQHandler                         0x080002db   Thumb Code     0  startup_stm32g474xx.o(.text)
    USART1_IRQHandler                        0x080002db   Thumb Code     0  startup_stm32g474xx.o(.text)
    USART2_IRQHandler                        0x080002db   Thumb Code     0  startup_stm32g474xx.o(.text)
    USBWakeUp_IRQHandler                     0x080002db   Thumb Code     0  startup_stm32g474xx.o(.text)
    USB_HP_IRQHandler                        0x080002db   Thumb Code     0  startup_stm32g474xx.o(.text)
    USB_LP_IRQHandler                        0x080002db   Thumb Code     0  startup_stm32g474xx.o(.text)
    WWDG_IRQHandler                          0x080002db   Thumb Code     0  startup_stm32g474xx.o(.text)
    __user_initial_stackheap                 0x080002dd   Thumb Code     0  startup_stm32g474xx.o(.text)
    __aeabi_uldivmod                         0x08000301   Thumb Code     0  lludivv7m.o(.text)
    _ll_udiv                                 0x08000301   Thumb Code   238  lludivv7m.o(.text)
    __aeabi_memclr4                          0x080003ef   Thumb Code     0  rt_memclr_w.o(.text)
    __aeabi_memclr8                          0x080003ef   Thumb Code     0  rt_memclr_w.o(.text)
    __rt_memclr_w                            0x080003ef   Thumb Code    78  rt_memclr_w.o(.text)
    _memset_w                                0x080003f3   Thumb Code     0  rt_memclr_w.o(.text)
    __use_two_region_memory                  0x0800043d   Thumb Code     2  heapauxi.o(.text)
    __rt_heap_escrow$2region                 0x0800043f   Thumb Code     2  heapauxi.o(.text)
    __rt_heap_expand$2region                 0x08000441   Thumb Code     2  heapauxi.o(.text)
    __read_errno                             0x08000443   Thumb Code    10  _rserrno.o(.text)
    __set_errno                              0x0800044d   Thumb Code    12  _rserrno.o(.text)
    __aeabi_errno_addr                       0x08000459   Thumb Code     8  rt_errno_addr_intlibspace.o(.text)
    __errno$intlibspace                      0x08000459   Thumb Code     0  rt_errno_addr_intlibspace.o(.text)
    __rt_errno_addr$intlibspace              0x08000459   Thumb Code     0  rt_errno_addr_intlibspace.o(.text)
    __user_libspace                          0x08000461   Thumb Code     8  libspace.o(.text)
    __user_perproc_libspace                  0x08000461   Thumb Code     0  libspace.o(.text)
    __user_perthread_libspace                0x08000461   Thumb Code     0  libspace.o(.text)
    __user_setup_stackheap                   0x08000469   Thumb Code    74  sys_stackheap_outer.o(.text)
    exit                                     0x080004b3   Thumb Code    18  exit.o(.text)
    _sys_exit                                0x080004c5   Thumb Code     8  sys_exit.o(.text)
    __I$use$semihosting                      0x080004d1   Thumb Code     0  use_no_semi.o(.text)
    __use_no_semihosting_swi                 0x080004d1   Thumb Code     2  use_no_semi.o(.text)
    ADC_DMAConvCplt                          0x080004d3   Thumb Code   146  stm32g4xx_hal_adc.o(i.ADC_DMAConvCplt)
    __semihosting_library_function           0x080004d3   Thumb Code     0  indicate_semi.o(.text)
    ADC_DMAError                             0x08000565   Thumb Code    30  stm32g4xx_hal_adc.o(i.ADC_DMAError)
    ADC_DMAHalfConvCplt                      0x08000583   Thumb Code    14  stm32g4xx_hal_adc.o(i.ADC_DMAHalfConvCplt)
    ADC_Disable                              0x08000591   Thumb Code   142  stm32g4xx_hal_adc.o(i.ADC_Disable)
    ADC_Enable                               0x08000625   Thumb Code   128  stm32g4xx_hal_adc.o(i.ADC_Enable)
    Botton_Process                           0x080006a9   Thumb Code    28  key.o(i.Botton_Process)
    BusFault_Handler                         0x080006d5   Thumb Code     4  stm32g4xx_it.o(i.BusFault_Handler)
    DMA1_Channel1_IRQHandler                 0x080006d9   Thumb Code    20  stm32g4xx_it.o(i.DMA1_Channel1_IRQHandler)
    DMA1_Channel2_IRQHandler                 0x080006f5   Thumb Code    10  stm32g4xx_it.o(i.DMA1_Channel2_IRQHandler)
    DebugMon_Handler                         0x080007ad   Thumb Code     2  stm32g4xx_it.o(i.DebugMon_Handler)
    Error_Handler                            0x080007af   Thumb Code     6  main.o(i.Error_Handler)
    HAL_ADCEx_Calibration_Start              0x08000811   Thumb Code   166  stm32g4xx_hal_adc_ex.o(i.HAL_ADCEx_Calibration_Start)
    HAL_ADCEx_MultiModeConfigChannel         0x080008c1   Thumb Code   414  stm32g4xx_hal_adc_ex.o(i.HAL_ADCEx_MultiModeConfigChannel)
    HAL_ADC_ConfigChannel                    0x08000a79   Thumb Code  1354  stm32g4xx_hal_adc.o(i.HAL_ADC_ConfigChannel)
    HAL_ADC_ConvCpltCallback                 0x08000ff5   Thumb Code     2  stm32g4xx_hal_adc.o(i.HAL_ADC_ConvCpltCallback)
    HAL_ADC_ConvHalfCpltCallback             0x08000ff7   Thumb Code     2  stm32g4xx_hal_adc.o(i.HAL_ADC_ConvHalfCpltCallback)
    HAL_ADC_ErrorCallback                    0x08000ff9   Thumb Code     2  stm32g4xx_hal_adc.o(i.HAL_ADC_ErrorCallback)
    HAL_ADC_Init                             0x08000ffd   Thumb Code   664  stm32g4xx_hal_adc.o(i.HAL_ADC_Init)
    HAL_ADC_MspInit                          0x080012c1   Thumb Code   238  adc.o(i.HAL_ADC_MspInit)
    HAL_ADC_Start_DMA                        0x080013c1   Thumb Code   306  stm32g4xx_hal_adc.o(i.HAL_ADC_Start_DMA)
    HAL_DMA_Abort                            0x08001519   Thumb Code   118  stm32g4xx_hal_dma.o(i.HAL_DMA_Abort)
    HAL_DMA_Abort_IT                         0x0800158f   Thumb Code   148  stm32g4xx_hal_dma.o(i.HAL_DMA_Abort_IT)
    HAL_DMA_IRQHandler                       0x08001623   Thumb Code   254  stm32g4xx_hal_dma.o(i.HAL_DMA_IRQHandler)
    HAL_DMA_Init                             0x08001721   Thumb Code   200  stm32g4xx_hal_dma.o(i.HAL_DMA_Init)
    HAL_DMA_Start_IT                         0x080017f1   Thumb Code   194  stm32g4xx_hal_dma.o(i.HAL_DMA_Start_IT)
    HAL_Delay                                0x080018b5   Thumb Code    36  stm32g4xx_hal.o(i.HAL_Delay)
    HAL_GPIO_Init                            0x080018dd   Thumb Code   428  stm32g4xx_hal_gpio.o(i.HAL_GPIO_Init)
    HAL_GPIO_ReadPin                         0x08001aa9   Thumb Code    16  stm32g4xx_hal_gpio.o(i.HAL_GPIO_ReadPin)
    HAL_GPIO_TogglePin                       0x08001ab9   Thumb Code    20  stm32g4xx_hal_gpio.o(i.HAL_GPIO_TogglePin)
    HAL_GPIO_WritePin                        0x08001acd   Thumb Code    10  stm32g4xx_hal_gpio.o(i.HAL_GPIO_WritePin)
    HAL_GetTick                              0x08001ad9   Thumb Code     6  stm32g4xx_hal.o(i.HAL_GetTick)
    HAL_HRTIM_ADCPostScalerConfig            0x08001ae5   Thumb Code   328  stm32g4xx_hal_hrtim.o(i.HAL_HRTIM_ADCPostScalerConfig)
    HAL_HRTIM_ADCTriggerConfig               0x08001c2d   Thumb Code   622  stm32g4xx_hal_hrtim.o(i.HAL_HRTIM_ADCTriggerConfig)
    HAL_HRTIM_BurstModePeriodCallback        0x08001e9b   Thumb Code     2  stm32g4xx_hal_hrtim.o(i.HAL_HRTIM_BurstModePeriodCallback)
    HAL_HRTIM_Capture1EventCallback          0x08001e9d   Thumb Code     2  stm32g4xx_hal_hrtim.o(i.HAL_HRTIM_Capture1EventCallback)
    HAL_HRTIM_Capture2EventCallback          0x08001e9f   Thumb Code     2  stm32g4xx_hal_hrtim.o(i.HAL_HRTIM_Capture2EventCallback)
    HAL_HRTIM_Compare1EventCallback          0x08001ea1   Thumb Code     2  stm32g4xx_hal_hrtim.o(i.HAL_HRTIM_Compare1EventCallback)
    HAL_HRTIM_Compare2EventCallback          0x08001ea3   Thumb Code     2  stm32g4xx_hal_hrtim.o(i.HAL_HRTIM_Compare2EventCallback)
    HAL_HRTIM_Compare3EventCallback          0x08001ea5   Thumb Code     2  stm32g4xx_hal_hrtim.o(i.HAL_HRTIM_Compare3EventCallback)
    HAL_HRTIM_Compare4EventCallback          0x08001ea7   Thumb Code     2  stm32g4xx_hal_hrtim.o(i.HAL_HRTIM_Compare4EventCallback)
    HAL_HRTIM_CounterResetCallback           0x08001ea9   Thumb Code     2  stm32g4xx_hal_hrtim.o(i.HAL_HRTIM_CounterResetCallback)
    HAL_HRTIM_DLLCalibrationReadyCallback    0x08001eab   Thumb Code     2  stm32g4xx_hal_hrtim.o(i.HAL_HRTIM_DLLCalibrationReadyCallback)
    HAL_HRTIM_DLLCalibrationStart            0x08001ead   Thumb Code   128  stm32g4xx_hal_hrtim.o(i.HAL_HRTIM_DLLCalibrationStart)
    HAL_HRTIM_DeadTimeConfig                 0x08001f2d   Thumb Code   162  stm32g4xx_hal_hrtim.o(i.HAL_HRTIM_DeadTimeConfig)
    HAL_HRTIM_DelayedProtectionCallback      0x08001fd9   Thumb Code     2  stm32g4xx_hal_hrtim.o(i.HAL_HRTIM_DelayedProtectionCallback)
    HAL_HRTIM_ErrorCallback                  0x08001fdb   Thumb Code     2  stm32g4xx_hal_hrtim.o(i.HAL_HRTIM_ErrorCallback)
    HAL_HRTIM_Fault1Callback                 0x08001fdd   Thumb Code     2  stm32g4xx_hal_hrtim.o(i.HAL_HRTIM_Fault1Callback)
    HAL_HRTIM_Fault2Callback                 0x08001fdf   Thumb Code     2  stm32g4xx_hal_hrtim.o(i.HAL_HRTIM_Fault2Callback)
    HAL_HRTIM_Fault3Callback                 0x08001fe1   Thumb Code     2  stm32g4xx_hal_hrtim.o(i.HAL_HRTIM_Fault3Callback)
    HAL_HRTIM_Fault4Callback                 0x08001fe3   Thumb Code     2  stm32g4xx_hal_hrtim.o(i.HAL_HRTIM_Fault4Callback)
    HAL_HRTIM_Fault5Callback                 0x08001fe5   Thumb Code     2  stm32g4xx_hal_hrtim.o(i.HAL_HRTIM_Fault5Callback)
    HAL_HRTIM_Fault6Callback                 0x08001fe7   Thumb Code     2  stm32g4xx_hal_hrtim.o(i.HAL_HRTIM_Fault6Callback)
    HAL_HRTIM_IRQHandler                     0x08001fe9   Thumb Code    40  stm32g4xx_hal_hrtim.o(i.HAL_HRTIM_IRQHandler)
    HAL_HRTIM_Init                           0x08002011   Thumb Code   258  stm32g4xx_hal_hrtim.o(i.HAL_HRTIM_Init)
    HAL_HRTIM_MspInit                        0x0800211d   Thumb Code    58  hrtim.o(i.HAL_HRTIM_MspInit)
    HAL_HRTIM_MspPostInit                    0x08002161   Thumb Code   110  hrtim.o(i.HAL_HRTIM_MspPostInit)
    HAL_HRTIM_Output1ResetCallback           0x080021dd   Thumb Code     2  stm32g4xx_hal_hrtim.o(i.HAL_HRTIM_Output1ResetCallback)
    HAL_HRTIM_Output1SetCallback             0x080021df   Thumb Code     2  stm32g4xx_hal_hrtim.o(i.HAL_HRTIM_Output1SetCallback)
    HAL_HRTIM_Output2ResetCallback           0x080021e1   Thumb Code     2  stm32g4xx_hal_hrtim.o(i.HAL_HRTIM_Output2ResetCallback)
    HAL_HRTIM_Output2SetCallback             0x080021e3   Thumb Code     2  stm32g4xx_hal_hrtim.o(i.HAL_HRTIM_Output2SetCallback)
    HAL_HRTIM_PollForDLLCalibration          0x080021e5   Thumb Code    74  stm32g4xx_hal_hrtim.o(i.HAL_HRTIM_PollForDLLCalibration)
    HAL_HRTIM_RegistersUpdateCallback        0x0800222f   Thumb Code     2  stm32g4xx_hal_hrtim.o(i.HAL_HRTIM_RegistersUpdateCallback)
    HAL_HRTIM_RepetitionEventCallback        0x08002231   Thumb Code     2  stm32g4xx_hal_hrtim.o(i.HAL_HRTIM_RepetitionEventCallback)
    HAL_HRTIM_SynchronizationEventCallback   0x08002233   Thumb Code     2  stm32g4xx_hal_hrtim.o(i.HAL_HRTIM_SynchronizationEventCallback)
    HAL_HRTIM_SystemFaultCallback            0x08002235   Thumb Code     2  stm32g4xx_hal_hrtim.o(i.HAL_HRTIM_SystemFaultCallback)
    HAL_HRTIM_TimeBaseConfig                 0x08002237   Thumb Code    58  stm32g4xx_hal_hrtim.o(i.HAL_HRTIM_TimeBaseConfig)
    HAL_HRTIM_WaveformCompareConfig          0x08002271   Thumb Code   504  stm32g4xx_hal_hrtim.o(i.HAL_HRTIM_WaveformCompareConfig)
    HAL_HRTIM_WaveformCountStart_DMA         0x08002469   Thumb Code   346  stm32g4xx_hal_hrtim.o(i.HAL_HRTIM_WaveformCountStart_DMA)
    HAL_HRTIM_WaveformCountStart_IT          0x080025d5   Thumb Code   158  stm32g4xx_hal_hrtim.o(i.HAL_HRTIM_WaveformCountStart_IT)
    HAL_HRTIM_WaveformOutputConfig           0x08002679   Thumb Code    84  stm32g4xx_hal_hrtim.o(i.HAL_HRTIM_WaveformOutputConfig)
    HAL_HRTIM_WaveformOutputStart            0x080026cd   Thumb Code    64  stm32g4xx_hal_hrtim.o(i.HAL_HRTIM_WaveformOutputStart)
    HAL_HRTIM_WaveformTimerConfig            0x0800270d   Thumb Code   216  stm32g4xx_hal_hrtim.o(i.HAL_HRTIM_WaveformTimerConfig)
    HAL_HRTIM_WaveformTimerControl           0x080027e5   Thumb Code    84  stm32g4xx_hal_hrtim.o(i.HAL_HRTIM_WaveformTimerControl)
    HAL_I2CEx_ConfigAnalogFilter             0x08002839   Thumb Code   106  stm32g4xx_hal_i2c_ex.o(i.HAL_I2CEx_ConfigAnalogFilter)
    HAL_I2CEx_ConfigDigitalFilter            0x080028a3   Thumb Code   104  stm32g4xx_hal_i2c_ex.o(i.HAL_I2CEx_ConfigDigitalFilter)
    HAL_I2C_Init                             0x0800290d   Thumb Code   192  stm32g4xx_hal_i2c.o(i.HAL_I2C_Init)
    HAL_I2C_Mem_Write                        0x080029d1   Thumb Code   402  stm32g4xx_hal_i2c.o(i.HAL_I2C_Mem_Write)
    HAL_I2C_MspInit                          0x08002b69   Thumb Code   192  i2c.o(i.HAL_I2C_MspInit)
    HAL_IncTick                              0x08002c35   Thumb Code    16  stm32g4xx_hal.o(i.HAL_IncTick)
    HAL_Init                                 0x08002c4d   Thumb Code    30  stm32g4xx_hal.o(i.HAL_Init)
    HAL_InitTick                             0x08002c6d   Thumb Code    74  stm32g4xx_hal.o(i.HAL_InitTick)
    HAL_MspInit                              0x08002cc5   Thumb Code    62  stm32g4xx_hal_msp.o(i.HAL_MspInit)
    HAL_NVIC_EnableIRQ                       0x08002d09   Thumb Code    40  stm32g4xx_hal_cortex.o(i.HAL_NVIC_EnableIRQ)
    HAL_NVIC_SetPriority                     0x08002d31   Thumb Code   122  stm32g4xx_hal_cortex.o(i.HAL_NVIC_SetPriority)
    HAL_NVIC_SetPriorityGrouping             0x08002dad   Thumb Code    32  stm32g4xx_hal_cortex.o(i.HAL_NVIC_SetPriorityGrouping)
    HAL_PWREx_ControlVoltageScaling          0x08002dd5   Thumb Code   268  stm32g4xx_hal_pwr_ex.o(i.HAL_PWREx_ControlVoltageScaling)
    HAL_PWREx_DisableUCPDDeadBattery         0x08002eed   Thumb Code    14  stm32g4xx_hal_pwr_ex.o(i.HAL_PWREx_DisableUCPDDeadBattery)
    HAL_RCCEx_PeriphCLKConfig                0x08002f01   Thumb Code  1048  stm32g4xx_hal_rcc_ex.o(i.HAL_RCCEx_PeriphCLKConfig)
    HAL_RCC_ClockConfig                      0x08003319   Thumb Code   522  stm32g4xx_hal_rcc.o(i.HAL_RCC_ClockConfig)
    HAL_RCC_GetHCLKFreq                      0x0800353d   Thumb Code     6  stm32g4xx_hal_rcc.o(i.HAL_RCC_GetHCLKFreq)
    HAL_RCC_GetPCLK1Freq                     0x08003549   Thumb Code    26  stm32g4xx_hal_rcc.o(i.HAL_RCC_GetPCLK1Freq)
    HAL_RCC_GetPCLK2Freq                     0x0800356d   Thumb Code    26  stm32g4xx_hal_rcc.o(i.HAL_RCC_GetPCLK2Freq)
    HAL_RCC_GetSysClockFreq                  0x08003591   Thumb Code   138  stm32g4xx_hal_rcc.o(i.HAL_RCC_GetSysClockFreq)
    HAL_RCC_OscConfig                        0x08003629   Thumb Code  1370  stm32g4xx_hal_rcc.o(i.HAL_RCC_OscConfig)
    HAL_SYSTICK_Config                       0x08003b91   Thumb Code    52  stm32g4xx_hal_cortex.o(i.HAL_SYSTICK_Config)
    HAL_TIMEx_Break2Callback                 0x08003bc5   Thumb Code     2  stm32g4xx_hal_tim_ex.o(i.HAL_TIMEx_Break2Callback)
    HAL_TIMEx_BreakCallback                  0x08003bc7   Thumb Code     2  stm32g4xx_hal_tim_ex.o(i.HAL_TIMEx_BreakCallback)
    HAL_TIMEx_CommutCallback                 0x08003bc9   Thumb Code     2  stm32g4xx_hal_tim_ex.o(i.HAL_TIMEx_CommutCallback)
    HAL_TIMEx_DirectionChangeCallback        0x08003bcb   Thumb Code     2  stm32g4xx_hal_tim_ex.o(i.HAL_TIMEx_DirectionChangeCallback)
    HAL_TIMEx_EncoderIndexCallback           0x08003bcd   Thumb Code     2  stm32g4xx_hal_tim_ex.o(i.HAL_TIMEx_EncoderIndexCallback)
    HAL_TIMEx_IndexErrorCallback             0x08003bcf   Thumb Code     2  stm32g4xx_hal_tim_ex.o(i.HAL_TIMEx_IndexErrorCallback)
    HAL_TIMEx_MasterConfigSynchronization    0x08003bd1   Thumb Code   182  stm32g4xx_hal_tim_ex.o(i.HAL_TIMEx_MasterConfigSynchronization)
    HAL_TIMEx_TransitionErrorCallback        0x08003ca9   Thumb Code     2  stm32g4xx_hal_tim_ex.o(i.HAL_TIMEx_TransitionErrorCallback)
    HAL_TIM_Base_Init                        0x08003cab   Thumb Code   110  stm32g4xx_hal_tim.o(i.HAL_TIM_Base_Init)
    HAL_TIM_Base_MspInit                     0x08003d19   Thumb Code   112  tim.o(i.HAL_TIM_Base_MspInit)
    HAL_TIM_Base_Start_IT                    0x08003d91   Thumb Code   146  stm32g4xx_hal_tim.o(i.HAL_TIM_Base_Start_IT)
    HAL_TIM_ConfigClockSource                0x08003e45   Thumb Code   312  stm32g4xx_hal_tim.o(i.HAL_TIM_ConfigClockSource)
    HAL_TIM_IC_CaptureCallback               0x08003f81   Thumb Code     2  stm32g4xx_hal_tim.o(i.HAL_TIM_IC_CaptureCallback)
    HAL_TIM_IRQHandler                       0x08003f83   Thumb Code   576  stm32g4xx_hal_tim.o(i.HAL_TIM_IRQHandler)
    HAL_TIM_OC_DelayElapsedCallback          0x080041c3   Thumb Code     2  stm32g4xx_hal_tim.o(i.HAL_TIM_OC_DelayElapsedCallback)
    HAL_TIM_PWM_PulseFinishedCallback        0x080041c5   Thumb Code     2  stm32g4xx_hal_tim.o(i.HAL_TIM_PWM_PulseFinishedCallback)
    HAL_TIM_PeriodElapsedCallback            0x080041c7   Thumb Code     2  stm32g4xx_hal_tim.o(i.HAL_TIM_PeriodElapsedCallback)
    HAL_TIM_TriggerCallback                  0x080041c9   Thumb Code     2  stm32g4xx_hal_tim.o(i.HAL_TIM_TriggerCallback)
    HAL_UARTEx_DisableFifoMode               0x080041cb   Thumb Code    78  stm32g4xx_hal_uart_ex.o(i.HAL_UARTEx_DisableFifoMode)
    HAL_UARTEx_RxEventCallback               0x08004219   Thumb Code     2  stm32g4xx_hal_uart.o(i.HAL_UARTEx_RxEventCallback)
    HAL_UARTEx_RxFifoFullCallback            0x0800421b   Thumb Code     2  stm32g4xx_hal_uart_ex.o(i.HAL_UARTEx_RxFifoFullCallback)
    HAL_UARTEx_SetRxFifoThreshold            0x0800421d   Thumb Code    94  stm32g4xx_hal_uart_ex.o(i.HAL_UARTEx_SetRxFifoThreshold)
    HAL_UARTEx_SetTxFifoThreshold            0x0800427b   Thumb Code    94  stm32g4xx_hal_uart_ex.o(i.HAL_UARTEx_SetTxFifoThreshold)
    HAL_UARTEx_TxFifoEmptyCallback           0x080042d9   Thumb Code     2  stm32g4xx_hal_uart_ex.o(i.HAL_UARTEx_TxFifoEmptyCallback)
    HAL_UARTEx_WakeupCallback                0x080042db   Thumb Code     2  stm32g4xx_hal_uart_ex.o(i.HAL_UARTEx_WakeupCallback)
    HAL_UART_ErrorCallback                   0x080042dd   Thumb Code     2  stm32g4xx_hal_uart.o(i.HAL_UART_ErrorCallback)
    HAL_UART_IRQHandler                      0x080042e1   Thumb Code   898  stm32g4xx_hal_uart.o(i.HAL_UART_IRQHandler)
    HAL_UART_Init                            0x08004671   Thumb Code   120  stm32g4xx_hal_uart.o(i.HAL_UART_Init)
    HAL_UART_MspInit                         0x080046e9   Thumb Code   206  usart.o(i.HAL_UART_MspInit)
    HAL_UART_Transmit_DMA                    0x080047cd   Thumb Code   190  stm32g4xx_hal_uart.o(i.HAL_UART_Transmit_DMA)
    HAL_UART_TxCpltCallback                  0x08004899   Thumb Code     2  stm32g4xx_hal_uart.o(i.HAL_UART_TxCpltCallback)
    HAL_UART_TxHalfCpltCallback              0x0800489b   Thumb Code     2  stm32g4xx_hal_uart.o(i.HAL_UART_TxHalfCpltCallback)
    HRTIM1_Master_IRQHandler                 0x0800489d   Thumb Code    12  stm32g4xx_it.o(i.HRTIM1_Master_IRQHandler)
    HardFault_Handler                        0x0800543b   Thumb Code     4  stm32g4xx_it.o(i.HardFault_Handler)
    KEY_GPIO_DEAL                            0x08005775   Thumb Code    40  key.o(i.KEY_GPIO_DEAL)
    KEY_GPIO_Init                            0x080057a1   Thumb Code    14  key.o(i.KEY_GPIO_Init)
    KEY_Init                                 0x080057b1   Thumb Code    92  key.o(i.KEY_Init)
    MX_ADC1_Init                             0x08005949   Thumb Code   256  adc.o(i.MX_ADC1_Init)
    MX_DMA_Init                              0x08005a61   Thumb Code    90  dma.o(i.MX_DMA_Init)
    MX_GPIO_Init                             0x08005ac1   Thumb Code   198  gpio.o(i.MX_GPIO_Init)
    MX_HRTIM1_Init                           0x08005b95   Thumb Code   722  hrtim.o(i.MX_HRTIM1_Init)
    MX_I2C1_Init                             0x08005e71   Thumb Code    74  i2c.o(i.MX_I2C1_Init)
    MX_TIM2_Init                             0x08005ec9   Thumb Code   104  tim.o(i.MX_TIM2_Init)
    MX_TIM3_Init                             0x08005f35   Thumb Code   104  tim.o(i.MX_TIM3_Init)
    MX_USART3_UART_Init                      0x08005fa5   Thumb Code    98  usart.o(i.MX_USART3_UART_Init)
    MemManage_Handler                        0x08006011   Thumb Code     4  stm32g4xx_it.o(i.MemManage_Handler)
    NMI_Handler                              0x08006015   Thumb Code     4  stm32g4xx_it.o(i.NMI_Handler)
    OLEDShowData                             0x08006019   Thumb Code   170  oled.o(i.OLEDShowData)
    OLED_CLS                                 0x080060ed   Thumb Code    16  oled.o(i.OLED_CLS)
    OLED_Fill                                0x080060fd   Thumb Code    58  oled.o(i.OLED_Fill)
    OLED_Init                                0x08006137   Thumb Code   184  oled.o(i.OLED_Init)
    OLED_ON                                  0x080061ef   Thumb Code    22  oled.o(i.OLED_ON)
    OLED_SHOW                                0x08006205   Thumb Code   212  oled.o(i.OLED_SHOW)
    OLED_SetPos                              0x080062e1   Thumb Code    40  oled.o(i.OLED_SetPos)
    OLED_ShowStr                             0x08006309   Thumb Code   228  oled.o(i.OLED_ShowStr)
    PLL                                      0x080063f5   Thumb Code   302  stm32g4xx_it.o(i.PLL)
    PendSV_Handler                           0x08006545   Thumb Code     2  stm32g4xx_it.o(i.PendSV_Handler)
    SOGI                                     0x080065b1   Thumb Code    94  stm32g4xx_it.o(i.SOGI)
    SVC_Handler                              0x08006619   Thumb Code     2  stm32g4xx_it.o(i.SVC_Handler)
    SysTick_Handler                          0x0800661b   Thumb Code     8  stm32g4xx_it.o(i.SysTick_Handler)
    SystemClock_Config                       0x08006623   Thumb Code   108  main.o(i.SystemClock_Config)
    SystemInit                               0x08006691   Thumb Code    14  system_stm32g4xx.o(i.SystemInit)
    TIM2_IRQHandler                          0x080066a5   Thumb Code   214  stm32g4xx_it.o(i.TIM2_IRQHandler)
    TIM3_IRQHandler                          0x080067ad   Thumb Code    80  stm32g4xx_it.o(i.TIM3_IRQHandler)
    TIM_Base_SetConfig                       0x08006815   Thumb Code   188  stm32g4xx_hal_tim.o(i.TIM_Base_SetConfig)
    TIM_ETR_SetConfig                        0x080068f5   Thumb Code    22  stm32g4xx_hal_tim.o(i.TIM_ETR_SetConfig)
    UART_AdvFeatureConfig                    0x080069cd   Thumb Code   248  stm32g4xx_hal_uart.o(i.UART_AdvFeatureConfig)
    UART_CheckIdleState                      0x08006ac5   Thumb Code   118  stm32g4xx_hal_uart.o(i.UART_CheckIdleState)
    UART_SetConfig                           0x08006cf1   Thumb Code   922  stm32g4xx_hal_uart.o(i.UART_SetConfig)
    UART_WaitOnFlagUntilTimeout              0x080070b9   Thumb Code   254  stm32g4xx_hal_uart.o(i.UART_WaitOnFlagUntilTimeout)
    USART3_IRQHandler                        0x080071b9   Thumb Code    10  stm32g4xx_it.o(i.USART3_IRQHandler)
    UsageFault_Handler                       0x080071c9   Thumb Code     4  stm32g4xx_it.o(i.UsageFault_Handler)
    WriteCmd                                 0x080071cd   Thumb Code    32  oled.o(i.WriteCmd)
    WriteDat                                 0x080071f1   Thumb Code    32  oled.o(i.WriteDat)
    __ARM_fpclassifyf                        0x08007215   Thumb Code    38  fpclassifyf.o(i.__ARM_fpclassifyf)
    __hardfp_cosf                            0x08007275   Thumb Code   280  cosf.o(i.__hardfp_cosf)
    __hardfp_sinf                            0x080073c5   Thumb Code   344  sinf.o(i.__hardfp_sinf)
    __mathlib_flt_infnan                     0x08007555   Thumb Code     6  funder.o(i.__mathlib_flt_infnan)
    __mathlib_flt_invalid                    0x0800755d   Thumb Code    10  funder.o(i.__mathlib_flt_invalid)
    __mathlib_flt_underflow                  0x0800756d   Thumb Code    10  funder.o(i.__mathlib_flt_underflow)
    __mathlib_rredf2                         0x0800757d   Thumb Code   316  rredf.o(i.__mathlib_rredf2)
    act0                                     0x080076d1   Thumb Code     6  key.o(i.act0)
    act1                                     0x080076d9   Thumb Code    40  key.o(i.act1)
    act2                                     0x08007705   Thumb Code    26  key.o(i.act2)
    act3                                     0x0800771f   Thumb Code    48  key.o(i.act3)
    callback10                               0x0800774f   Thumb Code     2  key.o(i.callback10)
    callback11                               0x08007751   Thumb Code     2  key.o(i.callback11)
    callback12                               0x08007755   Thumb Code    14  key.o(i.callback12)
    callback13                               0x08007769   Thumb Code     2  key.o(i.callback13)
    callback20                               0x0800776b   Thumb Code     2  key.o(i.callback20)
    callback21                               0x0800776d   Thumb Code     2  key.o(i.callback21)
    callback22                               0x08007771   Thumb Code    14  key.o(i.callback22)
    callback23                               0x08007785   Thumb Code     2  key.o(i.callback23)
    callback30                               0x08007787   Thumb Code     2  key.o(i.callback30)
    callback31                               0x08007789   Thumb Code     2  key.o(i.callback31)
    callback32                               0x0800778d   Thumb Code    14  key.o(i.callback32)
    callback33                               0x080077a1   Thumb Code     2  key.o(i.callback33)
    callback40                               0x080077a3   Thumb Code     2  key.o(i.callback40)
    callback41                               0x080077a5   Thumb Code     2  key.o(i.callback41)
    callback42                               0x080077a9   Thumb Code    14  key.o(i.callback42)
    callback43                               0x080077bd   Thumb Code     2  key.o(i.callback43)
    main                                     0x080077c1   Thumb Code   214  main.o(i.main)
    _fp_init                                 0x080078c9   Thumb Code    10  fpinit.o(x$fpl$fpinit)
    __fplib_config_fpu_vfp                   0x080078d1   Thumb Code     0  fpinit.o(x$fpl$fpinit)
    __fplib_config_pureend_doubles           0x080078d1   Thumb Code     0  fpinit.o(x$fpl$fpinit)
    F6x8                                     0x080078d2   Data         552  oled.o(.constdata)
    __I$use$fp                               0x080078d2   Number         0  usenofp.o(x$fpl$usenofp)
    F8X16                                    0x08007afa   Data        1520  oled.o(.constdata)
    NC_Logo                                  0x080080ea   Data        1024  oled.o(.constdata)
    UARTPrescTable                           0x080084ea   Data          24  stm32g4xx_hal_uart.o(.constdata)
    AHBPrescTable                            0x08008512   Data          16  system_stm32g4xx.o(.constdata)
    APBPrescTable                            0x08008522   Data           8  system_stm32g4xx.o(.constdata)
    Region$$Table$$Base                      0x0800854c   Number         0  anon$$obj.o(Region$$Table)
    Region$$Table$$Limit                     0x0800856c   Number         0  anon$$obj.o(Region$$Table)
    MYKEY1                                   0x20000000   Data          40  key.o(.data)
    MYKEY2                                   0x20000028   Data          40  key.o(.data)
    MYKEY3                                   0x20000050   Data          40  key.o(.data)
    MYKEY4                                   0x20000078   Data          40  key.o(.data)
    transition_table                         0x200000a0   Data          16  key.o(.data)
    addCount                                 0x200000b0   Data           4  key.o(.data)
    phaseangle                               0x200000b4   Data           4  main.o(.data)
    KpPLL                                    0x200000b8   Data           4  stm32g4xx_it.o(.data)
    KiPLL                                    0x200000bc   Data           4  stm32g4xx_it.o(.data)
    tempData                                 0x200000c0   Data          20  stm32g4xx_it.o(.data)
    sinetable                                0x200000d4   Data        4000  stm32g4xx_it.o(.data)
    uwTick                                   0x20001080   Data           4  stm32g4xx_hal.o(.data)
    uwTickPrio                               0x20001084   Data           4  stm32g4xx_hal.o(.data)
    uwTickFreq                               0x20001088   Data           4  stm32g4xx_hal.o(.data)
    SystemCoreClock                          0x200010a8   Data           4  system_stm32g4xx.o(.data)
    ADC_ConvertedValue                       0x200010ac   Data          10  main.o(.bss)
    hadc1                                    0x200010b8   Data         108  adc.o(.bss)
    hdma_adc1                                0x20001124   Data          96  adc.o(.bss)
    hhrtim1                                  0x20001184   Data         252  hrtim.o(.bss)
    hi2c1                                    0x20001280   Data          76  i2c.o(.bss)
    htim2                                    0x200012cc   Data          76  tim.o(.bss)
    htim3                                    0x20001318   Data          76  tim.o(.bss)
    huart3                                   0x20001364   Data         144  usart.o(.bss)
    hdma_usart3_tx                           0x200013f4   Data          96  usart.o(.bss)
    __libspace_start                         0x200014ac   Data          96  libspace.o(.bss)
    __temporary_stack_top$libspace           0x2000150c   Data           0  libspace.o(.bss)



==============================================================================

Memory Map of the image

  Image Entry point : 0x080001d9

  Load Region LR_IROM1 (Base: 0x08000000, Size: 0x00009618, Max: 0x00020000, ABSOLUTE, COMPRESSED[0x00009134])

    Execution Region ER_IROM1 (Exec base: 0x08000000, Load base: 0x08000000, Size: 0x0000856c, Max: 0x00020000, ABSOLUTE)

    Exec Addr    Load Addr    Size         Type   Attr      Idx    E Section Name        Object

    0x08000000   0x08000000   0x000001d8   Data   RO            3    RESET               startup_stm32g474xx.o
    0x080001d8   0x080001d8   0x00000008   Code   RO        11619  * !!!main             c_w.l(__main.o)
    0x080001e0   0x080001e0   0x00000034   Code   RO        12022    !!!scatter          c_w.l(__scatter.o)
    0x08000214   0x08000214   0x00000064   Code   RO        12020    !!dclz77c           c_w.l(__dclz77c.o)
    0x08000278   0x08000278   0x0000001c   Code   RO        12024    !!handler_zi        c_w.l(__scatter_zi.o)
    0x08000294   0x08000294   0x00000002   Code   RO        11891    .ARM.Collect$$libinit$$00000000  c_w.l(libinit.o)
    0x08000296   0x08000296   0x00000004   Code   RO        11900    .ARM.Collect$$libinit$$00000001  c_w.l(libinit2.o)
    0x0800029a   0x0800029a   0x00000000   Code   RO        11903    .ARM.Collect$$libinit$$00000004  c_w.l(libinit2.o)
    0x0800029a   0x0800029a   0x00000000   Code   RO        11906    .ARM.Collect$$libinit$$0000000A  c_w.l(libinit2.o)
    0x0800029a   0x0800029a   0x00000000   Code   RO        11908    .ARM.Collect$$libinit$$0000000C  c_w.l(libinit2.o)
    0x0800029a   0x0800029a   0x00000000   Code   RO        11910    .ARM.Collect$$libinit$$0000000E  c_w.l(libinit2.o)
    0x0800029a   0x0800029a   0x00000000   Code   RO        11913    .ARM.Collect$$libinit$$00000011  c_w.l(libinit2.o)
    0x0800029a   0x0800029a   0x00000000   Code   RO        11915    .ARM.Collect$$libinit$$00000013  c_w.l(libinit2.o)
    0x0800029a   0x0800029a   0x00000000   Code   RO        11917    .ARM.Collect$$libinit$$00000015  c_w.l(libinit2.o)
    0x0800029a   0x0800029a   0x00000000   Code   RO        11919    .ARM.Collect$$libinit$$00000017  c_w.l(libinit2.o)
    0x0800029a   0x0800029a   0x00000000   Code   RO        11921    .ARM.Collect$$libinit$$00000019  c_w.l(libinit2.o)
    0x0800029a   0x0800029a   0x00000000   Code   RO        11923    .ARM.Collect$$libinit$$0000001B  c_w.l(libinit2.o)
    0x0800029a   0x0800029a   0x00000000   Code   RO        11925    .ARM.Collect$$libinit$$0000001D  c_w.l(libinit2.o)
    0x0800029a   0x0800029a   0x00000000   Code   RO        11927    .ARM.Collect$$libinit$$0000001F  c_w.l(libinit2.o)
    0x0800029a   0x0800029a   0x00000000   Code   RO        11929    .ARM.Collect$$libinit$$00000021  c_w.l(libinit2.o)
    0x0800029a   0x0800029a   0x00000000   Code   RO        11931    .ARM.Collect$$libinit$$00000023  c_w.l(libinit2.o)
    0x0800029a   0x0800029a   0x00000000   Code   RO        11933    .ARM.Collect$$libinit$$00000025  c_w.l(libinit2.o)
    0x0800029a   0x0800029a   0x00000000   Code   RO        11937    .ARM.Collect$$libinit$$0000002C  c_w.l(libinit2.o)
    0x0800029a   0x0800029a   0x00000000   Code   RO        11939    .ARM.Collect$$libinit$$0000002E  c_w.l(libinit2.o)
    0x0800029a   0x0800029a   0x00000000   Code   RO        11941    .ARM.Collect$$libinit$$00000030  c_w.l(libinit2.o)
    0x0800029a   0x0800029a   0x00000000   Code   RO        11943    .ARM.Collect$$libinit$$00000032  c_w.l(libinit2.o)
    0x0800029a   0x0800029a   0x00000002   Code   RO        11944    .ARM.Collect$$libinit$$00000033  c_w.l(libinit2.o)
    0x0800029c   0x0800029c   0x00000002   Code   RO        11975    .ARM.Collect$$libshutdown$$00000000  c_w.l(libshutdown.o)
    0x0800029e   0x0800029e   0x00000000   Code   RO        12001    .ARM.Collect$$libshutdown$$00000002  c_w.l(libshutdown2.o)
    0x0800029e   0x0800029e   0x00000000   Code   RO        12003    .ARM.Collect$$libshutdown$$00000004  c_w.l(libshutdown2.o)
    0x0800029e   0x0800029e   0x00000000   Code   RO        12005    .ARM.Collect$$libshutdown$$00000006  c_w.l(libshutdown2.o)
    0x0800029e   0x0800029e   0x00000000   Code   RO        12008    .ARM.Collect$$libshutdown$$00000009  c_w.l(libshutdown2.o)
    0x0800029e   0x0800029e   0x00000000   Code   RO        12011    .ARM.Collect$$libshutdown$$0000000C  c_w.l(libshutdown2.o)
    0x0800029e   0x0800029e   0x00000000   Code   RO        12013    .ARM.Collect$$libshutdown$$0000000E  c_w.l(libshutdown2.o)
    0x0800029e   0x0800029e   0x00000000   Code   RO        12016    .ARM.Collect$$libshutdown$$00000011  c_w.l(libshutdown2.o)
    0x0800029e   0x0800029e   0x00000002   Code   RO        12017    .ARM.Collect$$libshutdown$$00000012  c_w.l(libshutdown2.o)
    0x080002a0   0x080002a0   0x00000000   Code   RO        11789    .ARM.Collect$$rtentry$$00000000  c_w.l(__rtentry.o)
    0x080002a0   0x080002a0   0x00000000   Code   RO        11854    .ARM.Collect$$rtentry$$00000002  c_w.l(__rtentry2.o)
    0x080002a0   0x080002a0   0x00000006   Code   RO        11866    .ARM.Collect$$rtentry$$00000004  c_w.l(__rtentry4.o)
    0x080002a6   0x080002a6   0x00000000   Code   RO        11856    .ARM.Collect$$rtentry$$00000009  c_w.l(__rtentry2.o)
    0x080002a6   0x080002a6   0x00000004   Code   RO        11857    .ARM.Collect$$rtentry$$0000000A  c_w.l(__rtentry2.o)
    0x080002aa   0x080002aa   0x00000000   Code   RO        11859    .ARM.Collect$$rtentry$$0000000C  c_w.l(__rtentry2.o)
    0x080002aa   0x080002aa   0x00000008   Code   RO        11860    .ARM.Collect$$rtentry$$0000000D  c_w.l(__rtentry2.o)
    0x080002b2   0x080002b2   0x00000002   Code   RO        11892    .ARM.Collect$$rtexit$$00000000  c_w.l(rtexit.o)
    0x080002b4   0x080002b4   0x00000000   Code   RO        11948    .ARM.Collect$$rtexit$$00000002  c_w.l(rtexit2.o)
    0x080002b4   0x080002b4   0x00000004   Code   RO        11949    .ARM.Collect$$rtexit$$00000003  c_w.l(rtexit2.o)
    0x080002b8   0x080002b8   0x00000006   Code   RO        11950    .ARM.Collect$$rtexit$$00000004  c_w.l(rtexit2.o)
    0x080002be   0x080002be   0x00000002   PAD
    0x080002c0   0x080002c0   0x00000040   Code   RO            4    .text               startup_stm32g474xx.o
    0x08000300   0x08000300   0x000000ee   Code   RO        11603    .text               c_w.l(lludivv7m.o)
    0x080003ee   0x080003ee   0x0000004e   Code   RO        11615    .text               c_w.l(rt_memclr_w.o)
    0x0800043c   0x0800043c   0x00000006   Code   RO        11617    .text               c_w.l(heapauxi.o)
    0x08000442   0x08000442   0x00000016   Code   RO        11794    .text               c_w.l(_rserrno.o)
    0x08000458   0x08000458   0x00000008   Code   RO        11873    .text               c_w.l(rt_errno_addr_intlibspace.o)
    0x08000460   0x08000460   0x00000008   Code   RO        11875    .text               c_w.l(libspace.o)
    0x08000468   0x08000468   0x0000004a   Code   RO        11878    .text               c_w.l(sys_stackheap_outer.o)
    0x080004b2   0x080004b2   0x00000012   Code   RO        11880    .text               c_w.l(exit.o)
    0x080004c4   0x080004c4   0x0000000c   Code   RO        11945    .text               c_w.l(sys_exit.o)
    0x080004d0   0x080004d0   0x00000002   Code   RO        11964    .text               c_w.l(use_no_semi.o)
    0x080004d2   0x080004d2   0x00000000   Code   RO        11966    .text               c_w.l(indicate_semi.o)
    0x080004d2   0x080004d2   0x00000092   Code   RO          932    i.ADC_DMAConvCplt   stm32g4xx_hal_adc.o
    0x08000564   0x08000564   0x0000001e   Code   RO          933    i.ADC_DMAError      stm32g4xx_hal_adc.o
    0x08000582   0x08000582   0x0000000e   Code   RO          934    i.ADC_DMAHalfConvCplt  stm32g4xx_hal_adc.o
    0x08000590   0x08000590   0x00000094   Code   RO          935    i.ADC_Disable       stm32g4xx_hal_adc.o
    0x08000624   0x08000624   0x00000084   Code   RO          936    i.ADC_Enable        stm32g4xx_hal_adc.o
    0x080006a8   0x080006a8   0x0000002c   Code   RO          268    i.Botton_Process    key.o
    0x080006d4   0x080006d4   0x00000004   Code   RO          772    i.BusFault_Handler  stm32g4xx_it.o
    0x080006d8   0x080006d8   0x0000001c   Code   RO          773    i.DMA1_Channel1_IRQHandler  stm32g4xx_it.o
    0x080006f4   0x080006f4   0x00000010   Code   RO          774    i.DMA1_Channel2_IRQHandler  stm32g4xx_it.o
    0x08000704   0x08000704   0x00000044   Code   RO         2352    i.DMA_CalcDMAMUXChannelBaseAndMask  stm32g4xx_hal_dma.o
    0x08000748   0x08000748   0x00000024   Code   RO         2353    i.DMA_CalcDMAMUXRequestGenBaseAndMask  stm32g4xx_hal_dma.o
    0x0800076c   0x0800076c   0x00000040   Code   RO         2354    i.DMA_SetConfig     stm32g4xx_hal_dma.o
    0x080007ac   0x080007ac   0x00000002   Code   RO          775    i.DebugMon_Handler  stm32g4xx_it.o
    0x080007ae   0x080007ae   0x00000006   Code   RO          441    i.Error_Handler     main.o
    0x080007b4   0x080007b4   0x0000005a   Code   RO         2999    i.GetTimerIdxFromDMAHandle  stm32g4xx_hal_hrtim.o
    0x0800080e   0x0800080e   0x00000002   PAD
    0x08000810   0x08000810   0x000000b0   Code   RO         1214    i.HAL_ADCEx_Calibration_Start  stm32g4xx_hal_adc_ex.o
    0x080008c0   0x080008c0   0x000001b8   Code   RO         1231    i.HAL_ADCEx_MultiModeConfigChannel  stm32g4xx_hal_adc_ex.o
    0x08000a78   0x08000a78   0x0000057c   Code   RO          938    i.HAL_ADC_ConfigChannel  stm32g4xx_hal_adc.o
    0x08000ff4   0x08000ff4   0x00000002   Code   RO          939    i.HAL_ADC_ConvCpltCallback  stm32g4xx_hal_adc.o
    0x08000ff6   0x08000ff6   0x00000002   Code   RO          940    i.HAL_ADC_ConvHalfCpltCallback  stm32g4xx_hal_adc.o
    0x08000ff8   0x08000ff8   0x00000002   Code   RO          942    i.HAL_ADC_ErrorCallback  stm32g4xx_hal_adc.o
    0x08000ffa   0x08000ffa   0x00000002   PAD
    0x08000ffc   0x08000ffc   0x000002c4   Code   RO          947    i.HAL_ADC_Init      stm32g4xx_hal_adc.o
    0x080012c0   0x080012c0   0x00000100   Code   RO          527    i.HAL_ADC_MspInit   adc.o
    0x080013c0   0x080013c0   0x00000158   Code   RO          955    i.HAL_ADC_Start_DMA  stm32g4xx_hal_adc.o
    0x08001518   0x08001518   0x00000076   Code   RO         2355    i.HAL_DMA_Abort     stm32g4xx_hal_dma.o
    0x0800158e   0x0800158e   0x00000094   Code   RO         2356    i.HAL_DMA_Abort_IT  stm32g4xx_hal_dma.o
    0x08001622   0x08001622   0x000000fe   Code   RO         2360    i.HAL_DMA_IRQHandler  stm32g4xx_hal_dma.o
    0x08001720   0x08001720   0x000000d0   Code   RO         2361    i.HAL_DMA_Init      stm32g4xx_hal_dma.o
    0x080017f0   0x080017f0   0x000000c2   Code   RO         2365    i.HAL_DMA_Start_IT  stm32g4xx_hal_dma.o
    0x080018b2   0x080018b2   0x00000002   PAD
    0x080018b4   0x080018b4   0x00000028   Code   RO         1460    i.HAL_Delay         stm32g4xx_hal.o
    0x080018dc   0x080018dc   0x000001cc   Code   RO         2217    i.HAL_GPIO_Init     stm32g4xx_hal_gpio.o
    0x08001aa8   0x08001aa8   0x00000010   Code   RO         2219    i.HAL_GPIO_ReadPin  stm32g4xx_hal_gpio.o
    0x08001ab8   0x08001ab8   0x00000014   Code   RO         2220    i.HAL_GPIO_TogglePin  stm32g4xx_hal_gpio.o
    0x08001acc   0x08001acc   0x0000000a   Code   RO         2221    i.HAL_GPIO_WritePin  stm32g4xx_hal_gpio.o
    0x08001ad6   0x08001ad6   0x00000002   PAD
    0x08001ad8   0x08001ad8   0x0000000c   Code   RO         1464    i.HAL_GetTick       stm32g4xx_hal.o
    0x08001ae4   0x08001ae4   0x00000148   Code   RO         3000    i.HAL_HRTIM_ADCPostScalerConfig  stm32g4xx_hal_hrtim.o
    0x08001c2c   0x08001c2c   0x0000026e   Code   RO         3001    i.HAL_HRTIM_ADCTriggerConfig  stm32g4xx_hal_hrtim.o
    0x08001e9a   0x08001e9a   0x00000002   Code   RO         3007    i.HAL_HRTIM_BurstModePeriodCallback  stm32g4xx_hal_hrtim.o
    0x08001e9c   0x08001e9c   0x00000002   Code   RO         3009    i.HAL_HRTIM_Capture1EventCallback  stm32g4xx_hal_hrtim.o
    0x08001e9e   0x08001e9e   0x00000002   Code   RO         3010    i.HAL_HRTIM_Capture2EventCallback  stm32g4xx_hal_hrtim.o
    0x08001ea0   0x08001ea0   0x00000002   Code   RO         3012    i.HAL_HRTIM_Compare1EventCallback  stm32g4xx_hal_hrtim.o
    0x08001ea2   0x08001ea2   0x00000002   Code   RO         3013    i.HAL_HRTIM_Compare2EventCallback  stm32g4xx_hal_hrtim.o
    0x08001ea4   0x08001ea4   0x00000002   Code   RO         3014    i.HAL_HRTIM_Compare3EventCallback  stm32g4xx_hal_hrtim.o
    0x08001ea6   0x08001ea6   0x00000002   Code   RO         3015    i.HAL_HRTIM_Compare4EventCallback  stm32g4xx_hal_hrtim.o
    0x08001ea8   0x08001ea8   0x00000002   Code   RO         3016    i.HAL_HRTIM_CounterResetCallback  stm32g4xx_hal_hrtim.o
    0x08001eaa   0x08001eaa   0x00000002   Code   RO         3017    i.HAL_HRTIM_DLLCalibrationReadyCallback  stm32g4xx_hal_hrtim.o
    0x08001eac   0x08001eac   0x00000080   Code   RO         3018    i.HAL_HRTIM_DLLCalibrationStart  stm32g4xx_hal_hrtim.o
    0x08001f2c   0x08001f2c   0x000000ac   Code   RO         3021    i.HAL_HRTIM_DeadTimeConfig  stm32g4xx_hal_hrtim.o
    0x08001fd8   0x08001fd8   0x00000002   Code   RO         3022    i.HAL_HRTIM_DelayedProtectionCallback  stm32g4xx_hal_hrtim.o
    0x08001fda   0x08001fda   0x00000002   Code   RO         3023    i.HAL_HRTIM_ErrorCallback  stm32g4xx_hal_hrtim.o
    0x08001fdc   0x08001fdc   0x00000002   Code   RO         3030    i.HAL_HRTIM_Fault1Callback  stm32g4xx_hal_hrtim.o
    0x08001fde   0x08001fde   0x00000002   Code   RO         3031    i.HAL_HRTIM_Fault2Callback  stm32g4xx_hal_hrtim.o
    0x08001fe0   0x08001fe0   0x00000002   Code   RO         3032    i.HAL_HRTIM_Fault3Callback  stm32g4xx_hal_hrtim.o
    0x08001fe2   0x08001fe2   0x00000002   Code   RO         3033    i.HAL_HRTIM_Fault4Callback  stm32g4xx_hal_hrtim.o
    0x08001fe4   0x08001fe4   0x00000002   Code   RO         3034    i.HAL_HRTIM_Fault5Callback  stm32g4xx_hal_hrtim.o
    0x08001fe6   0x08001fe6   0x00000002   Code   RO         3035    i.HAL_HRTIM_Fault6Callback  stm32g4xx_hal_hrtim.o
    0x08001fe8   0x08001fe8   0x00000028   Code   RO         3050    i.HAL_HRTIM_IRQHandler  stm32g4xx_hal_hrtim.o
    0x08002010   0x08002010   0x0000010c   Code   RO         3051    i.HAL_HRTIM_Init    stm32g4xx_hal_hrtim.o
    0x0800211c   0x0800211c   0x00000044   Code   RO          593    i.HAL_HRTIM_MspInit  hrtim.o
    0x08002160   0x08002160   0x0000007c   Code   RO          594    i.HAL_HRTIM_MspPostInit  hrtim.o
    0x080021dc   0x080021dc   0x00000002   Code   RO         3054    i.HAL_HRTIM_Output1ResetCallback  stm32g4xx_hal_hrtim.o
    0x080021de   0x080021de   0x00000002   Code   RO         3055    i.HAL_HRTIM_Output1SetCallback  stm32g4xx_hal_hrtim.o
    0x080021e0   0x080021e0   0x00000002   Code   RO         3056    i.HAL_HRTIM_Output2ResetCallback  stm32g4xx_hal_hrtim.o
    0x080021e2   0x080021e2   0x00000002   Code   RO         3057    i.HAL_HRTIM_Output2SetCallback  stm32g4xx_hal_hrtim.o
    0x080021e4   0x080021e4   0x0000004a   Code   RO         3060    i.HAL_HRTIM_PollForDLLCalibration  stm32g4xx_hal_hrtim.o
    0x0800222e   0x0800222e   0x00000002   Code   RO         3061    i.HAL_HRTIM_RegistersUpdateCallback  stm32g4xx_hal_hrtim.o
    0x08002230   0x08002230   0x00000002   Code   RO         3062    i.HAL_HRTIM_RepetitionEventCallback  stm32g4xx_hal_hrtim.o
    0x08002232   0x08002232   0x00000002   Code   RO         3100    i.HAL_HRTIM_SynchronizationEventCallback  stm32g4xx_hal_hrtim.o
    0x08002234   0x08002234   0x00000002   Code   RO         3101    i.HAL_HRTIM_SystemFaultCallback  stm32g4xx_hal_hrtim.o
    0x08002236   0x08002236   0x0000003a   Code   RO         3102    i.HAL_HRTIM_TimeBaseConfig  stm32g4xx_hal_hrtim.o
    0x08002270   0x08002270   0x000001f8   Code   RO         3108    i.HAL_HRTIM_WaveformCompareConfig  stm32g4xx_hal_hrtim.o
    0x08002468   0x08002468   0x0000016c   Code   RO         3110    i.HAL_HRTIM_WaveformCountStart_DMA  stm32g4xx_hal_hrtim.o
    0x080025d4   0x080025d4   0x000000a4   Code   RO         3111    i.HAL_HRTIM_WaveformCountStart_IT  stm32g4xx_hal_hrtim.o
    0x08002678   0x08002678   0x00000054   Code   RO         3117    i.HAL_HRTIM_WaveformOutputConfig  stm32g4xx_hal_hrtim.o
    0x080026cc   0x080026cc   0x00000040   Code   RO         3118    i.HAL_HRTIM_WaveformOutputStart  stm32g4xx_hal_hrtim.o
    0x0800270c   0x0800270c   0x000000d8   Code   RO         3121    i.HAL_HRTIM_WaveformTimerConfig  stm32g4xx_hal_hrtim.o
    0x080027e4   0x080027e4   0x00000054   Code   RO         3122    i.HAL_HRTIM_WaveformTimerControl  stm32g4xx_hal_hrtim.o
    0x08002838   0x08002838   0x0000006a   Code   RO         4329    i.HAL_I2CEx_ConfigAnalogFilter  stm32g4xx_hal_i2c_ex.o
    0x080028a2   0x080028a2   0x00000068   Code   RO         4330    i.HAL_I2CEx_ConfigDigitalFilter  stm32g4xx_hal_i2c_ex.o
    0x0800290a   0x0800290a   0x00000002   PAD
    0x0800290c   0x0800290c   0x000000c4   Code   RO         3878    i.HAL_I2C_Init      stm32g4xx_hal_i2c.o
    0x080029d0   0x080029d0   0x00000198   Code   RO         3899    i.HAL_I2C_Mem_Write  stm32g4xx_hal_i2c.o
    0x08002b68   0x08002b68   0x000000cc   Code   RO          641    i.HAL_I2C_MspInit   i2c.o
    0x08002c34   0x08002c34   0x00000018   Code   RO         1467    i.HAL_IncTick       stm32g4xx_hal.o
    0x08002c4c   0x08002c4c   0x0000001e   Code   RO         1468    i.HAL_Init          stm32g4xx_hal.o
    0x08002c6a   0x08002c6a   0x00000002   PAD
    0x08002c6c   0x08002c6c   0x00000058   Code   RO         1469    i.HAL_InitTick      stm32g4xx_hal.o
    0x08002cc4   0x08002cc4   0x00000044   Code   RO          907    i.HAL_MspInit       stm32g4xx_hal_msp.o
    0x08002d08   0x08002d08   0x00000028   Code   RO         2864    i.HAL_NVIC_EnableIRQ  stm32g4xx_hal_cortex.o
    0x08002d30   0x08002d30   0x0000007a   Code   RO         2870    i.HAL_NVIC_SetPriority  stm32g4xx_hal_cortex.o
    0x08002daa   0x08002daa   0x00000002   PAD
    0x08002dac   0x08002dac   0x00000028   Code   RO         2871    i.HAL_NVIC_SetPriorityGrouping  stm32g4xx_hal_cortex.o
    0x08002dd4   0x08002dd4   0x00000118   Code   RO         2620    i.HAL_PWREx_ControlVoltageScaling  stm32g4xx_hal_pwr_ex.o
    0x08002eec   0x08002eec   0x00000014   Code   RO         2632    i.HAL_PWREx_DisableUCPDDeadBattery  stm32g4xx_hal_pwr_ex.o
    0x08002f00   0x08002f00   0x00000418   Code   RO         1818    i.HAL_RCCEx_PeriphCLKConfig  stm32g4xx_hal_rcc_ex.o
    0x08003318   0x08003318   0x00000224   Code   RO         1688    i.HAL_RCC_ClockConfig  stm32g4xx_hal_rcc.o
    0x0800353c   0x0800353c   0x0000000c   Code   RO         1694    i.HAL_RCC_GetHCLKFreq  stm32g4xx_hal_rcc.o
    0x08003548   0x08003548   0x00000024   Code   RO         1696    i.HAL_RCC_GetPCLK1Freq  stm32g4xx_hal_rcc.o
    0x0800356c   0x0800356c   0x00000024   Code   RO         1697    i.HAL_RCC_GetPCLK2Freq  stm32g4xx_hal_rcc.o
    0x08003590   0x08003590   0x00000098   Code   RO         1698    i.HAL_RCC_GetSysClockFreq  stm32g4xx_hal_rcc.o
    0x08003628   0x08003628   0x00000568   Code   RO         1701    i.HAL_RCC_OscConfig  stm32g4xx_hal_rcc.o
    0x08003b90   0x08003b90   0x00000034   Code   RO         2875    i.HAL_SYSTICK_Config  stm32g4xx_hal_cortex.o
    0x08003bc4   0x08003bc4   0x00000002   Code   RO         5110    i.HAL_TIMEx_Break2Callback  stm32g4xx_hal_tim_ex.o
    0x08003bc6   0x08003bc6   0x00000002   Code   RO         5111    i.HAL_TIMEx_BreakCallback  stm32g4xx_hal_tim_ex.o
    0x08003bc8   0x08003bc8   0x00000002   Code   RO         5112    i.HAL_TIMEx_CommutCallback  stm32g4xx_hal_tim_ex.o
    0x08003bca   0x08003bca   0x00000002   Code   RO         5123    i.HAL_TIMEx_DirectionChangeCallback  stm32g4xx_hal_tim_ex.o
    0x08003bcc   0x08003bcc   0x00000002   Code   RO         5137    i.HAL_TIMEx_EncoderIndexCallback  stm32g4xx_hal_tim_ex.o
    0x08003bce   0x08003bce   0x00000002   Code   RO         5151    i.HAL_TIMEx_IndexErrorCallback  stm32g4xx_hal_tim_ex.o
    0x08003bd0   0x08003bd0   0x000000d8   Code   RO         5152    i.HAL_TIMEx_MasterConfigSynchronization  stm32g4xx_hal_tim_ex.o
    0x08003ca8   0x08003ca8   0x00000002   Code   RO         5173    i.HAL_TIMEx_TransitionErrorCallback  stm32g4xx_hal_tim_ex.o
    0x08003caa   0x08003caa   0x0000006e   Code   RO         4385    i.HAL_TIM_Base_Init  stm32g4xx_hal_tim.o
    0x08003d18   0x08003d18   0x00000078   Code   RO          683    i.HAL_TIM_Base_MspInit  tim.o
    0x08003d90   0x08003d90   0x000000b4   Code   RO         4390    i.HAL_TIM_Base_Start_IT  stm32g4xx_hal_tim.o
    0x08003e44   0x08003e44   0x0000013c   Code   RO         4394    i.HAL_TIM_ConfigClockSource  stm32g4xx_hal_tim.o
    0x08003f80   0x08003f80   0x00000002   Code   RO         4419    i.HAL_TIM_IC_CaptureCallback  stm32g4xx_hal_tim.o
    0x08003f82   0x08003f82   0x00000240   Code   RO         4433    i.HAL_TIM_IRQHandler  stm32g4xx_hal_tim.o
    0x080041c2   0x080041c2   0x00000002   Code   RO         4436    i.HAL_TIM_OC_DelayElapsedCallback  stm32g4xx_hal_tim.o
    0x080041c4   0x080041c4   0x00000002   Code   RO         4463    i.HAL_TIM_PWM_PulseFinishedCallback  stm32g4xx_hal_tim.o
    0x080041c6   0x080041c6   0x00000002   Code   RO         4471    i.HAL_TIM_PeriodElapsedCallback  stm32g4xx_hal_tim.o
    0x080041c8   0x080041c8   0x00000002   Code   RO         4476    i.HAL_TIM_TriggerCallback  stm32g4xx_hal_tim.o
    0x080041ca   0x080041ca   0x0000004e   Code   RO         5964    i.HAL_UARTEx_DisableFifoMode  stm32g4xx_hal_uart_ex.o
    0x08004218   0x08004218   0x00000002   Code   RO         5548    i.HAL_UARTEx_RxEventCallback  stm32g4xx_hal_uart.o
    0x0800421a   0x0800421a   0x00000002   Code   RO         5971    i.HAL_UARTEx_RxFifoFullCallback  stm32g4xx_hal_uart_ex.o
    0x0800421c   0x0800421c   0x0000005e   Code   RO         5972    i.HAL_UARTEx_SetRxFifoThreshold  stm32g4xx_hal_uart_ex.o
    0x0800427a   0x0800427a   0x0000005e   Code   RO         5973    i.HAL_UARTEx_SetTxFifoThreshold  stm32g4xx_hal_uart_ex.o
    0x080042d8   0x080042d8   0x00000002   Code   RO         5975    i.HAL_UARTEx_TxFifoEmptyCallback  stm32g4xx_hal_uart_ex.o
    0x080042da   0x080042da   0x00000002   Code   RO         5976    i.HAL_UARTEx_WakeupCallback  stm32g4xx_hal_uart_ex.o
    0x080042dc   0x080042dc   0x00000002   Code   RO         5564    i.HAL_UART_ErrorCallback  stm32g4xx_hal_uart.o
    0x080042de   0x080042de   0x00000002   PAD
    0x080042e0   0x080042e0   0x00000390   Code   RO         5567    i.HAL_UART_IRQHandler  stm32g4xx_hal_uart.o
    0x08004670   0x08004670   0x00000078   Code   RO         5568    i.HAL_UART_Init     stm32g4xx_hal_uart.o
    0x080046e8   0x080046e8   0x000000e4   Code   RO          731    i.HAL_UART_MspInit  usart.o
    0x080047cc   0x080047cc   0x000000cc   Code   RO         5578    i.HAL_UART_Transmit_DMA  stm32g4xx_hal_uart.o
    0x08004898   0x08004898   0x00000002   Code   RO         5580    i.HAL_UART_TxCpltCallback  stm32g4xx_hal_uart.o
    0x0800489a   0x0800489a   0x00000002   Code   RO         5581    i.HAL_UART_TxHalfCpltCallback  stm32g4xx_hal_uart.o
    0x0800489c   0x0800489c   0x00000010   Code   RO          776    i.HRTIM1_Master_IRQHandler  stm32g4xx_it.o
    0x080048ac   0x080048ac   0x0000000e   Code   RO         3125    i.HRTIM_DMAError    stm32g4xx_hal_hrtim.o
    0x080048ba   0x080048ba   0x00000090   Code   RO         3126    i.HRTIM_DMAMasterCplt  stm32g4xx_hal_hrtim.o
    0x0800494a   0x0800494a   0x00000196   Code   RO         3127    i.HRTIM_DMATimerxCplt  stm32g4xx_hal_hrtim.o
    0x08004ae0   0x08004ae0   0x00000094   Code   RO         3129    i.HRTIM_ForceRegistersUpdate  stm32g4xx_hal_hrtim.o
    0x08004b74   0x08004b74   0x00000044   Code   RO         3131    i.HRTIM_GetDMAHandleFromTimerIdx  stm32g4xx_hal_hrtim.o
    0x08004bb8   0x08004bb8   0x000000c8   Code   RO         3133    i.HRTIM_HRTIM_ISR   stm32g4xx_hal_hrtim.o
    0x08004c80   0x08004c80   0x00000028   Code   RO         3134    i.HRTIM_MasterBase_Config  stm32g4xx_hal_hrtim.o
    0x08004ca8   0x08004ca8   0x0000009e   Code   RO         3135    i.HRTIM_MasterWaveform_Config  stm32g4xx_hal_hrtim.o
    0x08004d46   0x08004d46   0x0000011a   Code   RO         3136    i.HRTIM_Master_ISR  stm32g4xx_hal_hrtim.o
    0x08004e60   0x08004e60   0x00000106   Code   RO         3137    i.HRTIM_OutputConfig  stm32g4xx_hal_hrtim.o
    0x08004f66   0x08004f66   0x000001ee   Code   RO         3139    i.HRTIM_Timer_ISR   stm32g4xx_hal_hrtim.o
    0x08005154   0x08005154   0x00000040   Code   RO         3140    i.HRTIM_TimingUnitBase_Config  stm32g4xx_hal_hrtim.o
    0x08005194   0x08005194   0x0000024c   Code   RO         3142    i.HRTIM_TimingUnitWaveform_Config  stm32g4xx_hal_hrtim.o
    0x080053e0   0x080053e0   0x0000005a   Code   RO         3143    i.HRTIM_TimingUnitWaveform_Control  stm32g4xx_hal_hrtim.o
    0x0800543a   0x0800543a   0x00000004   Code   RO          777    i.HardFault_Handler  stm32g4xx_it.o
    0x0800543e   0x0800543e   0x00000028   Code   RO         3925    i.I2C_Flush_TXDR    stm32g4xx_hal_i2c.o
    0x08005466   0x08005466   0x00000002   PAD
    0x08005468   0x08005468   0x00000148   Code   RO         3933    i.I2C_IsErrorOccurred  stm32g4xx_hal_i2c.o
    0x080055b0   0x080055b0   0x0000007c   Code   RO         3937    i.I2C_RequestMemoryWrite  stm32g4xx_hal_i2c.o
    0x0800562c   0x0800562c   0x00000038   Code   RO         3940    i.I2C_TransferConfig  stm32g4xx_hal_i2c.o
    0x08005664   0x08005664   0x0000005e   Code   RO         3942    i.I2C_WaitOnFlagUntilTimeout  stm32g4xx_hal_i2c.o
    0x080056c2   0x080056c2   0x00000056   Code   RO         3944    i.I2C_WaitOnSTOPFlagUntilTimeout  stm32g4xx_hal_i2c.o
    0x08005718   0x08005718   0x0000005a   Code   RO         3945    i.I2C_WaitOnTXISFlagUntilTimeout  stm32g4xx_hal_i2c.o
    0x08005772   0x08005772   0x00000002   PAD
    0x08005774   0x08005774   0x0000002c   Code   RO          269    i.KEY_GPIO_DEAL     key.o
    0x080057a0   0x080057a0   0x0000000e   Code   RO          270    i.KEY_GPIO_Init     key.o
    0x080057ae   0x080057ae   0x00000002   PAD
    0x080057b0   0x080057b0   0x000000ac   Code   RO          271    i.KEY_Init          key.o
    0x0800585c   0x0800585c   0x00000010   Code   RO          961    i.LL_ADC_Enable     stm32g4xx_hal_adc.o
    0x0800586c   0x0800586c   0x0000000a   Code   RO          963    i.LL_ADC_GetMultimode  stm32g4xx_hal_adc.o
    0x08005876   0x08005876   0x00000012   Code   RO          964    i.LL_ADC_GetOffsetChannel  stm32g4xx_hal_adc.o
    0x08005888   0x08005888   0x0000000a   Code   RO          965    i.LL_ADC_INJ_IsConversionOngoing  stm32g4xx_hal_adc.o
    0x08005892   0x08005892   0x0000000a   Code   RO          966    i.LL_ADC_IsDisableOngoing  stm32g4xx_hal_adc.o
    0x0800589c   0x0800589c   0x0000000a   Code   RO          967    i.LL_ADC_IsEnabled  stm32g4xx_hal_adc.o
    0x080058a6   0x080058a6   0x0000000a   Code   RO         1244    i.LL_ADC_IsEnabled  stm32g4xx_hal_adc_ex.o
    0x080058b0   0x080058b0   0x0000000a   Code   RO          968    i.LL_ADC_IsInternalRegulatorEnabled  stm32g4xx_hal_adc.o
    0x080058ba   0x080058ba   0x0000000a   Code   RO          969    i.LL_ADC_REG_IsConversionOngoing  stm32g4xx_hal_adc.o
    0x080058c4   0x080058c4   0x0000000a   Code   RO         1245    i.LL_ADC_REG_IsConversionOngoing  stm32g4xx_hal_adc_ex.o
    0x080058ce   0x080058ce   0x00000012   Code   RO          970    i.LL_ADC_REG_IsTriggerSourceSWStart  stm32g4xx_hal_adc.o
    0x080058e0   0x080058e0   0x00000010   Code   RO          971    i.LL_ADC_REG_StartConversion  stm32g4xx_hal_adc.o
    0x080058f0   0x080058f0   0x00000028   Code   RO          973    i.LL_ADC_SetChannelSamplingTime  stm32g4xx_hal_adc.o
    0x08005918   0x08005918   0x0000000c   Code   RO          974    i.LL_ADC_SetCommonPathInternalCh  stm32g4xx_hal_adc.o
    0x08005924   0x08005924   0x00000016   Code   RO          975    i.LL_ADC_SetOffsetState  stm32g4xx_hal_adc.o
    0x0800593a   0x0800593a   0x0000000c   Code   RO          976    i.LL_ADC_SetSamplingTimeCommonConfig  stm32g4xx_hal_adc.o
    0x08005946   0x08005946   0x00000002   PAD
    0x08005948   0x08005948   0x00000118   Code   RO          528    i.MX_ADC1_Init      adc.o
    0x08005a60   0x08005a60   0x00000060   Code   RO          568    i.MX_DMA_Init       dma.o
    0x08005ac0   0x08005ac0   0x000000d4   Code   RO          502    i.MX_GPIO_Init      gpio.o
    0x08005b94   0x08005b94   0x000002dc   Code   RO          595    i.MX_HRTIM1_Init    hrtim.o
    0x08005e70   0x08005e70   0x00000058   Code   RO          642    i.MX_I2C1_Init      i2c.o
    0x08005ec8   0x08005ec8   0x0000006c   Code   RO          684    i.MX_TIM2_Init      tim.o
    0x08005f34   0x08005f34   0x00000070   Code   RO          685    i.MX_TIM3_Init      tim.o
    0x08005fa4   0x08005fa4   0x0000006c   Code   RO          732    i.MX_USART3_UART_Init  usart.o
    0x08006010   0x08006010   0x00000004   Code   RO          778    i.MemManage_Handler  stm32g4xx_it.o
    0x08006014   0x08006014   0x00000004   Code   RO          779    i.NMI_Handler       stm32g4xx_it.o
    0x08006018   0x08006018   0x000000d4   Code   RO           14    i.OLEDShowData      oled.o
    0x080060ec   0x080060ec   0x00000010   Code   RO           15    i.OLED_CLS          oled.o
    0x080060fc   0x080060fc   0x0000003a   Code   RO           17    i.OLED_Fill         oled.o
    0x08006136   0x08006136   0x000000b8   Code   RO           18    i.OLED_Init         oled.o
    0x080061ee   0x080061ee   0x00000016   Code   RO           20    i.OLED_ON           oled.o
    0x08006204   0x08006204   0x000000dc   Code   RO           21    i.OLED_SHOW         oled.o
    0x080062e0   0x080062e0   0x00000028   Code   RO           22    i.OLED_SetPos       oled.o
    0x08006308   0x08006308   0x000000ec   Code   RO           26    i.OLED_ShowStr      oled.o
    0x080063f4   0x080063f4   0x00000150   Code   RO          780    i.PLL               stm32g4xx_it.o
    0x08006544   0x08006544   0x00000002   Code   RO          781    i.PendSV_Handler    stm32g4xx_it.o
    0x08006546   0x08006546   0x00000002   PAD
    0x08006548   0x08006548   0x00000068   Code   RO         1702    i.RCC_GetSysClockFreqFromPLLSource  stm32g4xx_hal_rcc.o
    0x080065b0   0x080065b0   0x00000068   Code   RO          782    i.SOGI              stm32g4xx_it.o
    0x08006618   0x08006618   0x00000002   Code   RO          783    i.SVC_Handler       stm32g4xx_it.o
    0x0800661a   0x0800661a   0x00000008   Code   RO          784    i.SysTick_Handler   stm32g4xx_it.o
    0x08006622   0x08006622   0x0000006c   Code   RO          442    i.SystemClock_Config  main.o
    0x0800668e   0x0800668e   0x00000002   PAD
    0x08006690   0x08006690   0x00000014   Code   RO         6082    i.SystemInit        system_stm32g4xx.o
    0x080066a4   0x080066a4   0x00000108   Code   RO          785    i.TIM2_IRQHandler   stm32g4xx_it.o
    0x080067ac   0x080067ac   0x00000068   Code   RO          786    i.TIM3_IRQHandler   stm32g4xx_it.o
    0x08006814   0x08006814   0x000000e0   Code   RO         4478    i.TIM_Base_SetConfig  stm32g4xx_hal_tim.o
    0x080068f4   0x080068f4   0x00000016   Code   RO         4489    i.TIM_ETR_SetConfig  stm32g4xx_hal_tim.o
    0x0800690a   0x0800690a   0x00000002   PAD
    0x0800690c   0x0800690c   0x00000018   Code   RO         4490    i.TIM_ITRx_SetConfig  stm32g4xx_hal_tim.o
    0x08006924   0x08006924   0x00000026   Code   RO         4498    i.TIM_TI1_ConfigInputStage  stm32g4xx_hal_tim.o
    0x0800694a   0x0800694a   0x00000028   Code   RO         4500    i.TIM_TI2_ConfigInputStage  stm32g4xx_hal_tim.o
    0x08006972   0x08006972   0x00000002   PAD
    0x08006974   0x08006974   0x00000058   Code   RO         5977    i.UARTEx_SetNbDataToProcess  stm32g4xx_hal_uart_ex.o
    0x080069cc   0x080069cc   0x000000f8   Code   RO         5582    i.UART_AdvFeatureConfig  stm32g4xx_hal_uart.o
    0x08006ac4   0x08006ac4   0x00000076   Code   RO         5583    i.UART_CheckIdleState  stm32g4xx_hal_uart.o
    0x08006b3a   0x08006b3a   0x00000018   Code   RO         5584    i.UART_DMAAbortOnError  stm32g4xx_hal_uart.o
    0x08006b52   0x08006b52   0x0000005e   Code   RO         5585    i.UART_DMAError     stm32g4xx_hal_uart.o
    0x08006bb0   0x08006bb0   0x00000056   Code   RO         5590    i.UART_DMATransmitCplt  stm32g4xx_hal_uart.o
    0x08006c06   0x08006c06   0x0000000e   Code   RO         5592    i.UART_DMATxHalfCplt  stm32g4xx_hal_uart.o
    0x08006c14   0x08006c14   0x0000006c   Code   RO         5594    i.UART_EndRxTransfer  stm32g4xx_hal_uart.o
    0x08006c80   0x08006c80   0x00000030   Code   RO         5595    i.UART_EndTransmit_IT  stm32g4xx_hal_uart.o
    0x08006cb0   0x08006cb0   0x00000040   Code   RO         5596    i.UART_EndTxTransfer  stm32g4xx_hal_uart.o
    0x08006cf0   0x08006cf0   0x000003c8   Code   RO         5601    i.UART_SetConfig    stm32g4xx_hal_uart.o
    0x080070b8   0x080070b8   0x000000fe   Code   RO         5608    i.UART_WaitOnFlagUntilTimeout  stm32g4xx_hal_uart.o
    0x080071b6   0x080071b6   0x00000002   PAD
    0x080071b8   0x080071b8   0x00000010   Code   RO          787    i.USART3_IRQHandler  stm32g4xx_it.o
    0x080071c8   0x080071c8   0x00000004   Code   RO          788    i.UsageFault_Handler  stm32g4xx_it.o
    0x080071cc   0x080071cc   0x00000024   Code   RO           27    i.WriteCmd          oled.o
    0x080071f0   0x080071f0   0x00000024   Code   RO           28    i.WriteDat          oled.o
    0x08007214   0x08007214   0x00000026   Code   RO        11831    i.__ARM_fpclassifyf  m_wm.l(fpclassifyf.o)
    0x0800723a   0x0800723a   0x00000002   PAD
    0x0800723c   0x0800723c   0x00000010   Code   RO         2877    i.__NVIC_GetPriorityGrouping  stm32g4xx_hal_cortex.o
    0x0800724c   0x0800724c   0x00000028   Code   RO         2878    i.__NVIC_SetPriority  stm32g4xx_hal_cortex.o
    0x08007274   0x08007274   0x00000150   Code   RO        11653    i.__hardfp_cosf     m_wm.l(cosf.o)
    0x080073c4   0x080073c4   0x00000190   Code   RO        11741    i.__hardfp_sinf     m_wm.l(sinf.o)
    0x08007554   0x08007554   0x00000006   Code   RO        11834    i.__mathlib_flt_infnan  m_wm.l(funder.o)
    0x0800755a   0x0800755a   0x00000002   PAD
    0x0800755c   0x0800755c   0x00000010   Code   RO        11836    i.__mathlib_flt_invalid  m_wm.l(funder.o)
    0x0800756c   0x0800756c   0x00000010   Code   RO        11839    i.__mathlib_flt_underflow  m_wm.l(funder.o)
    0x0800757c   0x0800757c   0x00000154   Code   RO        11850    i.__mathlib_rredf2  m_wm.l(rredf.o)
    0x080076d0   0x080076d0   0x00000006   Code   RO          272    i.act0              key.o
    0x080076d6   0x080076d6   0x00000002   PAD
    0x080076d8   0x080076d8   0x0000002c   Code   RO          273    i.act1              key.o
    0x08007704   0x08007704   0x0000001a   Code   RO          274    i.act2              key.o
    0x0800771e   0x0800771e   0x00000030   Code   RO          275    i.act3              key.o
    0x0800774e   0x0800774e   0x00000002   Code   RO          276    i.callback10        key.o
    0x08007750   0x08007750   0x00000002   Code   RO          277    i.callback11        key.o
    0x08007752   0x08007752   0x00000002   PAD
    0x08007754   0x08007754   0x00000014   Code   RO          278    i.callback12        key.o
    0x08007768   0x08007768   0x00000002   Code   RO          279    i.callback13        key.o
    0x0800776a   0x0800776a   0x00000002   Code   RO          280    i.callback20        key.o
    0x0800776c   0x0800776c   0x00000002   Code   RO          281    i.callback21        key.o
    0x0800776e   0x0800776e   0x00000002   PAD
    0x08007770   0x08007770   0x00000014   Code   RO          282    i.callback22        key.o
    0x08007784   0x08007784   0x00000002   Code   RO          283    i.callback23        key.o
    0x08007786   0x08007786   0x00000002   Code   RO          284    i.callback30        key.o
    0x08007788   0x08007788   0x00000002   Code   RO          285    i.callback31        key.o
    0x0800778a   0x0800778a   0x00000002   PAD
    0x0800778c   0x0800778c   0x00000014   Code   RO          286    i.callback32        key.o
    0x080077a0   0x080077a0   0x00000002   Code   RO          287    i.callback33        key.o
    0x080077a2   0x080077a2   0x00000002   Code   RO          288    i.callback40        key.o
    0x080077a4   0x080077a4   0x00000002   Code   RO          289    i.callback41        key.o
    0x080077a6   0x080077a6   0x00000002   PAD
    0x080077a8   0x080077a8   0x00000014   Code   RO          290    i.callback42        key.o
    0x080077bc   0x080077bc   0x00000002   Code   RO          291    i.callback43        key.o
    0x080077be   0x080077be   0x00000002   PAD
    0x080077c0   0x080077c0   0x00000108   Code   RO          443    i.main              main.o
    0x080078c8   0x080078c8   0x0000000a   Code   RO        11960    x$fpl$fpinit        fz_wm.l(fpinit.o)
    0x080078d2   0x080078d2   0x00000000   Code   RO        11814    x$fpl$usenofp       fz_wm.l(usenofp.o)
    0x080078d2   0x080078d2   0x00000c18   Data   RO           30    .constdata          oled.o
    0x080084ea   0x080084ea   0x00000018   Data   RO         5609    .constdata          stm32g4xx_hal_uart.o
    0x08008502   0x08008502   0x00000010   Data   RO         5979    .constdata          stm32g4xx_hal_uart_ex.o
    0x08008512   0x08008512   0x00000018   Data   RO         6083    .constdata          system_stm32g4xx.o
    0x0800852a   0x0800852a   0x00000002   PAD
    0x0800852c   0x0800852c   0x00000020   Data   RO        11851    .constdata          m_wm.l(rredf.o)
    0x0800854c   0x0800854c   0x00000020   Data   RO        12018    Region$$Table       anon$$obj.o


    Execution Region RW_IRAM1 (Exec base: 0x20000000, Load base: 0x0800856c, Size: 0x00001b10, Max: 0x00020000, ABSOLUTE, COMPRESSED[0x00000bc8])

    Exec Addr    Load Addr    Size         Type   Attr      Idx    E Section Name        Object

    0x20000000   COMPRESSED   0x000000b4   Data   RW          292    .data               key.o
    0x200000b4   COMPRESSED   0x00000004   Data   RW          445    .data               main.o
    0x200000b8   COMPRESSED   0x00000fc8   Data   RW          790    .data               stm32g4xx_it.o
    0x20001080   COMPRESSED   0x0000000c   Data   RW         1488    .data               stm32g4xx_hal.o
    0x2000108c   COMPRESSED   0x0000001c   Data   RW         3144    .data               stm32g4xx_hal_hrtim.o
    0x200010a8   COMPRESSED   0x00000004   Data   RW         6084    .data               system_stm32g4xx.o
    0x200010ac        -       0x0000000a   Zero   RW          444    .bss                main.o
    0x200010b6   COMPRESSED   0x00000002   PAD
    0x200010b8        -       0x000000cc   Zero   RW          529    .bss                adc.o
    0x20001184        -       0x000000fc   Zero   RW          596    .bss                hrtim.o
    0x20001280        -       0x0000004c   Zero   RW          643    .bss                i2c.o
    0x200012cc        -       0x00000098   Zero   RW          686    .bss                tim.o
    0x20001364        -       0x000000f0   Zero   RW          733    .bss                usart.o
    0x20001454        -       0x00000058   Zero   RW          789    .bss                stm32g4xx_it.o
    0x200014ac        -       0x00000060   Zero   RW        11876    .bss                c_w.l(libspace.o)
    0x2000150c   COMPRESSED   0x00000004   PAD
    0x20001510        -       0x00000200   Zero   RW            2    HEAP                startup_stm32g474xx.o
    0x20001710        -       0x00000400   Zero   RW            1    STACK               startup_stm32g474xx.o


==============================================================================

Image component sizes


      Code (inc. data)   RO Data    RW Data    ZI Data      Debug   Object Name

       536         42          0          0        204       2099   adc.o
        96          6          0          0          0        810   dma.o
       212         14          0          0          0        991   gpio.o
       924         34          0          0        252       2983   hrtim.o
       292         26          0          0         76       1801   i2c.o
       502        128          0        180          0      13116   key.o
       378         50          0          4         10       2396   main.o
      1060         76       3096          0          0    1055605   oled.o
        64         26        472          0       1536        848   startup_stm32g474xx.o
       194         32          0         12          0       4349   stm32g4xx_hal.o
      3146        160          0          0          0      84927   stm32g4xx_hal_adc.o
       636         36          0          0          0      69849   stm32g4xx_hal_adc_ex.o
       310         22          0          0          0      34387   stm32g4xx_hal_cortex.o
      1090         22          0          0          0       6338   stm32g4xx_hal_dma.o
       506         32          0          0          0       3396   stm32g4xx_hal_gpio.o
      6268         72          0         28          0      42002   stm32g4xx_hal_hrtim.o
      1422         22          0          0          0       9639   stm32g4xx_hal_i2c.o
       210          0          0          0          0       1959   stm32g4xx_hal_i2c_ex.o
        68          6          0          0          0        858   stm32g4xx_hal_msp.o
       300         18          0          0          0       1417   stm32g4xx_hal_pwr_ex.o
      2272        108          0          0          0       7288   stm32g4xx_hal_rcc.o
      1048         10          0          0          0       1988   stm32g4xx_hal_rcc_ex.o
      1540         88          0          0          0      10483   stm32g4xx_hal_tim.o
       230         34          0          0          0       5560   stm32g4xx_hal_tim_ex.o
      3270         98         24          0          0      34066   stm32g4xx_hal_uart.o
       360         10         16          0          0       5454   stm32g4xx_hal_uart_ex.o
       918        142          0       4040         88       9980   stm32g4xx_it.o
        20          6         24          4          0       1139   system_stm32g4xx.o
       340         20          0          0        152       2407   tim.o
       336         32          0          0        240       1889   usart.o

    ----------------------------------------------------------------------
     28594       1372       3666       4268       2560    1420024   Object Totals
         0          0         32          0          0          0   (incl. Generated)
        46          0          2          0          2          0   (incl. Padding)

    ----------------------------------------------------------------------

      Code (inc. data)   RO Data    RW Data    ZI Data      Debug   Library Member Name

       100          0          0          0          0          0   __dclz77c.o
         8          0          0          0          0         68   __main.o
         0          0          0          0          0          0   __rtentry.o
        12          0          0          0          0          0   __rtentry2.o
         6          0          0          0          0          0   __rtentry4.o
        52          8          0          0          0          0   __scatter.o
        28          0          0          0          0          0   __scatter_zi.o
        22          0          0          0          0        100   _rserrno.o
        18          0          0          0          0         80   exit.o
         6          0          0          0          0        152   heapauxi.o
         0          0          0          0          0          0   indicate_semi.o
         2          0          0          0          0          0   libinit.o
         6          0          0          0          0          0   libinit2.o
         2          0          0          0          0          0   libshutdown.o
         2          0          0          0          0          0   libshutdown2.o
         8          4          0          0         96         68   libspace.o
       238          0          0          0          0        100   lludivv7m.o
         8          4          0          0          0         68   rt_errno_addr_intlibspace.o
        78          0          0          0          0         80   rt_memclr_w.o
         2          0          0          0          0          0   rtexit.o
        10          0          0          0          0          0   rtexit2.o
        12          4          0          0          0         68   sys_exit.o
        74          0          0          0          0         80   sys_stackheap_outer.o
         2          0          0          0          0         68   use_no_semi.o
        10          0          0          0          0        116   fpinit.o
         0          0          0          0          0          0   usenofp.o
       336         56          0          0          0        136   cosf.o
        38          0          0          0          0        116   fpclassifyf.o
        38         12          0          0          0        348   funder.o
       340         24         32          0          0        160   rredf.o
       400         56          0          0          0        212   sinf.o

    ----------------------------------------------------------------------
      1864        168         32          0        100       2020   Library Totals
         6          0          0          0          4          0   (incl. Padding)

    ----------------------------------------------------------------------

      Code (inc. data)   RO Data    RW Data    ZI Data      Debug   Library Name

       696         20          0          0         96        932   c_w.l
        10          0          0          0          0        116   fz_wm.l
      1152        148         32          0          0        972   m_wm.l

    ----------------------------------------------------------------------
      1864        168         32          0        100       2020   Library Totals

    ----------------------------------------------------------------------

==============================================================================


      Code (inc. data)   RO Data    RW Data    ZI Data      Debug   

     30458       1540       3698       4268       2660    1397180   Grand Totals
     30458       1540       3698       3016       2660    1397180   ELF Image Totals (compressed)
     30458       1540       3698       3016          0          0   ROM Totals

==============================================================================

    Total RO  Size (Code + RO Data)                34156 (  33.36kB)
    Total RW  Size (RW Data + ZI Data)              6928 (   6.77kB)
    Total ROM Size (Code + RO Data + RW Data)      37172 (  36.30kB)

==============================================================================

