Component: ARM Compiler 5.06 update 7 (build 960) Tool: armlink [4d3601]

==============================================================================

Section Cross References

    startup_stm32g474xx.o(STACK) refers (Special) to heapauxi.o(.text) for __use_two_region_memory
    startup_stm32g474xx.o(HEAP) refers (Special) to heapauxi.o(.text) for __use_two_region_memory
    startup_stm32g474xx.o(RESET) refers (Special) to heapauxi.o(.text) for __use_two_region_memory
    startup_stm32g474xx.o(RESET) refers to startup_stm32g474xx.o(STACK) for __initial_sp
    startup_stm32g474xx.o(RESET) refers to startup_stm32g474xx.o(.text) for Reset_Handler
    startup_stm32g474xx.o(RESET) refers to stm32g4xx_it.o(i.NMI_Handler) for NMI_Handler
    startup_stm32g474xx.o(RESET) refers to stm32g4xx_it.o(i.HardFault_Handler) for HardFault_Handler
    startup_stm32g474xx.o(RESET) refers to stm32g4xx_it.o(i.MemManage_Handler) for MemManage_Handler
    startup_stm32g474xx.o(RESET) refers to stm32g4xx_it.o(i.BusFault_Handler) for BusFault_Handler
    startup_stm32g474xx.o(RESET) refers to stm32g4xx_it.o(i.UsageFault_Handler) for UsageFault_Handler
    startup_stm32g474xx.o(RESET) refers to stm32g4xx_it.o(i.SVC_Handler) for SVC_Handler
    startup_stm32g474xx.o(RESET) refers to stm32g4xx_it.o(i.DebugMon_Handler) for DebugMon_Handler
    startup_stm32g474xx.o(RESET) refers to stm32g4xx_it.o(i.PendSV_Handler) for PendSV_Handler
    startup_stm32g474xx.o(RESET) refers to stm32g4xx_it.o(i.SysTick_Handler) for SysTick_Handler
    startup_stm32g474xx.o(RESET) refers to stm32g4xx_it.o(i.DMA1_Channel1_IRQHandler) for DMA1_Channel1_IRQHandler
    startup_stm32g474xx.o(RESET) refers to stm32g4xx_it.o(i.DMA1_Channel2_IRQHandler) for DMA1_Channel2_IRQHandler
    startup_stm32g474xx.o(RESET) refers to stm32g4xx_it.o(i.TIM2_IRQHandler) for TIM2_IRQHandler
    startup_stm32g474xx.o(RESET) refers to stm32g4xx_it.o(i.TIM3_IRQHandler) for TIM3_IRQHandler
    startup_stm32g474xx.o(RESET) refers to stm32g4xx_it.o(i.USART3_IRQHandler) for USART3_IRQHandler
    startup_stm32g474xx.o(RESET) refers to stm32g4xx_it.o(i.HRTIM1_Master_IRQHandler) for HRTIM1_Master_IRQHandler
    startup_stm32g474xx.o(.text) refers (Special) to heapauxi.o(.text) for __use_two_region_memory
    startup_stm32g474xx.o(.text) refers to system_stm32g4xx.o(i.SystemInit) for SystemInit
    startup_stm32g474xx.o(.text) refers to __main.o(!!!main) for __main
    startup_stm32g474xx.o(.text) refers to startup_stm32g474xx.o(HEAP) for Heap_Mem
    startup_stm32g474xx.o(.text) refers to startup_stm32g474xx.o(STACK) for Stack_Mem
    oled.o(i.OLEDShowData) refers to oled.o(i.OLED_ShowStr) for OLED_ShowStr
    oled.o(i.OLED_CLS) refers to oled.o(i.OLED_Fill) for OLED_Fill
    oled.o(i.OLED_CLS) refers to stm32g4xx_hal.o(i.HAL_Delay) for HAL_Delay
    oled.o(i.OLED_DrawBMP) refers to oled.o(i.OLED_SetPos) for OLED_SetPos
    oled.o(i.OLED_DrawBMP) refers to oled.o(i.WriteDat) for WriteDat
    oled.o(i.OLED_Fill) refers to oled.o(i.WriteCmd) for WriteCmd
    oled.o(i.OLED_Fill) refers to oled.o(i.WriteDat) for WriteDat
    oled.o(i.OLED_Init) refers to stm32g4xx_hal.o(i.HAL_Delay) for HAL_Delay
    oled.o(i.OLED_Init) refers to oled.o(i.WriteCmd) for WriteCmd
    oled.o(i.OLED_OFF) refers to oled.o(i.WriteCmd) for WriteCmd
    oled.o(i.OLED_ON) refers to oled.o(i.WriteCmd) for WriteCmd
    oled.o(i.OLED_SetPos) refers to oled.o(i.WriteCmd) for WriteCmd
    oled.o(i.OLED_ShowCN) refers to oled.o(i.OLED_SetPos) for OLED_SetPos
    oled.o(i.OLED_ShowCN) refers to oled.o(i.WriteDat) for WriteDat
    oled.o(i.OLED_ShowCN) refers to oled.o(.data) for F16x16
    oled.o(i.OLED_ShowChar) refers to oled.o(i.OLED_SetPos) for OLED_SetPos
    oled.o(i.OLED_ShowChar) refers to oled.o(i.WriteDat) for WriteDat
    oled.o(i.OLED_ShowChar) refers to oled.o(.constdata) for F8X16
    oled.o(i.OLED_ShowNum) refers to oled.o(i.oled_pow) for oled_pow
    oled.o(i.OLED_ShowNum) refers to oled.o(i.OLED_ShowChar) for OLED_ShowChar
    oled.o(i.OLED_ShowStr) refers to oled.o(i.OLED_SetPos) for OLED_SetPos
    oled.o(i.OLED_ShowStr) refers to oled.o(i.WriteDat) for WriteDat
    oled.o(i.OLED_ShowStr) refers to oled.o(.constdata) for F6x8
    oled.o(i.WriteCmd) refers to stm32g4xx_hal_i2c.o(i.HAL_I2C_Mem_Write) for HAL_I2C_Mem_Write
    oled.o(i.WriteCmd) refers to i2c.o(.bss) for hi2c1
    oled.o(i.WriteDat) refers to stm32g4xx_hal_i2c.o(i.HAL_I2C_Mem_Write) for HAL_I2C_Mem_Write
    oled.o(i.WriteDat) refers to i2c.o(.bss) for hi2c1
    main.o(i.SystemClock_Config) refers to rt_memclr_w.o(.text) for __aeabi_memclr4
    main.o(i.SystemClock_Config) refers to stm32g4xx_hal_pwr_ex.o(i.HAL_PWREx_ControlVoltageScaling) for HAL_PWREx_ControlVoltageScaling
    main.o(i.SystemClock_Config) refers to stm32g4xx_hal_rcc.o(i.HAL_RCC_OscConfig) for HAL_RCC_OscConfig
    main.o(i.SystemClock_Config) refers to main.o(i.Error_Handler) for Error_Handler
[...]
    i.UART_DMATransmitCplt                   0x08006878   Section        0  stm32g4xx_hal_uart.o(i.UART_DMATransmitCplt)
    UART_DMATransmitCplt                     0x08006879   Thumb Code    86  stm32g4xx_hal_uart.o(i.UART_DMATransmitCplt)
    i.UART_DMATxHalfCplt                     0x080068ce   Section        0  stm32g4xx_hal_uart.o(i.UART_DMATxHalfCplt)
    UART_DMATxHalfCplt                       0x080068cf   Thumb Code    14  stm32g4xx_hal_uart.o(i.UART_DMATxHalfCplt)
    i.UART_EndRxTransfer                     0x080068dc   Section        0  stm32g4xx_hal_uart.o(i.UART_EndRxTransfer)
    UART_EndRxTransfer                       0x080068dd   Thumb Code   104  stm32g4xx_hal_uart.o(i.UART_EndRxTransfer)
    i.UART_EndTransmit_IT                    0x08006948   Section        0  stm32g4xx_hal_uart.o(i.UART_EndTransmit_IT)
    UART_EndTransmit_IT                      0x08006949   Thumb Code    48  stm32g4xx_hal_uart.o(i.UART_EndTransmit_IT)
    i.UART_EndTxTransfer                     0x08006978   Section        0  stm32g4xx_hal_uart.o(i.UART_EndTxTransfer)
    UART_EndTxTransfer                       0x08006979   Thumb Code    64  stm32g4xx_hal_uart.o(i.UART_EndTxTransfer)
    i.UART_SetConfig                         0x080069b8   Section        0  stm32g4xx_hal_uart.o(i.UART_SetConfig)
    i.UART_WaitOnFlagUntilTimeout            0x08006d80   Section        0  stm32g4xx_hal_uart.o(i.UART_WaitOnFlagUntilTimeout)
    i.USART3_IRQHandler                      0x08006e80   Section        0  stm32g4xx_it.o(i.USART3_IRQHandler)
    i.UsageFault_Handler                     0x08006e90   Section        0  stm32g4xx_it.o(i.UsageFault_Handler)
    i.WriteCmd                               0x08006e94   Section        0  oled.o(i.WriteCmd)
    i.WriteDat                               0x08006eb8   Section        0  oled.o(i.WriteDat)
    i.__ARM_fpclassifyf                      0x08006edc   Section        0  fpclassifyf.o(i.__ARM_fpclassifyf)
    i.__NVIC_GetPriorityGrouping             0x08006f04   Section        0  stm32g4xx_hal_cortex.o(i.__NVIC_GetPriorityGrouping)
    __NVIC_GetPriorityGrouping               0x08006f05   Thumb Code    10  stm32g4xx_hal_cortex.o(i.__NVIC_GetPriorityGrouping)
    i.__NVIC_SetPriority                     0x08006f14   Section        0  stm32g4xx_hal_cortex.o(i.__NVIC_SetPriority)
    __NVIC_SetPriority                       0x08006f15   Thumb Code    32  stm32g4xx_hal_cortex.o(i.__NVIC_SetPriority)
    i.__hardfp_cosf                          0x08006f3c   Section        0  cosf.o(i.__hardfp_cosf)
    i.__hardfp_sinf                          0x0800708c   Section        0  sinf.o(i.__hardfp_sinf)
    i.__mathlib_flt_infnan                   0x0800721c   Section        0  funder.o(i.__mathlib_flt_infnan)
    i.__mathlib_flt_invalid                  0x08007224   Section        0  funder.o(i.__mathlib_flt_invalid)
    i.__mathlib_flt_underflow                0x08007234   Section        0  funder.o(i.__mathlib_flt_underflow)
    i.__mathlib_rredf2                       0x08007244   Section        0  rredf.o(i.__mathlib_rredf2)
    i.main                                   0x08007398   Section        0  main.o(i.main)
    x$fpl$fpinit                             0x08007478   Section       10  fpinit.o(x$fpl$fpinit)
    $v0                                      0x08007478   Number         0  fpinit.o(x$fpl$fpinit)
    .constdata                               0x08007482   Section     2072  oled.o(.constdata)
    x$fpl$usenofp                            0x08007482   Section        0  usenofp.o(x$fpl$usenofp)
    .constdata                               0x08007c9a   Section       24  stm32g4xx_hal_uart.o(.constdata)
    .constdata                               0x08007cb2   Section       16  stm32g4xx_hal_uart_ex.o(.constdata)
    numerator                                0x08007cb2   Data           8  stm32g4xx_hal_uart_ex.o(.constdata)
    denominator                              0x08007cba   Data           8  stm32g4xx_hal_uart_ex.o(.constdata)
    .constdata                               0x08007cc2   Section       24  system_stm32g4xx.o(.constdata)
    .constdata                               0x08007cdc   Section       32  rredf.o(.constdata)
    twooverpi                                0x08007cdc   Data          32  rredf.o(.constdata)
    .data                                    0x20000000   Section     4040  stm32g4xx_it.o(.data)
    c                                        0x20000fbc   Data           4  stm32g4xx_it.o(.data)
    i                                        0x20000fc0   Data           4  stm32g4xx_it.o(.data)
    Vduty                                    0x20000fc4   Data           2  stm32g4xx_it.o(.data)
    Vtrig                                    0x20000fc6   Data           2  stm32g4xx_it.o(.data)
    .data                                    0x20000fc8   Section       12  stm32g4xx_hal.o(.data)
    .data                                    0x20000fd4   Section       28  stm32g4xx_hal_hrtim.o(.data)
    TimerIdxToTimerId                        0x20000fd4   Data          28  stm32g4xx_hal_hrtim.o(.data)
    .data                                    0x20000ff0   Section        4  system_stm32g4xx.o(.data)
    .bss                                     0x20000ff4   Section       10  main.o(.bss)
    .bss                                     0x20001000   Section      204  adc.o(.bss)
    .bss                                     0x200010cc   Section      252  hrtim.o(.bss)
    .bss                                     0x200011c8   Section       76  i2c.o(.bss)
    .bss                                     0x20001214   Section      152  tim.o(.bss)
    .bss                                     0x200012ac   Section      240  usart.o(.bss)
    .bss                                     0x2000139c   Section       88  stm32g4xx_it.o(.bss)
    Vout                                     0x2000139c   Data          36  stm32g4xx_it.o(.bss)
    IL                                       0x200013c0   Data          36  stm32g4xx_it.o(.bss)
    temp                                     0x200013e4   Data          16  stm32g4xx_it.o(.bss)
    .bss                                     0x200013f4   Section       96  libspace.o(.bss)
    HEAP                                     0x20001458   Section      512  startup_stm32g474xx.o(HEAP)
    Heap_Mem                                 0x20001458   Data         512  startup_stm32g474xx.o(HEAP)
    STACK                                    0x20001658   Section     1024  startup_stm32g474xx.o(STACK)
    Stack_Mem                                0x20001658   Data        1024  startup_stm32g474xx.o(STACK)
    __initial_sp                             0x20001a58   Data           0  startup_stm32g474xx.o(STACK)

    Global Symbols

    Symbol Name                              Value     Ov Type        Size  Object(Section)

    BuildAttributes$$THM_ISAv4$E$P$D$K$B$S$7EM$VFPi3$EXTD16$VFPS$VFMA$PE$A:L22UL41UL21$X:L11$S22US41US21$IEEE1$IW$USESV6$~STKCKD$USESV7$~SHL$OTIME$ROPI$IEEEX$EBA8$UX$STANDARDLIB$REQ8$PRES8$EABIv2 0x00000000   Number         0  anon$$obj.o ABSOLUTE
    __ARM_use_no_argv                        0x00000000   Number         0  main.o ABSOLUTE
    __ARM_exceptions_init                     - Undefined Weak Reference
    __alloca_initialize                       - Undefined Weak Reference
    __arm_fini_                               - Undefined Weak Reference
    __arm_preinit_                            - Undefined Weak Reference
    __cpp_initialize__aeabi_                  - Undefined Weak Reference
    __cxa_finalize                            - Undefined Weak Reference
    __rt_locale                               - Undefined Weak Reference
    __sigvec_lookup                           - Undefined Weak Reference
    _atexit_init                              - Undefined Weak Reference
    _call_atexit_fns                          - Undefined Weak Reference
    _clock_init                               - Undefined Weak Reference
    _fp_trap_init                             - Undefined Weak Reference
    _fp_trap_shutdown                         - Undefined Weak Reference
    _get_lc_collate                           - Undefined Weak Reference
    _get_lc_ctype                             - Undefined Weak Reference
    _get_lc_monetary                          - Undefined Weak Reference
    _get_lc_numeric                           - Undefined Weak Reference
    _get_lc_time                              - Undefined Weak Reference
    _getenv_init                              - Undefined Weak Reference
    _handle_redirection                       - Undefined Weak Reference
    _init_alloc                               - Undefined Weak Reference
    _init_user_alloc                          - Undefined Weak Reference
    _initio                                   - Undefined Weak Reference
    _rand_init                                - Undefined Weak Reference
    _signal_finish                            - Undefined Weak Reference
    _signal_init                              - Undefined Weak Reference
    _terminate_alloc                          - Undefined Weak Reference
    _terminate_user_alloc                     - Undefined Weak Reference
    _terminateio                              - Undefined Weak Reference
    __Vectors_Size                           0x000001d8   Number         0  startup_stm32g474xx.o ABSOLUTE
    __Vectors                                0x08000000   Data           4  startup_stm32g474xx.o(RESET)
    __Vectors_End                            0x080001d8   Data           0  startup_stm32g474xx.o(RESET)
    __main                                   0x080001d9   Thumb Code     8  __main.o(!!!main)
    __scatterload                            0x080001e1   Thumb Code     0  __scatter.o(!!!scatter)
    __scatterload_rt2                        0x080001e1   Thumb Code    44  __scatter.o(!!!scatter)
    __scatterload_rt2_thumb_only             0x080001e1   Thumb Code     0  __scatter.o(!!!scatter)
    __scatterload_null                       0x080001ef   Thumb Code     0  __scatter.o(!!!scatter)
    __decompress                             0x08000215   Thumb Code   100  __dclz77c.o(!!dclz77c)
    __decompress2                            0x08000215   Thumb Code     0  __dclz77c.o(!!dclz77c)
    __scatterload_zeroinit                   0x08000279   Thumb Code    28  __scatter_zi.o(!!handler_zi)
    __rt_lib_init                            0x08000295   Thumb Code     0  libinit.o(.ARM.Collect$$libinit$$00000000)
    __rt_lib_init_fp_1                       0x08000297   Thumb Code     0  libinit2.o(.ARM.Collect$$libinit$$00000001)
    __rt_lib_init_alloca_1                   0x0800029b   Thumb Code     0  libinit2.o(.ARM.Collect$$libinit$$0000002E)
    __rt_lib_init_argv_1                     0x0800029b   Thumb Code     0  libinit2.o(.ARM.Collect$$libinit$$0000002C)
    __rt_lib_init_atexit_1                   0x0800029b   Thumb Code     0  libinit2.o(.ARM.Collect$$libinit$$0000001B)
    __rt_lib_init_clock_1                    0x0800029b   Thumb Code     0  libinit2.o(.ARM.Collect$$libinit$$00000021)
    __rt_lib_init_cpp_1                      0x0800029b   Thumb Code     0  libinit2.o(.ARM.Collect$$libinit$$00000032)
    __rt_lib_init_exceptions_1               0x0800029b   Thumb Code     0  libinit2.o(.ARM.Collect$$libinit$$00000030)
    __rt_lib_init_fp_trap_1                  0x0800029b   Thumb Code     0  libinit2.o(.ARM.Collect$$libinit$$0000001F)
    __rt_lib_init_getenv_1                   0x0800029b   Thumb Code     0  libinit2.o(.ARM.Collect$$libinit$$00000023)
    __rt_lib_init_heap_1                     0x0800029b   Thumb Code     0  libinit2.o(.ARM.Collect$$libinit$$0000000A)
    __rt_lib_init_lc_collate_1               0x0800029b   Thumb Code     0  libinit2.o(.ARM.Collect$$libinit$$00000011)
    __rt_lib_init_lc_ctype_1                 0x0800029b   Thumb Code     0  libinit2.o(.ARM.Collect$$libinit$$00000013)
    __rt_lib_init_lc_monetary_1              0x0800029b   Thumb Code     0  libinit2.o(.ARM.Collect$$libinit$$00000015)
    __rt_lib_init_lc_numeric_1               0x0800029b   Thumb Code     0  libinit2.o(.ARM.Collect$$libinit$$00000017)
    __rt_lib_init_lc_time_1                  0x0800029b   Thumb Code     0  libinit2.o(.ARM.Collect$$libinit$$00000019)
    __rt_lib_init_preinit_1                  0x0800029b   Thumb Code     0  libinit2.o(.ARM.Collect$$libinit$$00000004)
    __rt_lib_init_rand_1                     0x0800029b   Thumb Code     0  libinit2.o(.ARM.Collect$$libinit$$0000000E)
    __rt_lib_init_return                     0x0800029b   Thumb Code     0  libinit2.o(.ARM.Collect$$libinit$$00000033)
    __rt_lib_init_signal_1                   0x0800029b   Thumb Code     0  libinit2.o(.ARM.Collect$$libinit$$0000001D)
    __rt_lib_init_stdio_1                    0x0800029b   Thumb Code     0  libinit2.o(.ARM.Collect$$libinit$$00000025)
    __rt_lib_init_user_alloc_1               0x0800029b   Thumb Code     0  libinit2.o(.ARM.Collect$$libinit$$0000000C)
    __rt_lib_shutdown                        0x0800029d   Thumb Code     0  libshutdown.o(.ARM.Collect$$libshutdown$$00000000)
    __rt_lib_shutdown_cpp_1                  0x0800029f   Thumb Code     0  libshutdown2.o(.ARM.Collect$$libshutdown$$00000004)
    __rt_lib_shutdown_fini_1                 0x0800029f   Thumb Code     0  libshutdown2.o(.ARM.Collect$$libshutdown$$00000002)
    __rt_lib_shutdown_fp_trap_1              0x0800029f   Thumb Code     0  libshutdown2.o(.ARM.Collect$$libshutdown$$00000009)
    __rt_lib_shutdown_heap_1                 0x0800029f   Thumb Code     0  libshutdown2.o(.ARM.Collect$$libshutdown$$00000011)
    __rt_lib_shutdown_return                 0x0800029f   Thumb Code     0  libshutdown2.o(.ARM.Collect$$libshutdown$$00000012)
    __rt_lib_shutdown_signal_1               0x0800029f   Thumb Code     0  libshutdown2.o(.ARM.Collect$$libshutdown$$0000000C)
    __rt_lib_shutdown_stdio_1                0x0800029f   Thumb Code     0  libshutdown2.o(.ARM.Collect$$libshutdown$$00000006)
    __rt_lib_shutdown_user_alloc_1           0x0800029f   Thumb Code     0  libshutdown2.o(.ARM.Collect$$libshutdown$$0000000E)
    __rt_entry                               0x080002a1   Thumb Code     0  __rtentry.o(.ARM.Collect$$rtentry$$00000000)
    __rt_entry_presh_1                       0x080002a1   Thumb Code     0  __rtentry2.o(.ARM.Collect$$rtentry$$00000002)
    __rt_entry_sh                            0x080002a1   Thumb Code     0  __rtentry4.o(.ARM.Collect$$rtentry$$00000004)
    __rt_entry_li                            0x080002a7   Thumb Code     0  __rtentry2.o(.ARM.Collect$$rtentry$$0000000A)
    __rt_entry_postsh_1                      0x080002a7   Thumb Code     0  __rtentry2.o(.ARM.Collect$$rtentry$$00000009)
    __rt_entry_main                          0x080002ab   Thumb Code     0  __rtentry2.o(.ARM.Collect$$rtentry$$0000000D)
    __rt_entry_postli_1                      0x080002ab   Thumb Code     0  __rtentry2.o(.ARM.Collect$$rtentry$$0000000C)
    __rt_exit                                0x080002b3   Thumb Code     0  rtexit.o(.ARM.Collect$$rtexit$$00000000)
    __rt_exit_ls                             0x080002b5   Thumb Code     0  rtexit2.o(.ARM.Collect$$rtexit$$00000003)
    __rt_exit_prels_1                        0x080002b5   Thumb Code     0  rtexit2.o(.ARM.Collect$$rtexit$$00000002)
    __rt_exit_exit                           0x080002b9   Thumb Code     0  rtexit2.o(.ARM.Collect$$rtexit$$00000004)
    Reset_Handler                            0x080002c1   Thumb Code     8  startup_stm32g474xx.o(.text)
    ADC1_2_IRQHandler                        0x080002db   Thumb Code     0  startup_stm32g474xx.o(.text)
    ADC3_IRQHandler                          0x080002db   Thumb Code     0  startup_stm32g474xx.o(.text)
    ADC4_IRQHandler                          0x080002db   Thumb Code     0  startup_stm32g474xx.o(.text)
    ADC5_IRQHandler                          0x080002db   Thumb Code     0  startup_stm32g474xx.o(.text)
    COMP1_2_3_IRQHandler                     0x080002db   Thumb Code     0  startup_stm32g474xx.o(.text)
    COMP4_5_6_IRQHandler                     0x080002db   Thumb Code     0  startup_stm32g474xx.o(.text)
    COMP7_IRQHandler                         0x080002db   Thumb Code     0  startup_stm32g474xx.o(.text)
    CORDIC_IRQHandler                        0x080002db   Thumb Code     0  startup_stm32g474xx.o(.text)
    CRS_IRQHandler                           0x080002db   Thumb Code     0  startup_stm32g474xx.o(.text)
    DMA1_Channel3_IRQHandler                 0x080002db   Thumb Code     0  startup_stm32g474xx.o(.text)
    DMA1_Channel4_IRQHandler                 0x080002db   Thumb Code     0  startup_stm32g474xx.o(.text)
    DMA1_Channel5_IRQHandler                 0x080002db   Thumb Code     0  startup_stm32g474xx.o(.text)
    DMA1_Channel6_IRQHandler                 0x080002db   Thumb Code     0  startup_stm32g474xx.o(.text)
    DMA1_Channel7_IRQHandler                 0x080002db   Thumb Code     0  startup_stm32g474xx.o(.text)
    DMA1_Channel8_IRQHandler                 0x080002db   Thumb Code     0  startup_stm32g474xx.o(.text)
    DMA2_Channel1_IRQHandler                 0x080002db   Thumb Code     0  startup_stm32g474xx.o(.text)
    DMA2_Channel2_IRQHandler                 0x080002db   Thumb Code     0  startup_stm32g474xx.o(.text)
    DMA2_Channel3_IRQHandler                 0x080002db   Thumb Code     0  startup_stm32g474xx.o(.text)
    DMA2_Channel4_IRQHandler                 0x080002db   Thumb Code     0  startup_stm32g474xx.o(.text)
    DMA2_Channel5_IRQHandler                 0x080002db   Thumb Code     0  startup_stm32g474xx.o(.text)
    DMA2_Channel6_IRQHandler                 0x080002db   Thumb Code     0  startup_stm32g474xx.o(.text)
    DMA2_Channel7_IRQHandler                 0x080002db   Thumb Code     0  startup_stm32g474xx.o(.text)
    DMA2_Channel8_IRQHandler                 0x080002db   Thumb Code     0  startup_stm32g474xx.o(.text)
    DMAMUX_OVR_IRQHandler                    0x080002db   Thumb Code     0  startup_stm32g474xx.o(.text)
    EXTI0_IRQHandler                         0x080002db   Thumb Code     0  startup_stm32g474xx.o(.text)
    EXTI15_10_IRQHandler                     0x080002db   Thumb Code     0  startup_stm32g474xx.o(.text)
    EXTI1_IRQHandler                         0x080002db   Thumb Code     0  startup_stm32g474xx.o(.text)
    EXTI2_IRQHandler                         0x080002db   Thumb Code     0  startup_stm32g474xx.o(.text)
    EXTI3_IRQHandler                         0x080002db   Thumb Code     0  startup_stm32g474xx.o(.text)
    EXTI4_IRQHandler                         0x080002db   Thumb Code     0  startup_stm32g474xx.o(.text)
    EXTI9_5_IRQHandler                       0x080002db   Thumb Code     0  startup_stm32g474xx.o(.text)
    FDCAN1_IT0_IRQHandler                    0x080002db   Thumb Code     0  startup_stm32g474xx.o(.text)
    FDCAN1_IT1_IRQHandler                    0x080002db   Thumb Code     0  startup_stm32g474xx.o(.text)
    FDCAN2_IT0_IRQHandler                    0x080002db   Thumb Code     0  startup_stm32g474xx.o(.text)
    FDCAN2_IT1_IRQHandler                    0x080002db   Thumb Code     0  startup_stm32g474xx.o(.text)
    FDCAN3_IT0_IRQHandler                    0x080002db   Thumb Code     0  startup_stm32g474xx.o(.text)
    FDCAN3_IT1_IRQHandler                    0x080002db   Thumb Code     0  startup_stm32g474xx.o(.text)
    FLASH_IRQHandler                         0x080002db   Thumb Code     0  startup_stm32g474xx.o(.text)
    FMAC_IRQHandler                          0x080002db   Thumb Code     0  startup_stm32g474xx.o(.text)
    FMC_IRQHandler                           0x080002db   Thumb Code     0  startup_stm32g474xx.o(.text)
    FPU_IRQHandler                           0x080002db   Thumb Code     0  startup_stm32g474xx.o(.text)
    HRTIM1_FLT_IRQHandler                    0x080002db   Thumb Code     0  startup_stm32g474xx.o(.text)
    HRTIM1_TIMA_IRQHandler                   0x080002db   Thumb Code     0  startup_stm32g474xx.o(.text)
    HRTIM1_TIMB_IRQHandler                   0x080002db   Thumb Code     0  startup_stm32g474xx.o(.text)
    HRTIM1_TIMC_IRQHandler                   0x080002db   Thumb Code     0  startup_stm32g474xx.o(.text)
    HRTIM1_TIMD_IRQHandler                   0x080002db   Thumb Code     0  startup_stm32g474xx.o(.text)
    HRTIM1_TIME_IRQHandler                   0x080002db   Thumb Code     0  startup_stm32g474xx.o(.text)
    HRTIM1_TIMF_IRQHandler                   0x080002db   Thumb Code     0  startup_stm32g474xx.o(.text)
    I2C1_ER_IRQHandler                       0x080002db   Thumb Code     0  startup_stm32g474xx.o(.text)
    I2C1_EV_IRQHandler                       0x080002db   Thumb Code     0  startup_stm32g474xx.o(.text)
    I2C2_ER_IRQHandler                       0x080002db   Thumb Code     0  startup_stm32g474xx.o(.text)
    I2C2_EV_IRQHandler                       0x080002db   Thumb Code     0  startup_stm32g474xx.o(.text)
    I2C3_ER_IRQHandler                       0x080002db   Thumb Code     0  startup_stm32g474xx.o(.text)
    I2C3_EV_IRQHandler                       0x080002db   Thumb Code     0  startup_stm32g474xx.o(.text)
    I2C4_ER_IRQHandler                       0x080002db   Thumb Code     0  startup_stm32g474xx.o(.text)
    I2C4_EV_IRQHandler                       0x080002db   Thumb Code     0  startup_stm32g474xx.o(.text)
    LPTIM1_IRQHandler                        0x080002db   Thumb Code     0  startup_stm32g474xx.o(.text)
    LPUART1_IRQHandler                       0x080002db   Thumb Code     0  startup_stm32g474xx.o(.text)
    PVD_PVM_IRQHandler                       0x080002db   Thumb Code     0  startup_stm32g474xx.o(.text)
    QUADSPI_IRQHandler                       0x080002db   Thumb Code     0  startup_stm32g474xx.o(.text)
    RCC_IRQHandler                           0x080002db   Thumb Code     0  startup_stm32g474xx.o(.text)
    RNG_IRQHandler                           0x080002db   Thumb Code     0  startup_stm32g474xx.o(.text)
    RTC_Alarm_IRQHandler                     0x080002db   Thumb Code     0  startup_stm32g474xx.o(.text)
    RTC_TAMP_LSECSS_IRQHandler               0x080002db   Thumb Code     0  startup_stm32g474xx.o(.text)
    RTC_WKUP_IRQHandler                      0x080002db   Thumb Code     0  startup_stm32g474xx.o(.text)
    SAI1_IRQHandler                          0x080002db   Thumb Code     0  startup_stm32g474xx.o(.text)
    SPI1_IRQHandler                          0x080002db   Thumb Code     0  startup_stm32g474xx.o(.text)
    SPI2_IRQHandler                          0x080002db   Thumb Code     0  startup_stm32g474xx.o(.text)
    SPI3_IRQHandler                          0x080002db   Thumb Code     0  startup_stm32g474xx.o(.text)
    SPI4_IRQHandler                          0x080002db   Thumb Code     0  startup_stm32g474xx.o(.text)
    TIM1_BRK_TIM15_IRQHandler                0x080002db   Thumb Code     0  startup_stm32g474xx.o(.text)
    TIM1_CC_IRQHandler                       0x080002db   Thumb Code     0  startup_stm32g474xx.o(.text)
    TIM1_TRG_COM_TIM17_IRQHandler            0x080002db   Thumb Code     0  startup_stm32g474xx.o(.text)
    TIM1_UP_TIM16_IRQHandler                 0x080002db   Thumb Code     0  startup_stm32g474xx.o(.text)
    TIM20_BRK_IRQHandler                     0x080002db   Thumb Code     0  startup_stm32g474xx.o(.text)
    TIM20_CC_IRQHandler                      0x080002db   Thumb Code     0  startup_stm32g474xx.o(.text)
    TIM20_TRG_COM_IRQHandler                 0x080002db   Thumb Code     0  startup_stm32g474xx.o(.text)
    TIM20_UP_IRQHandler                      0x080002db   Thumb Code     0  startup_stm32g474xx.o(.text)
    TIM4_IRQHandler                          0x080002db   Thumb Code     0  startup_stm32g474xx.o(.text)
    TIM5_IRQHandler                          0x080002db   Thumb Code     0  startup_stm32g474xx.o(.text)
    TIM6_DAC_IRQHandler                      0x080002db   Thumb Code     0  startup_stm32g474xx.o(.text)
    TIM7_DAC_IRQHandler                      0x080002db   Thumb Code     0  startup_stm32g474xx.o(.text)
    TIM8_BRK_IRQHandler                      0x080002db   Thumb Code     0  startup_stm32g474xx.o(.text)
    TIM8_CC_IRQHandler                       0x080002db   Thumb Code     0  startup_stm32g474xx.o(.text)
    TIM8_TRG_COM_IRQHandler                  0x080002db   Thumb Code     0  startup_stm32g474xx.o(.text)
    TIM8_UP_IRQHandler                       0x080002db   Thumb Code     0  startup_stm32g474xx.o(.text)
    UART4_IRQHandler                         0x080002db   Thumb Code     0  startup_stm32g474xx.o(.text)
    UART5_IRQHandler                         0x080002db   Thumb Code     0  startup_stm32g474xx.o(.text)
    UCPD1_IRQHandler                         0x080002db   Thumb Code     0  startup_stm32g474xx.o(.text)
    USART1_IRQHandler                        0x080002db   Thumb Code     0  startup_stm32g474xx.o(.text)
    USART2_IRQHandler                        0x080002db   Thumb Code     0  startup_stm32g474xx.o(.text)
    USBWakeUp_IRQHandler                     0x080002db   Thumb Code     0  startup_stm32g474xx.o(.text)
    USB_HP_IRQHandler                        0x080002db   Thumb Code     0  startup_stm32g474xx.o(.text)
    USB_LP_IRQHandler                        0x080002db   Thumb Code     0  startup_stm32g474xx.o(.text)
    WWDG_IRQHandler                          0x080002db   Thumb Code     0  startup_stm32g474xx.o(.text)
    __user_initial_stackheap                 0x080002dd   Thumb Code     0  startup_stm32g474xx.o(.text)
    __aeabi_uldivmod                         0x08000301   Thumb Code     0  lludivv7m.o(.text)
    _ll_udiv                                 0x08000301   Thumb Code   238  lludivv7m.o(.text)
    __aeabi_memclr4                          0x080003ef   Thumb Code     0  rt_memclr_w.o(.text)
    __aeabi_memclr8                          0x080003ef   Thumb Code     0  rt_memclr_w.o(.text)
    __rt_memclr_w                            0x080003ef   Thumb Code    78  rt_memclr_w.o(.text)
    _memset_w                                0x080003f3   Thumb Code     0  rt_memclr_w.o(.text)
    __use_two_region_memory                  0x0800043d   Thumb Code     2  heapauxi.o(.text)
    __rt_heap_escrow$2region                 0x0800043f   Thumb Code     2  heapauxi.o(.text)
    __rt_heap_expand$2region                 0x08000441   Thumb Code     2  heapauxi.o(.text)
    __read_errno                             0x08000443   Thumb Code    10  _rserrno.o(.text)
    __set_errno                              0x0800044d   Thumb Code    12  _rserrno.o(.text)
    __aeabi_errno_addr                       0x08000459   Thumb Code     8  rt_errno_addr_intlibspace.o(.text)
    __errno$intlibspace                      0x08000459   Thumb Code     0  rt_errno_addr_intlibspace.o(.text)
    __rt_errno_addr$intlibspace              0x08000459   Thumb Code     0  rt_errno_addr_intlibspace.o(.text)
    __user_libspace                          0x08000461   Thumb Code     8  libspace.o(.text)
    __user_perproc_libspace                  0x08000461   Thumb Code     0  libspace.o(.text)
    __user_perthread_libspace                0x08000461   Thumb Code     0  libspace.o(.text)
    __user_setup_stackheap                   0x08000469   Thumb Code    74  sys_stackheap_outer.o(.text)
    exit                                     0x080004b3   Thumb Code    18  exit.o(.text)
    _sys_exit                                0x080004c5   Thumb Code     8  sys_exit.o(.text)
    __I$use$semihosting                      0x080004d1   Thumb Code     0  use_no_semi.o(.text)
    __use_no_semihosting_swi                 0x080004d1   Thumb Code     2  use_no_semi.o(.text)
    ADC_DMAConvCplt                          0x080004d3   Thumb Code   146  stm32g4xx_hal_adc.o(i.ADC_DMAConvCplt)
    __semihosting_library_function           0x080004d3   Thumb Code     0  indicate_semi.o(.text)
    ADC_DMAError                             0x08000565   Thumb Code    30  stm32g4xx_hal_adc.o(i.ADC_DMAError)
    ADC_DMAHalfConvCplt                      0x08000583   Thumb Code    14  stm32g4xx_hal_adc.o(i.ADC_DMAHalfConvCplt)
    ADC_Disable                              0x08000591   Thumb Code   142  stm32g4xx_hal_adc.o(i.ADC_Disable)
    ADC_Enable                               0x08000625   Thumb Code   128  stm32g4xx_hal_adc.o(i.ADC_Enable)
    BusFault_Handler                         0x080006a9   Thumb Code     4  stm32g4xx_it.o(i.BusFault_Handler)
    DMA1_Channel1_IRQHandler                 0x080006ad   Thumb Code    20  stm32g4xx_it.o(i.DMA1_Channel1_IRQHandler)
    DMA1_Channel2_IRQHandler                 0x080006c9   Thumb Code    10  stm32g4xx_it.o(i.DMA1_Channel2_IRQHandler)
    DebugMon_Handler                         0x08000781   Thumb Code     2  stm32g4xx_it.o(i.DebugMon_Handler)
    Error_Handler                            0x08000783   Thumb Code     6  main.o(i.Error_Handler)
    HAL_ADCEx_Calibration_Start              0x080007e5   Thumb Code   166  stm32g4xx_hal_adc_ex.o(i.HAL_ADCEx_Calibration_Start)
    HAL_ADCEx_MultiModeConfigChannel         0x08000895   Thumb Code   414  stm32g4xx_hal_adc_ex.o(i.HAL_ADCEx_MultiModeConfigChannel)
    HAL_ADC_ConfigChannel                    0x08000a4d   Thumb Code  1354  stm32g4xx_hal_adc.o(i.HAL_ADC_ConfigChannel)
    HAL_ADC_ConvCpltCallback                 0x08000fc9   Thumb Code     2  stm32g4xx_hal_adc.o(i.HAL_ADC_ConvCpltCallback)
    HAL_ADC_ConvHalfCpltCallback             0x08000fcb   Thumb Code     2  stm32g4xx_hal_adc.o(i.HAL_ADC_ConvHalfCpltCallback)
    HAL_ADC_ErrorCallback                    0x08000fcd   Thumb Code     2  stm32g4xx_hal_adc.o(i.HAL_ADC_ErrorCallback)
    HAL_ADC_Init                             0x08000fd1   Thumb Code   664  stm32g4xx_hal_adc.o(i.HAL_ADC_Init)
    HAL_ADC_MspInit                          0x08001295   Thumb Code   238  adc.o(i.HAL_ADC_MspInit)
    HAL_ADC_Start_DMA                        0x08001395   Thumb Code   306  stm32g4xx_hal_adc.o(i.HAL_ADC_Start_DMA)
    HAL_DMA_Abort                            0x080014ed   Thumb Code   118  stm32g4xx_hal_dma.o(i.HAL_DMA_Abort)
    HAL_DMA_Abort_IT                         0x08001563   Thumb Code   148  stm32g4xx_hal_dma.o(i.HAL_DMA_Abort_IT)
    HAL_DMA_IRQHandler                       0x080015f7   Thumb Code   254  stm32g4xx_hal_dma.o(i.HAL_DMA_IRQHandler)
    HAL_DMA_Init                             0x080016f5   Thumb Code   200  stm32g4xx_hal_dma.o(i.HAL_DMA_Init)
    HAL_DMA_Start_IT                         0x080017c5   Thumb Code   194  stm32g4xx_hal_dma.o(i.HAL_DMA_Start_IT)
    HAL_Delay                                0x08001889   Thumb Code    36  stm32g4xx_hal.o(i.HAL_Delay)
    HAL_GPIO_Init                            0x080018b1   Thumb Code   428  stm32g4xx_hal_gpio.o(i.HAL_GPIO_Init)
    HAL_GPIO_WritePin                        0x08001a7d   Thumb Code    10  stm32g4xx_hal_gpio.o(i.HAL_GPIO_WritePin)
    HAL_GetTick                              0x08001a89   Thumb Code     6  stm32g4xx_hal.o(i.HAL_GetTick)
    HAL_HRTIM_ADCPostScalerConfig            0x08001a95   Thumb Code   328  stm32g4xx_hal_hrtim.o(i.HAL_HRTIM_ADCPostScalerConfig)
    HAL_HRTIM_ADCTriggerConfig               0x08001bdd   Thumb Code   622  stm32g4xx_hal_hrtim.o(i.HAL_HRTIM_ADCTriggerConfig)
    HAL_HRTIM_BurstModePeriodCallback        0x08001e4b   Thumb Code     2  stm32g4xx_hal_hrtim.o(i.HAL_HRTIM_BurstModePeriodCallback)
    HAL_HRTIM_Capture1EventCallback          0x08001e4d   Thumb Code     2  stm32g4xx_hal_hrtim.o(i.HAL_HRTIM_Capture1EventCallback)
    HAL_HRTIM_Capture2EventCallback          0x08001e4f   Thumb Code     2  stm32g4xx_hal_hrtim.o(i.HAL_HRTIM_Capture2EventCallback)
    HAL_HRTIM_Compare1EventCallback          0x08001e51   Thumb Code     2  stm32g4xx_hal_hrtim.o(i.HAL_HRTIM_Compare1EventCallback)
    HAL_HRTIM_Compare2EventCallback          0x08001e53   Thumb Code     2  stm32g4xx_hal_hrtim.o(i.HAL_HRTIM_Compare2EventCallback)
    HAL_HRTIM_Compare3EventCallback          0x08001e55   Thumb Code     2  stm32g4xx_hal_hrtim.o(i.HAL_HRTIM_Compare3EventCallback)
    HAL_HRTIM_Compare4EventCallback          0x08001e57   Thumb Code     2  stm32g4xx_hal_hrtim.o(i.HAL_HRTIM_Compare4EventCallback)
    HAL_HRTIM_CounterResetCallback           0x08001e59   Thumb Code     2  stm32g4xx_hal_hrtim.o(i.HAL_HRTIM_CounterResetCallback)
    HAL_HRTIM_DLLCalibrationReadyCallback    0x08001e5b   Thumb Code     2  stm32g4xx_hal_hrtim.o(i.HAL_HRTIM_DLLCalibrationReadyCallback)
    HAL_HRTIM_DLLCalibrationStart            0x08001e5d   Thumb Code   128  stm32g4xx_hal_hrtim.o(i.HAL_HRTIM_DLLCalibrationStart)
    HAL_HRTIM_DeadTimeConfig                 0x08001edd   Thumb Code   162  stm32g4xx_hal_hrtim.o(i.HAL_HRTIM_DeadTimeConfig)
    HAL_HRTIM_DelayedProtectionCallback      0x08001f89   Thumb Code     2  stm32g4xx_hal_hrtim.o(i.HAL_HRTIM_DelayedProtectionCallback)
    HAL_HRTIM_ErrorCallback                  0x08001f8b   Thumb Code     2  stm32g4xx_hal_hrtim.o(i.HAL_HRTIM_ErrorCallback)
    HAL_HRTIM_Fault1Callback                 0x08001f8d   Thumb Code     2  stm32g4xx_hal_hrtim.o(i.HAL_HRTIM_Fault1Callback)
    HAL_HRTIM_Fault2Callback                 0x08001f8f   Thumb Code     2  stm32g4xx_hal_hrtim.o(i.HAL_HRTIM_Fault2Callback)
    HAL_HRTIM_Fault3Callback                 0x08001f91   Thumb Code     2  stm32g4xx_hal_hrtim.o(i.HAL_HRTIM_Fault3Callback)
    HAL_HRTIM_Fault4Callback                 0x08001f93   Thumb Code     2  stm32g4xx_hal_hrtim.o(i.HAL_HRTIM_Fault4Callback)
    HAL_HRTIM_Fault5Callback                 0x08001f95   Thumb Code     2  stm32g4xx_hal_hrtim.o(i.HAL_HRTIM_Fault5Callback)
    HAL_HRTIM_Fault6Callback                 0x08001f97   Thumb Code     2  stm32g4xx_hal_hrtim.o(i.HAL_HRTIM_Fault6Callback)
    HAL_HRTIM_IRQHandler                     0x08001f99   Thumb Code    40  stm32g4xx_hal_hrtim.o(i.HAL_HRTIM_IRQHandler)
    HAL_HRTIM_Init                           0x08001fc1   Thumb Code   258  stm32g4xx_hal_hrtim.o(i.HAL_HRTIM_Init)
    HAL_HRTIM_MspInit                        0x080020cd   Thumb Code    58  hrtim.o(i.HAL_HRTIM_MspInit)
    HAL_HRTIM_MspPostInit                    0x08002111   Thumb Code   110  hrtim.o(i.HAL_HRTIM_MspPostInit)
    HAL_HRTIM_Output1ResetCallback           0x0800218d   Thumb Code     2  stm32g4xx_hal_hrtim.o(i.HAL_HRTIM_Output1ResetCallback)
    HAL_HRTIM_Output1SetCallback             0x0800218f   Thumb Code     2  stm32g4xx_hal_hrtim.o(i.HAL_HRTIM_Output1SetCallback)
    HAL_HRTIM_Output2ResetCallback           0x08002191   Thumb Code     2  stm32g4xx_hal_hrtim.o(i.HAL_HRTIM_Output2ResetCallback)
    HAL_HRTIM_Output2SetCallback             0x08002193   Thumb Code     2  stm32g4xx_hal_hrtim.o(i.HAL_HRTIM_Output2SetCallback)
    HAL_HRTIM_PollForDLLCalibration          0x08002195   Thumb Code    74  stm32g4xx_hal_hrtim.o(i.HAL_HRTIM_PollForDLLCalibration)
    HAL_HRTIM_RegistersUpdateCallback        0x080021df   Thumb Code     2  stm32g4xx_hal_hrtim.o(i.HAL_HRTIM_RegistersUpdateCallback)
    HAL_HRTIM_RepetitionEventCallback        0x080021e1   Thumb Code     2  stm32g4xx_hal_hrtim.o(i.HAL_HRTIM_RepetitionEventCallback)
    HAL_HRTIM_SynchronizationEventCallback   0x080021e3   Thumb Code     2  stm32g4xx_hal_hrtim.o(i.HAL_HRTIM_SynchronizationEventCallback)
    HAL_HRTIM_SystemFaultCallback            0x080021e5   Thumb Code     2  stm32g4xx_hal_hrtim.o(i.HAL_HRTIM_SystemFaultCallback)
    HAL_HRTIM_TimeBaseConfig                 0x080021e7   Thumb Code    58  stm32g4xx_hal_hrtim.o(i.HAL_HRTIM_TimeBaseConfig)
    HAL_HRTIM_WaveformCompareConfig          0x08002221   Thumb Code   504  stm32g4xx_hal_hrtim.o(i.HAL_HRTIM_WaveformCompareConfig)
    HAL_HRTIM_WaveformCountStart_DMA         0x08002419   Thumb Code   346  stm32g4xx_hal_hrtim.o(i.HAL_HRTIM_WaveformCountStart_DMA)
    HAL_HRTIM_WaveformCountStart_IT          0x08002585   Thumb Code   158  stm32g4xx_hal_hrtim.o(i.HAL_HRTIM_WaveformCountStart_IT)
    HAL_HRTIM_WaveformOutputConfig           0x08002629   Thumb Code    84  stm32g4xx_hal_hrtim.o(i.HAL_HRTIM_WaveformOutputConfig)
    HAL_HRTIM_WaveformOutputStart            0x0800267d   Thumb Code    64  stm32g4xx_hal_hrtim.o(i.HAL_HRTIM_WaveformOutputStart)
    HAL_HRTIM_WaveformTimerConfig            0x080026bd   Thumb Code   216  stm32g4xx_hal_hrtim.o(i.HAL_HRTIM_WaveformTimerConfig)
    HAL_HRTIM_WaveformTimerControl           0x08002795   Thumb Code    84  stm32g4xx_hal_hrtim.o(i.HAL_HRTIM_WaveformTimerControl)
    HAL_I2CEx_ConfigAnalogFilter             0x080027e9   Thumb Code   106  stm32g4xx_hal_i2c_ex.o(i.HAL_I2CEx_ConfigAnalogFilter)
    HAL_I2CEx_ConfigDigitalFilter            0x08002853   Thumb Code   104  stm32g4xx_hal_i2c_ex.o(i.HAL_I2CEx_ConfigDigitalFilter)
    HAL_I2C_Init                             0x080028bd   Thumb Code   192  stm32g4xx_hal_i2c.o(i.HAL_I2C_Init)
    HAL_I2C_Mem_Write                        0x08002981   Thumb Code   402  stm32g4xx_hal_i2c.o(i.HAL_I2C_Mem_Write)
    HAL_I2C_MspInit                          0x08002b19   Thumb Code   192  i2c.o(i.HAL_I2C_MspInit)
    HAL_IncTick                              0x08002be5   Thumb Code    16  stm32g4xx_hal.o(i.HAL_IncTick)
    HAL_Init                                 0x08002bfd   Thumb Code    30  stm32g4xx_hal.o(i.HAL_Init)
    HAL_InitTick                             0x08002c1d   Thumb Code    74  stm32g4xx_hal.o(i.HAL_InitTick)
    HAL_MspInit                              0x08002c75   Thumb Code    62  stm32g4xx_hal_msp.o(i.HAL_MspInit)
    HAL_NVIC_EnableIRQ                       0x08002cb9   Thumb Code    40  stm32g4xx_hal_cortex.o(i.HAL_NVIC_EnableIRQ)
    HAL_NVIC_SetPriority                     0x08002ce1   Thumb Code   122  stm32g4xx_hal_cortex.o(i.HAL_NVIC_SetPriority)
    HAL_NVIC_SetPriorityGrouping             0x08002d5d   Thumb Code    32  stm32g4xx_hal_cortex.o(i.HAL_NVIC_SetPriorityGrouping)
    HAL_PWREx_ControlVoltageScaling          0x08002d85   Thumb Code   268  stm32g4xx_hal_pwr_ex.o(i.HAL_PWREx_ControlVoltageScaling)
    HAL_PWREx_DisableUCPDDeadBattery         0x08002e9d   Thumb Code    14  stm32g4xx_hal_pwr_ex.o(i.HAL_PWREx_DisableUCPDDeadBattery)
    HAL_RCCEx_PeriphCLKConfig                0x08002eb1   Thumb Code  1048  stm32g4xx_hal_rcc_ex.o(i.HAL_RCCEx_PeriphCLKConfig)
    HAL_RCC_ClockConfig                      0x080032c9   Thumb Code   522  stm32g4xx_hal_rcc.o(i.HAL_RCC_ClockConfig)
    HAL_RCC_GetHCLKFreq                      0x080034ed   Thumb Code     6  stm32g4xx_hal_rcc.o(i.HAL_RCC_GetHCLKFreq)
    HAL_RCC_GetPCLK1Freq                     0x080034f9   Thumb Code    26  stm32g4xx_hal_rcc.o(i.HAL_RCC_GetPCLK1Freq)
    HAL_RCC_GetPCLK2Freq                     0x0800351d   Thumb Code    26  stm32g4xx_hal_rcc.o(i.HAL_RCC_GetPCLK2Freq)
    HAL_RCC_GetSysClockFreq                  0x08003541   Thumb Code   138  stm32g4xx_hal_rcc.o(i.HAL_RCC_GetSysClockFreq)
    HAL_RCC_OscConfig                        0x080035d9   Thumb Code  1370  stm32g4xx_hal_rcc.o(i.HAL_RCC_OscConfig)
    HAL_SYSTICK_Config                       0x08003b41   Thumb Code    52  stm32g4xx_hal_cortex.o(i.HAL_SYSTICK_Config)
    HAL_TIMEx_Break2Callback                 0x08003b75   Thumb Code     2  stm32g4xx_hal_tim_ex.o(i.HAL_TIMEx_Break2Callback)
    HAL_TIMEx_BreakCallback                  0x08003b77   Thumb Code     2  stm32g4xx_hal_tim_ex.o(i.HAL_TIMEx_BreakCallback)
    HAL_TIMEx_CommutCallback                 0x08003b79   Thumb Code     2  stm32g4xx_hal_tim_ex.o(i.HAL_TIMEx_CommutCallback)
    HAL_TIMEx_DirectionChangeCallback        0x08003b7b   Thumb Code     2  stm32g4xx_hal_tim_ex.o(i.HAL_TIMEx_DirectionChangeCallback)
    HAL_TIMEx_EncoderIndexCallback           0x08003b7d   Thumb Code     2  stm32g4xx_hal_tim_ex.o(i.HAL_TIMEx_EncoderIndexCallback)
    HAL_TIMEx_IndexErrorCallback             0x08003b7f   Thumb Code     2  stm32g4xx_hal_tim_ex.o(i.HAL_TIMEx_IndexErrorCallback)
    HAL_TIMEx_MasterConfigSynchronization    0x08003b81   Thumb Code   182  stm32g4xx_hal_tim_ex.o(i.HAL_TIMEx_MasterConfigSynchronization)
    HAL_TIMEx_TransitionErrorCallback        0x08003c59   Thumb Code     2  stm32g4xx_hal_tim_ex.o(i.HAL_TIMEx_TransitionErrorCallback)
    HAL_TIM_Base_Init                        0x08003c5b   Thumb Code   110  stm32g4xx_hal_tim.o(i.HAL_TIM_Base_Init)
    HAL_TIM_Base_MspInit                     0x08003cc9   Thumb Code   112  tim.o(i.HAL_TIM_Base_MspInit)
    HAL_TIM_Base_Start_IT                    0x08003d41   Thumb Code   146  stm32g4xx_hal_tim.o(i.HAL_TIM_Base_Start_IT)
    HAL_TIM_ConfigClockSource                0x08003df5   Thumb Code   312  stm32g4xx_hal_tim.o(i.HAL_TIM_ConfigClockSource)
    HAL_TIM_IC_CaptureCallback               0x08003f31   Thumb Code     2  stm32g4xx_hal_tim.o(i.HAL_TIM_IC_CaptureCallback)
    HAL_TIM_IRQHandler                       0x08003f33   Thumb Code   576  stm32g4xx_hal_tim.o(i.HAL_TIM_IRQHandler)
    HAL_TIM_OC_DelayElapsedCallback          0x08004173   Thumb Code     2  stm32g4xx_hal_tim.o(i.HAL_TIM_OC_DelayElapsedCallback)
    HAL_TIM_PWM_PulseFinishedCallback        0x08004175   Thumb Code     2  stm32g4xx_hal_tim.o(i.HAL_TIM_PWM_PulseFinishedCallback)
    HAL_TIM_PeriodElapsedCallback            0x08004177   Thumb Code     2  stm32g4xx_hal_tim.o(i.HAL_TIM_PeriodElapsedCallback)
    HAL_TIM_TriggerCallback                  0x08004179   Thumb Code     2  stm32g4xx_hal_tim.o(i.HAL_TIM_TriggerCallback)
    HAL_UARTEx_DisableFifoMode               0x0800417b   Thumb Code    78  stm32g4xx_hal_uart_ex.o(i.HAL_UARTEx_DisableFifoMode)
    HAL_UARTEx_RxEventCallback               0x080041c9   Thumb Code     2  stm32g4xx_hal_uart.o(i.HAL_UARTEx_RxEventCallback)
    HAL_UARTEx_RxFifoFullCallback            0x080041cb   Thumb Code     2  stm32g4xx_hal_uart_ex.o(i.HAL_UARTEx_RxFifoFullCallback)
    HAL_UARTEx_SetRxFifoThreshold            0x080041cd   Thumb Code    94  stm32g4xx_hal_uart_ex.o(i.HAL_UARTEx_SetRxFifoThreshold)
    HAL_UARTEx_SetTxFifoThreshold            0x0800422b   Thumb Code    94  stm32g4xx_hal_uart_ex.o(i.HAL_UARTEx_SetTxFifoThreshold)
    HAL_UARTEx_TxFifoEmptyCallback           0x08004289   Thumb Code     2  stm32g4xx_hal_uart_ex.o(i.HAL_UARTEx_TxFifoEmptyCallback)
    HAL_UARTEx_WakeupCallback                0x0800428b   Thumb Code     2  stm32g4xx_hal_uart_ex.o(i.HAL_UARTEx_WakeupCallback)
    HAL_UART_ErrorCallback                   0x0800428d   Thumb Code     2  stm32g4xx_hal_uart.o(i.HAL_UART_ErrorCallback)
    HAL_UART_IRQHandler                      0x08004291   Thumb Code   898  stm32g4xx_hal_uart.o(i.HAL_UART_IRQHandler)
    HAL_UART_Init                            0x08004621   Thumb Code   120  stm32g4xx_hal_uart.o(i.HAL_UART_Init)
    HAL_UART_MspInit                         0x08004699   Thumb Code   206  usart.o(i.HAL_UART_MspInit)
    HAL_UART_Transmit_DMA                    0x0800477d   Thumb Code   190  stm32g4xx_hal_uart.o(i.HAL_UART_Transmit_DMA)
    HAL_UART_TxCpltCallback                  0x08004849   Thumb Code     2  stm32g4xx_hal_uart.o(i.HAL_UART_TxCpltCallback)
    HAL_UART_TxHalfCpltCallback              0x0800484b   Thumb Code     2  stm32g4xx_hal_uart.o(i.HAL_UART_TxHalfCpltCallback)
    HRTIM1_Master_IRQHandler                 0x0800484d   Thumb Code    12  stm32g4xx_it.o(i.HRTIM1_Master_IRQHandler)
    HardFault_Handler                        0x080053eb   Thumb Code     4  stm32g4xx_it.o(i.HardFault_Handler)
    MX_ADC1_Init                             0x08005811   Thumb Code   256  adc.o(i.MX_ADC1_Init)
    MX_DMA_Init                              0x08005929   Thumb Code    90  dma.o(i.MX_DMA_Init)
    MX_GPIO_Init                             0x08005989   Thumb Code   158  gpio.o(i.MX_GPIO_Init)
    MX_HRTIM1_Init                           0x08005a31   Thumb Code   722  hrtim.o(i.MX_HRTIM1_Init)
    MX_I2C1_Init                             0x08005d0d   Thumb Code    74  i2c.o(i.MX_I2C1_Init)
    MX_TIM2_Init                             0x08005d65   Thumb Code   104  tim.o(i.MX_TIM2_Init)
    MX_TIM3_Init                             0x08005dd1   Thumb Code   104  tim.o(i.MX_TIM3_Init)
    MX_USART3_UART_Init                      0x08005e41   Thumb Code    98  usart.o(i.MX_USART3_UART_Init)
    MemManage_Handler                        0x08005ead   Thumb Code     4  stm32g4xx_it.o(i.MemManage_Handler)
    NMI_Handler                              0x08005eb1   Thumb Code     4  stm32g4xx_it.o(i.NMI_Handler)
    OLED_CLS                                 0x08005eb5   Thumb Code    16  oled.o(i.OLED_CLS)
    OLED_Fill                                0x08005ec5   Thumb Code    58  oled.o(i.OLED_Fill)
    OLED_Init                                0x08005eff   Thumb Code   184  oled.o(i.OLED_Init)
    OLED_ON                                  0x08005fb7   Thumb Code    22  oled.o(i.OLED_ON)
    OLED_SetPos                              0x08005fcd   Thumb Code    40  oled.o(i.OLED_SetPos)
    OLED_ShowStr                             0x08005ff5   Thumb Code   228  oled.o(i.OLED_ShowStr)
    PLL                                      0x080060e1   Thumb Code   302  stm32g4xx_it.o(i.PLL)
    PendSV_Handler                           0x08006231   Thumb Code     2  stm32g4xx_it.o(i.PendSV_Handler)
    SOGI                                     0x0800629d   Thumb Code    94  stm32g4xx_it.o(i.SOGI)
    SVC_Handler                              0x08006305   Thumb Code     2  stm32g4xx_it.o(i.SVC_Handler)
    SysTick_Handler                          0x08006307   Thumb Code     8  stm32g4xx_it.o(i.SysTick_Handler)
    SystemClock_Config                       0x0800630f   Thumb Code   108  main.o(i.SystemClock_Config)
    SystemInit                               0x0800637d   Thumb Code    14  system_stm32g4xx.o(i.SystemInit)
    TIM2_IRQHandler                          0x08006391   Thumb Code   190  stm32g4xx_it.o(i.TIM2_IRQHandler)
    TIM3_IRQHandler                          0x08006479   Thumb Code    76  stm32g4xx_it.o(i.TIM3_IRQHandler)
    TIM_Base_SetConfig                       0x080064dd   Thumb Code   188  stm32g4xx_hal_tim.o(i.TIM_Base_SetConfig)
    TIM_ETR_SetConfig                        0x080065bd   Thumb Code    22  stm32g4xx_hal_tim.o(i.TIM_ETR_SetConfig)
    UART_AdvFeatureConfig                    0x08006695   Thumb Code   248  stm32g4xx_hal_uart.o(i.UART_AdvFeatureConfig)
    UART_CheckIdleState                      0x0800678d   Thumb Code   118  stm32g4xx_hal_uart.o(i.UART_CheckIdleState)
    UART_SetConfig                           0x080069b9   Thumb Code   922  stm32g4xx_hal_uart.o(i.UART_SetConfig)
    UART_WaitOnFlagUntilTimeout              0x08006d81   Thumb Code   254  stm32g4xx_hal_uart.o(i.UART_WaitOnFlagUntilTimeout)
    USART3_IRQHandler                        0x08006e81   Thumb Code    10  stm32g4xx_it.o(i.USART3_IRQHandler)
    UsageFault_Handler                       0x08006e91   Thumb Code     4  stm32g4xx_it.o(i.UsageFault_Handler)
    WriteCmd                                 0x08006e95   Thumb Code    32  oled.o(i.WriteCmd)
    WriteDat                                 0x08006eb9   Thumb Code    32  oled.o(i.WriteDat)
    __ARM_fpclassifyf                        0x08006edd   Thumb Code    38  fpclassifyf.o(i.__ARM_fpclassifyf)
    __hardfp_cosf                            0x08006f3d   Thumb Code   280  cosf.o(i.__hardfp_cosf)
    __hardfp_sinf                            0x0800708d   Thumb Code   344  sinf.o(i.__hardfp_sinf)
    __mathlib_flt_infnan                     0x0800721d   Thumb Code     6  funder.o(i.__mathlib_flt_infnan)
    __mathlib_flt_invalid                    0x08007225   Thumb Code    10  funder.o(i.__mathlib_flt_invalid)
    __mathlib_flt_underflow                  0x08007235   Thumb Code    10  funder.o(i.__mathlib_flt_underflow)
    __mathlib_rredf2                         0x08007245   Thumb Code   316  rredf.o(i.__mathlib_rredf2)
    main                                     0x08007399   Thumb Code   188  main.o(i.main)
    _fp_init                                 0x08007479   Thumb Code    10  fpinit.o(x$fpl$fpinit)
    __fplib_config_fpu_vfp                   0x08007481   Thumb Code     0  fpinit.o(x$fpl$fpinit)
    __fplib_config_pureend_doubles           0x08007481   Thumb Code     0  fpinit.o(x$fpl$fpinit)
    F6x8                                     0x08007482   Data         552  oled.o(.constdata)
    __I$use$fp                               0x08007482   Number         0  usenofp.o(x$fpl$usenofp)
    F8X16                                    0x080076aa   Data        1520  oled.o(.constdata)
    UARTPrescTable                           0x08007c9a   Data          24  stm32g4xx_hal_uart.o(.constdata)
    AHBPrescTable                            0x08007cc2   Data          16  system_stm32g4xx.o(.constdata)
    APBPrescTable                            0x08007cd2   Data           8  system_stm32g4xx.o(.constdata)
    Region$$Table$$Base                      0x08007cfc   Number         0  anon$$obj.o(Region$$Table)
    Region$$Table$$Limit                     0x08007d1c   Number         0  anon$$obj.o(Region$$Table)
    KpPLL                                    0x20000000   Data           4  stm32g4xx_it.o(.data)
    KiPLL                                    0x20000004   Data           4  stm32g4xx_it.o(.data)
    tempData                                 0x20000008   Data          20  stm32g4xx_it.o(.data)
    sinetable                                0x2000001c   Data        4000  stm32g4xx_it.o(.data)
    uwTick                                   0x20000fc8   Data           4  stm32g4xx_hal.o(.data)
    uwTickPrio                               0x20000fcc   Data           4  stm32g4xx_hal.o(.data)
    uwTickFreq                               0x20000fd0   Data           4  stm32g4xx_hal.o(.data)
    SystemCoreClock                          0x20000ff0   Data           4  system_stm32g4xx.o(.data)
    ADC_ConvertedValue                       0x20000ff4   Data          10  main.o(.bss)
    hadc1                                    0x20001000   Data         108  adc.o(.bss)
    hdma_adc1                                0x2000106c   Data          96  adc.o(.bss)
    hhrtim1                                  0x200010cc   Data         252  hrtim.o(.bss)
    hi2c1                                    0x200011c8   Data          76  i2c.o(.bss)
    htim2                                    0x20001214   Data          76  tim.o(.bss)
    htim3                                    0x20001260   Data          76  tim.o(.bss)
    huart3                                   0x200012ac   Data         144  usart.o(.bss)
    hdma_usart3_tx                           0x2000133c   Data          96  usart.o(.bss)
    __libspace_start                         0x200013f4   Data          96  libspace.o(.bss)
    __temporary_stack_top$libspace           0x20001454   Data           0  libspace.o(.bss)



==============================================================================

Memory Map of the image

  Image Entry point : 0x080001d9

  Load Region LR_IROM1 (Base: 0x08000000, Size: 0x00008d10, Max: 0x00020000, ABSOLUTE, COMPRESSED[0x000088c0])

    Execution Region ER_IROM1 (Exec base: 0x08000000, Load base: 0x08000000, Size: 0x00007d1c, Max: 0x00020000, ABSOLUTE)

    Exec Addr    Load Addr    Size         Type   Attr      Idx    E Section Name        Object

    0x08000000   0x08000000   0x000001d8   Data   RO            3    RESET               startup_stm32g474xx.o
    0x080001d8   0x080001d8   0x00000008   Code   RO        11437  * !!!main             c_w.l(__main.o)
    0x080001e0   0x080001e0   0x00000034   Code   RO        11840    !!!scatter          c_w.l(__scatter.o)
    0x08000214   0x08000214   0x00000064   Code   RO        11838    !!dclz77c           c_w.l(__dclz77c.o)
    0x08000278   0x08000278   0x0000001c   Code   RO        11842    !!handler_zi        c_w.l(__scatter_zi.o)
    0x08000294   0x08000294   0x00000002   Code   RO        11709    .ARM.Collect$$libinit$$00000000  c_w.l(libinit.o)
    0x08000296   0x08000296   0x00000004   Code   RO        11718    .ARM.Collect$$libinit$$00000001  c_w.l(libinit2.o)
    0x0800029a   0x0800029a   0x00000000   Code   RO        11721    .ARM.Collect$$libinit$$00000004  c_w.l(libinit2.o)
    0x0800029a   0x0800029a   0x00000000   Code   RO        11724    .ARM.Collect$$libinit$$0000000A  c_w.l(libinit2.o)
    0x0800029a   0x0800029a   0x00000000   Code   RO        11726    .ARM.Collect$$libinit$$0000000C  c_w.l(libinit2.o)
    0x0800029a   0x0800029a   0x00000000   Code   RO        11728    .ARM.Collect$$libinit$$0000000E  c_w.l(libinit2.o)
    0x0800029a   0x0800029a   0x00000000   Code   RO        11731    .ARM.Collect$$libinit$$00000011  c_w.l(libinit2.o)
    0x0800029a   0x0800029a   0x00000000   Code   RO        11733    .ARM.Collect$$libinit$$00000013  c_w.l(libinit2.o)
    0x0800029a   0x0800029a   0x00000000   Code   RO        11735    .ARM.Collect$$libinit$$00000015  c_w.l(libinit2.o)
    0x0800029a   0x0800029a   0x00000000   Code   RO        11737    .ARM.Collect$$libinit$$00000017  c_w.l(libinit2.o)
    0x0800029a   0x0800029a   0x00000000   Code   RO        11739    .ARM.Collect$$libinit$$00000019  c_w.l(libinit2.o)
    0x0800029a   0x0800029a   0x00000000   Code   RO        11741    .ARM.Collect$$libinit$$0000001B  c_w.l(libinit2.o)
    0x0800029a   0x0800029a   0x00000000   Code   RO        11743    .ARM.Collect$$libinit$$0000001D  c_w.l(libinit2.o)
    0x0800029a   0x0800029a   0x00000000   Code   RO        11745    .ARM.Collect$$libinit$$0000001F  c_w.l(libinit2.o)
    0x0800029a   0x0800029a   0x00000000   Code   RO        11747    .ARM.Collect$$libinit$$00000021  c_w.l(libinit2.o)
    0x0800029a   0x0800029a   0x00000000   Code   RO        11749    .ARM.Collect$$libinit$$00000023  c_w.l(libinit2.o)
    0x0800029a   0x0800029a   0x00000000   Code   RO        11751    .ARM.Collect$$libinit$$00000025  c_w.l(libinit2.o)
    0x0800029a   0x0800029a   0x00000000   Code   RO        11755    .ARM.Collect$$libinit$$0000002C  c_w.l(libinit2.o)
    0x0800029a   0x0800029a   0x00000000   Code   RO        11757    .ARM.Collect$$libinit$$0000002E  c_w.l(libinit2.o)
    0x0800029a   0x0800029a   0x00000000   Code   RO        11759    .ARM.Collect$$libinit$$00000030  c_w.l(libinit2.o)
    0x0800029a   0x0800029a   0x00000000   Code   RO        11761    .ARM.Collect$$libinit$$00000032  c_w.l(libinit2.o)
    0x0800029a   0x0800029a   0x00000002   Code   RO        11762    .ARM.Collect$$libinit$$00000033  c_w.l(libinit2.o)
    0x0800029c   0x0800029c   0x00000002   Code   RO        11793    .ARM.Collect$$libshutdown$$00000000  c_w.l(libshutdown.o)
    0x0800029e   0x0800029e   0x00000000   Code   RO        11819    .ARM.Collect$$libshutdown$$00000002  c_w.l(libshutdown2.o)
    0x0800029e   0x0800029e   0x00000000   Code   RO        11821    .ARM.Collect$$libshutdown$$00000004  c_w.l(libshutdown2.o)
    0x0800029e   0x0800029e   0x00000000   Code   RO        11823    .ARM.Collect$$libshutdown$$00000006  c_w.l(libshutdown2.o)
    0x0800029e   0x0800029e   0x00000000   Code   RO        11826    .ARM.Collect$$libshutdown$$00000009  c_w.l(libshutdown2.o)
    0x0800029e   0x0800029e   0x00000000   Code   RO        11829    .ARM.Collect$$libshutdown$$0000000C  c_w.l(libshutdown2.o)
    0x0800029e   0x0800029e   0x00000000   Code   RO        11831    .ARM.Collect$$libshutdown$$0000000E  c_w.l(libshutdown2.o)
    0x0800029e   0x0800029e   0x00000000   Code   RO        11834    .ARM.Collect$$libshutdown$$00000011  c_w.l(libshutdown2.o)
    0x0800029e   0x0800029e   0x00000002   Code   RO        11835    .ARM.Collect$$libshutdown$$00000012  c_w.l(libshutdown2.o)
    0x080002a0   0x080002a0   0x00000000   Code   RO        11607    .ARM.Collect$$rtentry$$00000000  c_w.l(__rtentry.o)
    0x080002a0   0x080002a0   0x00000000   Code   RO        11672    .ARM.Collect$$rtentry$$00000002  c_w.l(__rtentry2.o)
    0x080002a0   0x080002a0   0x00000006   Code   RO        11684    .ARM.Collect$$rtentry$$00000004  c_w.l(__rtentry4.o)
    0x080002a6   0x080002a6   0x00000000   Code   RO        11674    .ARM.Collect$$rtentry$$00000009  c_w.l(__rtentry2.o)
    0x080002a6   0x080002a6   0x00000004   Code   RO        11675    .ARM.Collect$$rtentry$$0000000A  c_w.l(__rtentry2.o)
    0x080002aa   0x080002aa   0x00000000   Code   RO        11677    .ARM.Collect$$rtentry$$0000000C  c_w.l(__rtentry2.o)
    0x080002aa   0x080002aa   0x00000008   Code   RO        11678    .ARM.Collect$$rtentry$$0000000D  c_w.l(__rtentry2.o)
    0x080002b2   0x080002b2   0x00000002   Code   RO        11710    .ARM.Collect$$rtexit$$00000000  c_w.l(rtexit.o)
    0x080002b4   0x080002b4   0x00000000   Code   RO        11766    .ARM.Collect$$rtexit$$00000002  c_w.l(rtexit2.o)
    0x080002b4   0x080002b4   0x00000004   Code   RO        11767    .ARM.Collect$$rtexit$$00000003  c_w.l(rtexit2.o)
    0x080002b8   0x080002b8   0x00000006   Code   RO        11768    .ARM.Collect$$rtexit$$00000004  c_w.l(rtexit2.o)
    0x080002be   0x080002be   0x00000002   PAD
    0x080002c0   0x080002c0   0x00000040   Code   RO            4    .text               startup_stm32g474xx.o
    0x08000300   0x08000300   0x000000ee   Code   RO        11421    .text               c_w.l(lludivv7m.o)
    0x080003ee   0x080003ee   0x0000004e   Code   RO        11433    .text               c_w.l(rt_memclr_w.o)
    0x0800043c   0x0800043c   0x00000006   Code   RO        11435    .text               c_w.l(heapauxi.o)
    0x08000442   0x08000442   0x00000016   Code   RO        11612    .text               c_w.l(_rserrno.o)
    0x08000458   0x08000458   0x00000008   Code   RO        11691    .text               c_w.l(rt_errno_addr_intlibspace.o)
    0x08000460   0x08000460   0x00000008   Code   RO        11693    .text               c_w.l(libspace.o)
    0x08000468   0x08000468   0x0000004a   Code   RO        11696    .text               c_w.l(sys_stackheap_outer.o)
    0x080004b2   0x080004b2   0x00000012   Code   RO        11698    .text               c_w.l(exit.o)
    0x080004c4   0x080004c4   0x0000000c   Code   RO        11763    .text               c_w.l(sys_exit.o)
    0x080004d0   0x080004d0   0x00000002   Code   RO        11782    .text               c_w.l(use_no_semi.o)
    0x080004d2   0x080004d2   0x00000000   Code   RO        11784    .text               c_w.l(indicate_semi.o)
    0x080004d2   0x080004d2   0x00000092   Code   RO          750    i.ADC_DMAConvCplt   stm32g4xx_hal_adc.o
    0x08000564   0x08000564   0x0000001e   Code   RO          751    i.ADC_DMAError      stm32g4xx_hal_adc.o
    0x08000582   0x08000582   0x0000000e   Code   RO          752    i.ADC_DMAHalfConvCplt  stm32g4xx_hal_adc.o
    0x08000590   0x08000590   0x00000094   Code   RO          753    i.ADC_Disable       stm32g4xx_hal_adc.o
    0x08000624   0x08000624   0x00000084   Code   RO          754    i.ADC_Enable        stm32g4xx_hal_adc.o
    0x080006a8   0x080006a8   0x00000004   Code   RO          590    i.BusFault_Handler  stm32g4xx_it.o
    0x080006ac   0x080006ac   0x0000001c   Code   RO          591    i.DMA1_Channel1_IRQHandler  stm32g4xx_it.o
    0x080006c8   0x080006c8   0x00000010   Code   RO          592    i.DMA1_Channel2_IRQHandler  stm32g4xx_it.o
    0x080006d8   0x080006d8   0x00000044   Code   RO         2170    i.DMA_CalcDMAMUXChannelBaseAndMask  stm32g4xx_hal_dma.o
    0x0800071c   0x0800071c   0x00000024   Code   RO         2171    i.DMA_CalcDMAMUXRequestGenBaseAndMask  stm32g4xx_hal_dma.o
    0x08000740   0x08000740   0x00000040   Code   RO         2172    i.DMA_SetConfig     stm32g4xx_hal_dma.o
    0x08000780   0x08000780   0x00000002   Code   RO          593    i.DebugMon_Handler  stm32g4xx_it.o
    0x08000782   0x08000782   0x00000006   Code   RO          256    i.Error_Handler     main.o
    0x08000788   0x08000788   0x0000005a   Code   RO         2817    i.GetTimerIdxFromDMAHandle  stm32g4xx_hal_hrtim.o
    0x080007e2   0x080007e2   0x00000002   PAD
    0x080007e4   0x080007e4   0x000000b0   Code   RO         1032    i.HAL_ADCEx_Calibration_Start  stm32g4xx_hal_adc_ex.o
    0x08000894   0x08000894   0x000001b8   Code   RO         1049    i.HAL_ADCEx_MultiModeConfigChannel  stm32g4xx_hal_adc_ex.o
    0x08000a4c   0x08000a4c   0x0000057c   Code   RO          756    i.HAL_ADC_ConfigChannel  stm32g4xx_hal_adc.o
    0x08000fc8   0x08000fc8   0x00000002   Code   RO          757    i.HAL_ADC_ConvCpltCallback  stm32g4xx_hal_adc.o
    0x08000fca   0x08000fca   0x00000002   Code   RO          758    i.HAL_ADC_ConvHalfCpltCallback  stm32g4xx_hal_adc.o
    0x08000fcc   0x08000fcc   0x00000002   Code   RO          760    i.HAL_ADC_ErrorCallback  stm32g4xx_hal_adc.o
    0x08000fce   0x08000fce   0x00000002   PAD
    0x08000fd0   0x08000fd0   0x000002c4   Code   RO          765    i.HAL_ADC_Init      stm32g4xx_hal_adc.o
    0x08001294   0x08001294   0x00000100   Code   RO          345    i.HAL_ADC_MspInit   adc.o
    0x08001394   0x08001394   0x00000158   Code   RO          773    i.HAL_ADC_Start_DMA  stm32g4xx_hal_adc.o
    0x080014ec   0x080014ec   0x00000076   Code   RO         2173    i.HAL_DMA_Abort     stm32g4xx_hal_dma.o
    0x08001562   0x08001562   0x00000094   Code   RO         2174    i.HAL_DMA_Abort_IT  stm32g4xx_hal_dma.o
    0x080015f6   0x080015f6   0x000000fe   Code   RO         2178    i.HAL_DMA_IRQHandler  stm32g4xx_hal_dma.o
    0x080016f4   0x080016f4   0x000000d0   Code   RO         2179    i.HAL_DMA_Init      stm32g4xx_hal_dma.o
    0x080017c4   0x080017c4   0x000000c2   Code   RO         2183    i.HAL_DMA_Start_IT  stm32g4xx_hal_dma.o
    0x08001886   0x08001886   0x00000002   PAD
    0x08001888   0x08001888   0x00000028   Code   RO         1278    i.HAL_Delay         stm32g4xx_hal.o
    0x080018b0   0x080018b0   0x000001cc   Code   RO         2035    i.HAL_GPIO_Init     stm32g4xx_hal_gpio.o
    0x08001a7c   0x08001a7c   0x0000000a   Code   RO         2039    i.HAL_GPIO_WritePin  stm32g4xx_hal_gpio.o
    0x08001a86   0x08001a86   0x00000002   PAD
    0x08001a88   0x08001a88   0x0000000c   Code   RO         1282    i.HAL_GetTick       stm32g4xx_hal.o
    0x08001a94   0x08001a94   0x00000148   Code   RO         2818    i.HAL_HRTIM_ADCPostScalerConfig  stm32g4xx_hal_hrtim.o
    0x08001bdc   0x08001bdc   0x0000026e   Code   RO         2819    i.HAL_HRTIM_ADCTriggerConfig  stm32g4xx_hal_hrtim.o
    0x08001e4a   0x08001e4a   0x00000002   Code   RO         2825    i.HAL_HRTIM_BurstModePeriodCallback  stm32g4xx_hal_hrtim.o
    0x08001e4c   0x08001e4c   0x00000002   Code   RO         2827    i.HAL_HRTIM_Capture1EventCallback  stm32g4xx_hal_hrtim.o
    0x08001e4e   0x08001e4e   0x00000002   Code   RO         2828    i.HAL_HRTIM_Capture2EventCallback  stm32g4xx_hal_hrtim.o
    0x08001e50   0x08001e50   0x00000002   Code   RO         2830    i.HAL_HRTIM_Compare1EventCallback  stm32g4xx_hal_hrtim.o
    0x08001e52   0x08001e52   0x00000002   Code   RO         2831    i.HAL_HRTIM_Compare2EventCallback  stm32g4xx_hal_hrtim.o
    0x08001e54   0x08001e54   0x00000002   Code   RO         2832    i.HAL_HRTIM_Compare3EventCallback  stm32g4xx_hal_hrtim.o
    0x08001e56   0x08001e56   0x00000002   Code   RO         2833    i.HAL_HRTIM_Compare4EventCallback  stm32g4xx_hal_hrtim.o
    0x08001e58   0x08001e58   0x00000002   Code   RO         2834    i.HAL_HRTIM_CounterResetCallback  stm32g4xx_hal_hrtim.o
    0x08001e5a   0x08001e5a   0x00000002   Code   RO         2835    i.HAL_HRTIM_DLLCalibrationReadyCallback  stm32g4xx_hal_hrtim.o
    0x08001e5c   0x08001e5c   0x00000080   Code   RO         2836    i.HAL_HRTIM_DLLCalibrationStart  stm32g4xx_hal_hrtim.o
    0x08001edc   0x08001edc   0x000000ac   Code   RO         2839    i.HAL_HRTIM_DeadTimeConfig  stm32g4xx_hal_hrtim.o
    0x08001f88   0x08001f88   0x00000002   Code   RO         2840    i.HAL_HRTIM_DelayedProtectionCallback  stm32g4xx_hal_hrtim.o
    0x08001f8a   0x08001f8a   0x00000002   Code   RO         2841    i.HAL_HRTIM_ErrorCallback  stm32g4xx_hal_hrtim.o
    0x08001f8c   0x08001f8c   0x00000002   Code   RO         2848    i.HAL_HRTIM_Fault1Callback  stm32g4xx_hal_hrtim.o
    0x08001f8e   0x08001f8e   0x00000002   Code   RO         2849    i.HAL_HRTIM_Fault2Callback  stm32g4xx_hal_hrtim.o
    0x08001f90   0x08001f90   0x00000002   Code   RO         2850    i.HAL_HRTIM_Fault3Callback  stm32g4xx_hal_hrtim.o
    0x08001f92   0x08001f92   0x00000002   Code   RO         2851    i.HAL_HRTIM_Fault4Callback  stm32g4xx_hal_hrtim.o
    0x08001f94   0x08001f94   0x00000002   Code   RO         2852    i.HAL_HRTIM_Fault5Callback  stm32g4xx_hal_hrtim.o
    0x08001f96   0x08001f96   0x00000002   Code   RO         2853    i.HAL_HRTIM_Fault6Callback  stm32g4xx_hal_hrtim.o
    0x08001f98   0x08001f98   0x00000028   Code   RO         2868    i.HAL_HRTIM_IRQHandler  stm32g4xx_hal_hrtim.o
    0x08001fc0   0x08001fc0   0x0000010c   Code   RO         2869    i.HAL_HRTIM_Init    stm32g4xx_hal_hrtim.o
    0x080020cc   0x080020cc   0x00000044   Code   RO          411    i.HAL_HRTIM_MspInit  hrtim.o
    0x08002110   0x08002110   0x0000007c   Code   RO          412    i.HAL_HRTIM_MspPostInit  hrtim.o
    0x0800218c   0x0800218c   0x00000002   Code   RO         2872    i.HAL_HRTIM_Output1ResetCallback  stm32g4xx_hal_hrtim.o
    0x0800218e   0x0800218e   0x00000002   Code   RO         2873    i.HAL_HRTIM_Output1SetCallback  stm32g4xx_hal_hrtim.o
    0x08002190   0x08002190   0x00000002   Code   RO         2874    i.HAL_HRTIM_Output2ResetCallback  stm32g4xx_hal_hrtim.o
    0x08002192   0x08002192   0x00000002   Code   RO         2875    i.HAL_HRTIM_Output2SetCallback  stm32g4xx_hal_hrtim.o
    0x08002194   0x08002194   0x0000004a   Code   RO         2878    i.HAL_HRTIM_PollForDLLCalibration  stm32g4xx_hal_hrtim.o
    0x080021de   0x080021de   0x00000002   Code   RO         2879    i.HAL_HRTIM_RegistersUpdateCallback  stm32g4xx_hal_hrtim.o
    0x080021e0   0x080021e0   0x00000002   Code   RO         2880    i.HAL_HRTIM_RepetitionEventCallback  stm32g4xx_hal_hrtim.o
    0x080021e2   0x080021e2   0x00000002   Code   RO         2918    i.HAL_HRTIM_SynchronizationEventCallback  stm32g4xx_hal_hrtim.o
    0x080021e4   0x080021e4   0x00000002   Code   RO         2919    i.HAL_HRTIM_SystemFaultCallback  stm32g4xx_hal_hrtim.o
    0x080021e6   0x080021e6   0x0000003a   Code   RO         2920    i.HAL_HRTIM_TimeBaseConfig  stm32g4xx_hal_hrtim.o
    0x08002220   0x08002220   0x000001f8   Code   RO         2926    i.HAL_HRTIM_WaveformCompareConfig  stm32g4xx_hal_hrtim.o
    0x08002418   0x08002418   0x0000016c   Code   RO         2928    i.HAL_HRTIM_WaveformCountStart_DMA  stm32g4xx_hal_hrtim.o
    0x08002584   0x08002584   0x000000a4   Code   RO         2929    i.HAL_HRTIM_WaveformCountStart_IT  stm32g4xx_hal_hrtim.o
    0x08002628   0x08002628   0x00000054   Code   RO         2935    i.HAL_HRTIM_WaveformOutputConfig  stm32g4xx_hal_hrtim.o
    0x0800267c   0x0800267c   0x00000040   Code   RO         2936    i.HAL_HRTIM_WaveformOutputStart  stm32g4xx_hal_hrtim.o
    0x080026bc   0x080026bc   0x000000d8   Code   RO         2939    i.HAL_HRTIM_WaveformTimerConfig  stm32g4xx_hal_hrtim.o
    0x08002794   0x08002794   0x00000054   Code   RO         2940    i.HAL_HRTIM_WaveformTimerControl  stm32g4xx_hal_hrtim.o
    0x080027e8   0x080027e8   0x0000006a   Code   RO         4147    i.HAL_I2CEx_ConfigAnalogFilter  stm32g4xx_hal_i2c_ex.o
    0x08002852   0x08002852   0x00000068   Code   RO         4148    i.HAL_I2CEx_ConfigDigitalFilter  stm32g4xx_hal_i2c_ex.o
    0x080028ba   0x080028ba   0x00000002   PAD
    0x080028bc   0x080028bc   0x000000c4   Code   RO         3696    i.HAL_I2C_Init      stm32g4xx_hal_i2c.o
    0x08002980   0x08002980   0x00000198   Code   RO         3717    i.HAL_I2C_Mem_Write  stm32g4xx_hal_i2c.o
    0x08002b18   0x08002b18   0x000000cc   Code   RO          459    i.HAL_I2C_MspInit   i2c.o
    0x08002be4   0x08002be4   0x00000018   Code   RO         1285    i.HAL_IncTick       stm32g4xx_hal.o
    0x08002bfc   0x08002bfc   0x0000001e   Code   RO         1286    i.HAL_Init          stm32g4xx_hal.o
    0x08002c1a   0x08002c1a   0x00000002   PAD
    0x08002c1c   0x08002c1c   0x00000058   Code   RO         1287    i.HAL_InitTick      stm32g4xx_hal.o
    0x08002c74   0x08002c74   0x00000044   Code   RO          725    i.HAL_MspInit       stm32g4xx_hal_msp.o
    0x08002cb8   0x08002cb8   0x00000028   Code   RO         2682    i.HAL_NVIC_EnableIRQ  stm32g4xx_hal_cortex.o
    0x08002ce0   0x08002ce0   0x0000007a   Code   RO         2688    i.HAL_NVIC_SetPriority  stm32g4xx_hal_cortex.o
    0x08002d5a   0x08002d5a   0x00000002   PAD
    0x08002d5c   0x08002d5c   0x00000028   Code   RO         2689    i.HAL_NVIC_SetPriorityGrouping  stm32g4xx_hal_cortex.o
    0x08002d84   0x08002d84   0x00000118   Code   RO         2438    i.HAL_PWREx_ControlVoltageScaling  stm32g4xx_hal_pwr_ex.o
    0x08002e9c   0x08002e9c   0x00000014   Code   RO         2450    i.HAL_PWREx_DisableUCPDDeadBattery  stm32g4xx_hal_pwr_ex.o
    0x08002eb0   0x08002eb0   0x00000418   Code   RO         1636    i.HAL_RCCEx_PeriphCLKConfig  stm32g4xx_hal_rcc_ex.o
    0x080032c8   0x080032c8   0x00000224   Code   RO         1506    i.HAL_RCC_ClockConfig  stm32g4xx_hal_rcc.o
    0x080034ec   0x080034ec   0x0000000c   Code   RO         1512    i.HAL_RCC_GetHCLKFreq  stm32g4xx_hal_rcc.o
    0x080034f8   0x080034f8   0x00000024   Code   RO         1514    i.HAL_RCC_GetPCLK1Freq  stm32g4xx_hal_rcc.o
    0x0800351c   0x0800351c   0x00000024   Code   RO         1515    i.HAL_RCC_GetPCLK2Freq  stm32g4xx_hal_rcc.o
    0x08003540   0x08003540   0x00000098   Code   RO         1516    i.HAL_RCC_GetSysClockFreq  stm32g4xx_hal_rcc.o
    0x080035d8   0x080035d8   0x00000568   Code   RO         1519    i.HAL_RCC_OscConfig  stm32g4xx_hal_rcc.o
    0x08003b40   0x08003b40   0x00000034   Code   RO         2693    i.HAL_SYSTICK_Config  stm32g4xx_hal_cortex.o
    0x08003b74   0x08003b74   0x00000002   Code   RO         4928    i.HAL_TIMEx_Break2Callback  stm32g4xx_hal_tim_ex.o
    0x08003b76   0x08003b76   0x00000002   Code   RO         4929    i.HAL_TIMEx_BreakCallback  stm32g4xx_hal_tim_ex.o
    0x08003b78   0x08003b78   0x00000002   Code   RO         4930    i.HAL_TIMEx_CommutCallback  stm32g4xx_hal_tim_ex.o
    0x08003b7a   0x08003b7a   0x00000002   Code   RO         4941    i.HAL_TIMEx_DirectionChangeCallback  stm32g4xx_hal_tim_ex.o
    0x08003b7c   0x08003b7c   0x00000002   Code   RO         4955    i.HAL_TIMEx_EncoderIndexCallback  stm32g4xx_hal_tim_ex.o
    0x08003b7e   0x08003b7e   0x00000002   Code   RO         4969    i.HAL_TIMEx_IndexErrorCallback  stm32g4xx_hal_tim_ex.o
    0x08003b80   0x08003b80   0x000000d8   Code   RO         4970    i.HAL_TIMEx_MasterConfigSynchronization  stm32g4xx_hal_tim_ex.o
    0x08003c58   0x08003c58   0x00000002   Code   RO         4991    i.HAL_TIMEx_TransitionErrorCallback  stm32g4xx_hal_tim_ex.o
    0x08003c5a   0x08003c5a   0x0000006e   Code   RO         4203    i.HAL_TIM_Base_Init  stm32g4xx_hal_tim.o
    0x08003cc8   0x08003cc8   0x00000078   Code   RO          501    i.HAL_TIM_Base_MspInit  tim.o
    0x08003d40   0x08003d40   0x000000b4   Code   RO         4208    i.HAL_TIM_Base_Start_IT  stm32g4xx_hal_tim.o
    0x08003df4   0x08003df4   0x0000013c   Code   RO         4212    i.HAL_TIM_ConfigClockSource  stm32g4xx_hal_tim.o
    0x08003f30   0x08003f30   0x00000002   Code   RO         4237    i.HAL_TIM_IC_CaptureCallback  stm32g4xx_hal_tim.o
    0x08003f32   0x08003f32   0x00000240   Code   RO         4251    i.HAL_TIM_IRQHandler  stm32g4xx_hal_tim.o
    0x08004172   0x08004172   0x00000002   Code   RO         4254    i.HAL_TIM_OC_DelayElapsedCallback  stm32g4xx_hal_tim.o
    0x08004174   0x08004174   0x00000002   Code   RO         4281    i.HAL_TIM_PWM_PulseFinishedCallback  stm32g4xx_hal_tim.o
    0x08004176   0x08004176   0x00000002   Code   RO         4289    i.HAL_TIM_PeriodElapsedCallback  stm32g4xx_hal_tim.o
    0x08004178   0x08004178   0x00000002   Code   RO         4294    i.HAL_TIM_TriggerCallback  stm32g4xx_hal_tim.o
    0x0800417a   0x0800417a   0x0000004e   Code   RO         5782    i.HAL_UARTEx_DisableFifoMode  stm32g4xx_hal_uart_ex.o
    0x080041c8   0x080041c8   0x00000002   Code   RO         5366    i.HAL_UARTEx_RxEventCallback  stm32g4xx_hal_uart.o
    0x080041ca   0x080041ca   0x00000002   Code   RO         5789    i.HAL_UARTEx_RxFifoFullCallback  stm32g4xx_hal_uart_ex.o
    0x080041cc   0x080041cc   0x0000005e   Code   RO         5790    i.HAL_UARTEx_SetRxFifoThreshold  stm32g4xx_hal_uart_ex.o
    0x0800422a   0x0800422a   0x0000005e   Code   RO         5791    i.HAL_UARTEx_SetTxFifoThreshold  stm32g4xx_hal_uart_ex.o
    0x08004288   0x08004288   0x00000002   Code   RO         5793    i.HAL_UARTEx_TxFifoEmptyCallback  stm32g4xx_hal_uart_ex.o
    0x0800428a   0x0800428a   0x00000002   Code   RO         5794    i.HAL_UARTEx_WakeupCallback  stm32g4xx_hal_uart_ex.o
    0x0800428c   0x0800428c   0x00000002   Code   RO         5382    i.HAL_UART_ErrorCallback  stm32g4xx_hal_uart.o
    0x0800428e   0x0800428e   0x00000002   PAD
    0x08004290   0x08004290   0x00000390   Code   RO         5385    i.HAL_UART_IRQHandler  stm32g4xx_hal_uart.o
    0x08004620   0x08004620   0x00000078   Code   RO         5386    i.HAL_UART_Init     stm32g4xx_hal_uart.o
    0x08004698   0x08004698   0x000000e4   Code   RO          549    i.HAL_UART_MspInit  usart.o
    0x0800477c   0x0800477c   0x000000cc   Code   RO         5396    i.HAL_UART_Transmit_DMA  stm32g4xx_hal_uart.o
    0x08004848   0x08004848   0x00000002   Code   RO         5398    i.HAL_UART_TxCpltCallback  stm32g4xx_hal_uart.o
    0x0800484a   0x0800484a   0x00000002   Code   RO         5399    i.HAL_UART_TxHalfCpltCallback  stm32g4xx_hal_uart.o
    0x0800484c   0x0800484c   0x00000010   Code   RO          594    i.HRTIM1_Master_IRQHandler  stm32g4xx_it.o
    0x0800485c   0x0800485c   0x0000000e   Code   RO         2943    i.HRTIM_DMAError    stm32g4xx_hal_hrtim.o
    0x0800486a   0x0800486a   0x00000090   Code   RO         2944    i.HRTIM_DMAMasterCplt  stm32g4xx_hal_hrtim.o
    0x080048fa   0x080048fa   0x00000196   Code   RO         2945    i.HRTIM_DMATimerxCplt  stm32g4xx_hal_hrtim.o
    0x08004a90   0x08004a90   0x00000094   Code   RO         2947    i.HRTIM_ForceRegistersUpdate  stm32g4xx_hal_hrtim.o
    0x08004b24   0x08004b24   0x00000044   Code   RO         2949    i.HRTIM_GetDMAHandleFromTimerIdx  stm32g4xx_hal_hrtim.o
    0x08004b68   0x08004b68   0x000000c8   Code   RO         2951    i.HRTIM_HRTIM_ISR   stm32g4xx_hal_hrtim.o
    0x08004c30   0x08004c30   0x00000028   Code   RO         2952    i.HRTIM_MasterBase_Config  stm32g4xx_hal_hrtim.o
    0x08004c58   0x08004c58   0x0000009e   Code   RO         2953    i.HRTIM_MasterWaveform_Config  stm32g4xx_hal_hrtim.o
    0x08004cf6   0x08004cf6   0x0000011a   Code   RO         2954    i.HRTIM_Master_ISR  stm32g4xx_hal_hrtim.o
    0x08004e10   0x08004e10   0x00000106   Code   RO         2955    i.HRTIM_OutputConfig  stm32g4xx_hal_hrtim.o
    0x08004f16   0x08004f16   0x000001ee   Code   RO         2957    i.HRTIM_Timer_ISR   stm32g4xx_hal_hrtim.o
    0x08005104   0x08005104   0x00000040   Code   RO         2958    i.HRTIM_TimingUnitBase_Config  stm32g4xx_hal_hrtim.o
    0x08005144   0x08005144   0x0000024c   Code   RO         2960    i.HRTIM_TimingUnitWaveform_Config  stm32g4xx_hal_hrtim.o
    0x08005390   0x08005390   0x0000005a   Code   RO         2961    i.HRTIM_TimingUnitWaveform_Control  stm32g4xx_hal_hrtim.o
    0x080053ea   0x080053ea   0x00000004   Code   RO          595    i.HardFault_Handler  stm32g4xx_it.o
    0x080053ee   0x080053ee   0x00000028   Code   RO         3743    i.I2C_Flush_TXDR    stm32g4xx_hal_i2c.o
    0x08005416   0x08005416   0x00000002   PAD
    0x08005418   0x08005418   0x00000148   Code   RO         3751    i.I2C_IsErrorOccurred  stm32g4xx_hal_i2c.o
    0x08005560   0x08005560   0x0000007c   Code   RO         3755    i.I2C_RequestMemoryWrite  stm32g4xx_hal_i2c.o
    0x080055dc   0x080055dc   0x00000038   Code   RO         3758    i.I2C_TransferConfig  stm32g4xx_hal_i2c.o
    0x08005614   0x08005614   0x0000005e   Code   RO         3760    i.I2C_WaitOnFlagUntilTimeout  stm32g4xx_hal_i2c.o
    0x08005672   0x08005672   0x00000056   Code   RO         3762    i.I2C_WaitOnSTOPFlagUntilTimeout  stm32g4xx_hal_i2c.o
    0x080056c8   0x080056c8   0x0000005a   Code   RO         3763    i.I2C_WaitOnTXISFlagUntilTimeout  stm32g4xx_hal_i2c.o
    0x08005722   0x08005722   0x00000002   PAD
    0x08005724   0x08005724   0x00000010   Code   RO          779    i.LL_ADC_Enable     stm32g4xx_hal_adc.o
    0x08005734   0x08005734   0x0000000a   Code   RO          781    i.LL_ADC_GetMultimode  stm32g4xx_hal_adc.o
    0x0800573e   0x0800573e   0x00000012   Code   RO          782    i.LL_ADC_GetOffsetChannel  stm32g4xx_hal_adc.o
    0x08005750   0x08005750   0x0000000a   Code   RO          783    i.LL_ADC_INJ_IsConversionOngoing  stm32g4xx_hal_adc.o
    0x0800575a   0x0800575a   0x0000000a   Code   RO          784    i.LL_ADC_IsDisableOngoing  stm32g4xx_hal_adc.o
    0x08005764   0x08005764   0x0000000a   Code   RO          785    i.LL_ADC_IsEnabled  stm32g4xx_hal_adc.o
    0x0800576e   0x0800576e   0x0000000a   Code   RO         1062    i.LL_ADC_IsEnabled  stm32g4xx_hal_adc_ex.o
    0x08005778   0x08005778   0x0000000a   Code   RO          786    i.LL_ADC_IsInternalRegulatorEnabled  stm32g4xx_hal_adc.o
    0x08005782   0x08005782   0x0000000a   Code   RO          787    i.LL_ADC_REG_IsConversionOngoing  stm32g4xx_hal_adc.o
    0x0800578c   0x0800578c   0x0000000a   Code   RO         1063    i.LL_ADC_REG_IsConversionOngoing  stm32g4xx_hal_adc_ex.o
    0x08005796   0x08005796   0x00000012   Code   RO          788    i.LL_ADC_REG_IsTriggerSourceSWStart  stm32g4xx_hal_adc.o
    0x080057a8   0x080057a8   0x00000010   Code   RO          789    i.LL_ADC_REG_StartConversion  stm32g4xx_hal_adc.o
    0x080057b8   0x080057b8   0x00000028   Code   RO          791    i.LL_ADC_SetChannelSamplingTime  stm32g4xx_hal_adc.o
    0x080057e0   0x080057e0   0x0000000c   Code   RO          792    i.LL_ADC_SetCommonPathInternalCh  stm32g4xx_hal_adc.o
    0x080057ec   0x080057ec   0x00000016   Code   RO          793    i.LL_ADC_SetOffsetState  stm32g4xx_hal_adc.o
    0x08005802   0x08005802   0x0000000c   Code   RO          794    i.LL_ADC_SetSamplingTimeCommonConfig  stm32g4xx_hal_adc.o
    0x0800580e   0x0800580e   0x00000002   PAD
    0x08005810   0x08005810   0x00000118   Code   RO          346    i.MX_ADC1_Init      adc.o
    0x08005928   0x08005928   0x00000060   Code   RO          386    i.MX_DMA_Init       dma.o
    0x08005988   0x08005988   0x000000a8   Code   RO          320    i.MX_GPIO_Init      gpio.o
    0x08005a30   0x08005a30   0x000002dc   Code   RO          413    i.MX_HRTIM1_Init    hrtim.o
    0x08005d0c   0x08005d0c   0x00000058   Code   RO          460    i.MX_I2C1_Init      i2c.o
    0x08005d64   0x08005d64   0x0000006c   Code   RO          502    i.MX_TIM2_Init      tim.o
    0x08005dd0   0x08005dd0   0x00000070   Code   RO          503    i.MX_TIM3_Init      tim.o
    0x08005e40   0x08005e40   0x0000006c   Code   RO          550    i.MX_USART3_UART_Init  usart.o
    0x08005eac   0x08005eac   0x00000004   Code   RO          596    i.MemManage_Handler  stm32g4xx_it.o
    0x08005eb0   0x08005eb0   0x00000004   Code   RO          597    i.NMI_Handler       stm32g4xx_it.o
    0x08005eb4   0x08005eb4   0x00000010   Code   RO           14    i.OLED_CLS          oled.o
    0x08005ec4   0x08005ec4   0x0000003a   Code   RO           16    i.OLED_Fill         oled.o
    0x08005efe   0x08005efe   0x000000b8   Code   RO           17    i.OLED_Init         oled.o
    0x08005fb6   0x08005fb6   0x00000016   Code   RO           19    i.OLED_ON           oled.o
    0x08005fcc   0x08005fcc   0x00000028   Code   RO           20    i.OLED_SetPos       oled.o
    0x08005ff4   0x08005ff4   0x000000ec   Code   RO           24    i.OLED_ShowStr      oled.o
    0x080060e0   0x080060e0   0x00000150   Code   RO          598    i.PLL               stm32g4xx_it.o
    0x08006230   0x08006230   0x00000002   Code   RO          599    i.PendSV_Handler    stm32g4xx_it.o
    0x08006232   0x08006232   0x00000002   PAD
    0x08006234   0x08006234   0x00000068   Code   RO         1520    i.RCC_GetSysClockFreqFromPLLSource  stm32g4xx_hal_rcc.o
    0x0800629c   0x0800629c   0x00000068   Code   RO          600    i.SOGI              stm32g4xx_it.o
    0x08006304   0x08006304   0x00000002   Code   RO          601    i.SVC_Handler       stm32g4xx_it.o
    0x08006306   0x08006306   0x00000008   Code   RO          602    i.SysTick_Handler   stm32g4xx_it.o
    0x0800630e   0x0800630e   0x0000006c   Code   RO          257    i.SystemClock_Config  main.o
    0x0800637a   0x0800637a   0x00000002   PAD
    0x0800637c   0x0800637c   0x00000014   Code   RO         5900    i.SystemInit        system_stm32g4xx.o
    0x08006390   0x08006390   0x000000e8   Code   RO          603    i.TIM2_IRQHandler   stm32g4xx_it.o
    0x08006478   0x08006478   0x00000064   Code   RO          604    i.TIM3_IRQHandler   stm32g4xx_it.o
    0x080064dc   0x080064dc   0x000000e0   Code   RO         4296    i.TIM_Base_SetConfig  stm32g4xx_hal_tim.o
    0x080065bc   0x080065bc   0x00000016   Code   RO         4307    i.TIM_ETR_SetConfig  stm32g4xx_hal_tim.o
    0x080065d2   0x080065d2   0x00000002   PAD
    0x080065d4   0x080065d4   0x00000018   Code   RO         4308    i.TIM_ITRx_SetConfig  stm32g4xx_hal_tim.o
    0x080065ec   0x080065ec   0x00000026   Code   RO         4316    i.TIM_TI1_ConfigInputStage  stm32g4xx_hal_tim.o
    0x08006612   0x08006612   0x00000028   Code   RO         4318    i.TIM_TI2_ConfigInputStage  stm32g4xx_hal_tim.o
    0x0800663a   0x0800663a   0x00000002   PAD
    0x0800663c   0x0800663c   0x00000058   Code   RO         5795    i.UARTEx_SetNbDataToProcess  stm32g4xx_hal_uart_ex.o
    0x08006694   0x08006694   0x000000f8   Code   RO         5400    i.UART_AdvFeatureConfig  stm32g4xx_hal_uart.o
    0x0800678c   0x0800678c   0x00000076   Code   RO         5401    i.UART_CheckIdleState  stm32g4xx_hal_uart.o
    0x08006802   0x08006802   0x00000018   Code   RO         5402    i.UART_DMAAbortOnError  stm32g4xx_hal_uart.o
    0x0800681a   0x0800681a   0x0000005e   Code   RO         5403    i.UART_DMAError     stm32g4xx_hal_uart.o
    0x08006878   0x08006878   0x00000056   Code   RO         5408    i.UART_DMATransmitCplt  stm32g4xx_hal_uart.o
    0x080068ce   0x080068ce   0x0000000e   Code   RO         5410    i.UART_DMATxHalfCplt  stm32g4xx_hal_uart.o
    0x080068dc   0x080068dc   0x0000006c   Code   RO         5412    i.UART_EndRxTransfer  stm32g4xx_hal_uart.o
    0x08006948   0x08006948   0x00000030   Code   RO         5413    i.UART_EndTransmit_IT  stm32g4xx_hal_uart.o
    0x08006978   0x08006978   0x00000040   Code   RO         5414    i.UART_EndTxTransfer  stm32g4xx_hal_uart.o
    0x080069b8   0x080069b8   0x000003c8   Code   RO         5419    i.UART_SetConfig    stm32g4xx_hal_uart.o
    0x08006d80   0x08006d80   0x000000fe   Code   RO         5426    i.UART_WaitOnFlagUntilTimeout  stm32g4xx_hal_uart.o
    0x08006e7e   0x08006e7e   0x00000002   PAD
    0x08006e80   0x08006e80   0x00000010   Code   RO          605    i.USART3_IRQHandler  stm32g4xx_it.o
    0x08006e90   0x08006e90   0x00000004   Code   RO          606    i.UsageFault_Handler  stm32g4xx_it.o
    0x08006e94   0x08006e94   0x00000024   Code   RO           25    i.WriteCmd          oled.o
    0x08006eb8   0x08006eb8   0x00000024   Code   RO           26    i.WriteDat          oled.o
    0x08006edc   0x08006edc   0x00000026   Code   RO        11649    i.__ARM_fpclassifyf  m_wm.l(fpclassifyf.o)
    0x08006f02   0x08006f02   0x00000002   PAD
    0x08006f04   0x08006f04   0x00000010   Code   RO         2695    i.__NVIC_GetPriorityGrouping  stm32g4xx_hal_cortex.o
    0x08006f14   0x08006f14   0x00000028   Code   RO         2696    i.__NVIC_SetPriority  stm32g4xx_hal_cortex.o
    0x08006f3c   0x08006f3c   0x00000150   Code   RO        11471    i.__hardfp_cosf     m_wm.l(cosf.o)
    0x0800708c   0x0800708c   0x00000190   Code   RO        11559    i.__hardfp_sinf     m_wm.l(sinf.o)
    0x0800721c   0x0800721c   0x00000006   Code   RO        11652    i.__mathlib_flt_infnan  m_wm.l(funder.o)
    0x08007222   0x08007222   0x00000002   PAD
    0x08007224   0x08007224   0x00000010   Code   RO        11654    i.__mathlib_flt_invalid  m_wm.l(funder.o)
    0x08007234   0x08007234   0x00000010   Code   RO        11657    i.__mathlib_flt_underflow  m_wm.l(funder.o)
    0x08007244   0x08007244   0x00000154   Code   RO        11668    i.__mathlib_rredf2  m_wm.l(rredf.o)
    0x08007398   0x08007398   0x000000e0   Code   RO          258    i.main              main.o
    0x08007478   0x08007478   0x0000000a   Code   RO        11778    x$fpl$fpinit        fz_wm.l(fpinit.o)
    0x08007482   0x08007482   0x00000000   Code   RO        11632    x$fpl$usenofp       fz_wm.l(usenofp.o)
    0x08007482   0x08007482   0x00000818   Data   RO           28    .constdata          oled.o
    0x08007c9a   0x08007c9a   0x00000018   Data   RO         5427    .constdata          stm32g4xx_hal_uart.o
    0x08007cb2   0x08007cb2   0x00000010   Data   RO         5797    .constdata          stm32g4xx_hal_uart_ex.o
    0x08007cc2   0x08007cc2   0x00000018   Data   RO         5901    .constdata          system_stm32g4xx.o
    0x08007cda   0x08007cda   0x00000002   PAD
    0x08007cdc   0x08007cdc   0x00000020   Data   RO        11669    .constdata          m_wm.l(rredf.o)
    0x08007cfc   0x08007cfc   0x00000020   Data   RO        11836    Region$$Table       anon$$obj.o


    Execution Region RW_IRAM1 (Exec base: 0x20000000, Load base: 0x08007d1c, Size: 0x00001a58, Max: 0x00020000, ABSOLUTE, COMPRESSED[0x00000ba4])

    Exec Addr    Load Addr    Size         Type   Attr      Idx    E Section Name        Object

    0x20000000   COMPRESSED   0x00000fc8   Data   RW          608    .data               stm32g4xx_it.o
    0x20000fc8   COMPRESSED   0x0000000c   Data   RW         1306    .data               stm32g4xx_hal.o
    0x20000fd4   COMPRESSED   0x0000001c   Data   RW         2962    .data               stm32g4xx_hal_hrtim.o
    0x20000ff0   COMPRESSED   0x00000004   Data   RW         5902    .data               system_stm32g4xx.o
    0x20000ff4        -       0x0000000a   Zero   RW          259    .bss                main.o
    0x20000ffe   COMPRESSED   0x00000002   PAD
    0x20001000        -       0x000000cc   Zero   RW          347    .bss                adc.o
    0x200010cc        -       0x000000fc   Zero   RW          414    .bss                hrtim.o
    0x200011c8        -       0x0000004c   Zero   RW          461    .bss                i2c.o
    0x20001214        -       0x00000098   Zero   RW          504    .bss                tim.o
    0x200012ac        -       0x000000f0   Zero   RW          551    .bss                usart.o
    0x2000139c        -       0x00000058   Zero   RW          607    .bss                stm32g4xx_it.o
    0x200013f4        -       0x00000060   Zero   RW        11694    .bss                c_w.l(libspace.o)
    0x20001454   COMPRESSED   0x00000004   PAD
    0x20001458        -       0x00000200   Zero   RW            2    HEAP                startup_stm32g474xx.o
    0x20001658        -       0x00000400   Zero   RW            1    STACK               startup_stm32g474xx.o


==============================================================================

Image component sizes


      Code (inc. data)   RO Data    RW Data    ZI Data      Debug   Object Name

       536         42          0          0        204       2115   adc.o
        96          6          0          0          0        818   dma.o
       168         10          0          0          0        971   gpio.o
       924         34          0          0        252       3003   hrtim.o
       292         26          0          0         76       1817   i2c.o
       338         36          0          0         10       2345   main.o
       628         16       2072          0          0    1053990   oled.o
        64         26        472          0       1536        852   startup_stm32g474xx.o
       194         32          0         12          0       4377   stm32g4xx_hal.o
      3146        160          0          0          0      85035   stm32g4xx_hal_adc.o
       636         36          0          0          0      69873   stm32g4xx_hal_adc_ex.o
       310         22          0          0          0      34415   stm32g4xx_hal_cortex.o
      1090         22          0          0          0       6374   stm32g4xx_hal_dma.o
       470         32          0          0          0       2076   stm32g4xx_hal_gpio.o
      6268         72          0         28          0      42230   stm32g4xx_hal_hrtim.o
      1422         22          0          0          0       9679   stm32g4xx_hal_i2c.o
       210          0          0          0          0       1971   stm32g4xx_hal_i2c_ex.o
        68          6          0          0          0        866   stm32g4xx_hal_msp.o
       300         18          0          0          0       1425   stm32g4xx_hal_pwr_ex.o
      2272        108          0          0          0       7320   stm32g4xx_hal_rcc.o
      1048         10          0          0          0       1996   stm32g4xx_hal_rcc_ex.o
      1540         88          0          0          0      10543   stm32g4xx_hal_tim.o
       230         34          0          0          0       5596   stm32g4xx_hal_tim_ex.o
      3270         98         24          0          0      34150   stm32g4xx_hal_uart.o
       360         10         16          0          0       5486   stm32g4xx_hal_uart_ex.o
       882        134          0       4040         88      10064   stm32g4xx_it.o
        20          6         24          4          0       1151   system_stm32g4xx.o
       340         20          0          0        152       2427   tim.o
       336         32          0          0        240       1905   usart.o

    ----------------------------------------------------------------------
     27490       1158       2642       4084       2560    1404870   Object Totals
         0          0         32          0          0          0   (incl. Generated)
        32          0          2          0          2          0   (incl. Padding)

    ----------------------------------------------------------------------

      Code (inc. data)   RO Data    RW Data    ZI Data      Debug   Library Member Name

       100          0          0          0          0          0   __dclz77c.o
         8          0          0          0          0         68   __main.o
         0          0          0          0          0          0   __rtentry.o
        12          0          0          0          0          0   __rtentry2.o
         6          0          0          0          0          0   __rtentry4.o
        52          8          0          0          0          0   __scatter.o
        28          0          0          0          0          0   __scatter_zi.o
        22          0          0          0          0        100   _rserrno.o
        18          0          0          0          0         80   exit.o
         6          0          0          0          0        152   heapauxi.o
         0          0          0          0          0          0   indicate_semi.o
         2          0          0          0          0          0   libinit.o
         6          0          0          0          0          0   libinit2.o
         2          0          0          0          0          0   libshutdown.o
         2          0          0          0          0          0   libshutdown2.o
         8          4          0          0         96         68   libspace.o
       238          0          0          0          0        100   lludivv7m.o
         8          4          0          0          0         68   rt_errno_addr_intlibspace.o
        78          0          0          0          0         80   rt_memclr_w.o
         2          0          0          0          0          0   rtexit.o
        10          0          0          0          0          0   rtexit2.o
        12          4          0          0          0         68   sys_exit.o
        74          0          0          0          0         80   sys_stackheap_outer.o
         2          0          0          0          0         68   use_no_semi.o
        10          0          0          0          0        116   fpinit.o
         0          0          0          0          0          0   usenofp.o
       336         56          0          0          0        136   cosf.o
        38          0          0          0          0        116   fpclassifyf.o
        38         12          0          0          0        348   funder.o
       340         24         32          0          0        160   rredf.o
       400         56          0          0          0        212   sinf.o

    ----------------------------------------------------------------------
      1864        168         32          0        100       2020   Library Totals
         6          0          0          0          4          0   (incl. Padding)

    ----------------------------------------------------------------------

      Code (inc. data)   RO Data    RW Data    ZI Data      Debug   Library Name

       696         20          0          0         96        932   c_w.l
        10          0          0          0          0        116   fz_wm.l
      1152        148         32          0          0        972   m_wm.l

    ----------------------------------------------------------------------
      1864        168         32          0        100       2020   Library Totals

    ----------------------------------------------------------------------

==============================================================================


      Code (inc. data)   RO Data    RW Data    ZI Data      Debug   

     29354       1326       2674       4084       2660    1384826   Grand Totals
     29354       1326       2674       2980       2660    1384826   ELF Image Totals (compressed)
     29354       1326       2674       2980          0          0   ROM Totals

==============================================================================

    Total RO  Size (Code + RO Data)                32028 (  31.28kB)
    Total RW  Size (RW Data + ZI Data)              6744 (   6.59kB)
    Total ROM Size (Code + RO Data + RW Data)      35008 (  34.19kB)

==============================================================================

